11-11 10:11:40.452  1580  1580 I InsetsController: onStateChanged: host=StatusBar, from=android.view.ViewRootImpl.handleResized:2789, state=InsetsState: {mDisplayFrame=Rect(0, 0 - 1200, 2000), mDisplayCutout=DisplayCutout{insets=Rect(0, 0 - 0, 0) waterfall=Insets{left=0, top=0, right=0, bottom=0} boundingRect={Bounds=[Rect(0, 0 - 0, 0), Rect(0, 0 - 0, 0), Rect(0, 0 - 0, 0), Rect(0, 0 - 0, 0)]} cutoutPathParserInfo={CutoutPathParserInfo{displayWidth=0 displayHeight=0 physicalDisplayWidth=0 physicalDisplayHeight=0 density={0.0} cutoutSpec={} rotation={0} scale={0.0} physicalPixelDisplaySizeRatio={0.0}}} sideOverrides=null}, mRoundedCorners=RoundedCorners{[RoundedCorner{position=TopLeft, radius=20, center=Point(20, 20)}, RoundedCorner{position=TopRight, radius=20, center=Point(1180, 20)}, RoundedCorner{position=BottomRight, radius=20, center=Point(1180, 1980)}, RoundedCorner{position=BottomLeft, radius=20, center=Point(20, 1980)}]}  mRoundedCornerFrame=Rect(0, 0 - 0, 0), mPrivacyIndicatorBounds=PrivacyIndicatorBounds {static bounds=Rect(1134, 0 - 1200, 36) rotation=0}, mDisplayShape=DisplayShape{ spec=-311912193 displayWidth=1200 displayHeight=2000 physicalPixelDisplaySizeRatio=1.0 rotation=0 offsetX=0 offsetY=0 scale=1.0}, mSources= { InsetsSource: {935b0001 mType=navigationBars mFrame=[0,1928][1200,2000] mVisible=true mFlags= mSideHint=BOTTOM mBoundingRects=null}, InsetsSource: {935b0004 mType=systemGestures mFrame=[0,0][0,0] mVisible=true mFlags= mSideHint=NONE mBoundingRects=null}, InsetsSource: {935b0005 mType=mandatorySystemGestures mFrame=[0,1928][1200,2000] mVisible=true mFlags= mSideHint=BOTTOM mBoundingRects=null}, InsetsSource: {935b0006 mType=tappableElement mFrame=[0,1928][1200,2000] mVisible=true mFlags= mSideHint=BOTTOM mBoundingRects=null}, InsetsSource: {935b0024 mType=systemGestures mFrame=[0,0][0,0] mVisible=true mFlags= mSideHint=NONE mBoundingRects=null}, InsetsSource: {216d0005 mType=mandatorySystemGestures mFrame=[0,0][1200,36] mVisible=true mFlags= mSideHint=TOP mBoundingRects=null} }
11-11 10:11:40.452 28209 28209 D VRI[MainActivity]@f521a5b: Setup new sync=wmsSync-VRI[MainActivity]@f521a5b#4
11-11 10:11:40.452 28209 28209 I VRI[MainActivity]@f521a5b: Creating new active sync group VRI[MainActivity]@f521a5b#5
11-11 10:11:40.453  1580  1580 I VRI[StatusBar]@a71a1a2: handleResized, frames=ClientWindowFrames{frame=[0,0][1200,36] display=[0,0][1200,2000] parentFrame=[0,0][0,0]} displayId=0 dragResizing=false compatScale=1.0 frameChanged=false attachedFrameChanged=false configChanged=true displayChanged=false compatScaleChanged=false dragResizingChanged=false
11-11 10:11:40.453  1197  4652 V WindowManager: Relayout Window{c315c8a u0 com.frontieraudio.heartbeat/com.frontieraudio.heartbeat.MainActivity}: viewVisibility=0 req=1200x2000 ty=1 d0
11-11 10:11:40.453 28209 28209 D VRI[MainActivity]@f521a5b: registerCallbacksForSync syncBuffer=false
11-11 10:11:40.454  1197  1427 D MdnieScenarioControlService: settingDB update
11-11 10:11:40.454  1580  1580 I VRI[StatusBar]@a71a1a2: handleResized mSyncSeqId = 0
11-11 10:11:40.454  2200  2200 I HoneySpace.TaskbarViewModel@150506304@OneUI: updateBGHeight height:72
11-11 10:11:40.454  2200  2200 I HoneySpace.TaskbarPot@95815983: updateLayout() [count=9,gesture=false,hint=true,floating=false,wide=1,isMoreTaskButton=false],iconSize=50
11-11 10:11:40.454  1580  1580 D VRI[StatusBar]@a71a1a2: reportNextDraw android.view.ViewRootImpl.handleResized:2864 android.view.ViewRootImpl.-$$Nest$mhandleResized:0 android.view.ViewRootImpl$W.resized:13691 android.app.servertransaction.WindowStateResizeItem.execute:64 android.app.servertransaction.WindowStateTransactionItem.execute:59 
11-11 10:11:40.455  1580  1580 I VRI[ScreenDecorOverlay]@ecc78de: Resizing android.view.ViewRootImpl@cc74edc: frame = [0,1964][1200,2000] reportDraw = true forceLayout = true syncSeqId = 2
11-11 10:11:40.455  2200  2200 I HoneySpace.TaskbarPot@95815983: initDefaultTaskbar()
11-11 10:11:40.455   835   835 I SehLight: lcd : 69+
11-11 10:11:40.455  1580  1580 I VRI[ScreenDecorOverlayBottom]@cdc1e78: Resizing android.view.ViewRootImpl@9a04490: frame = [0,0][1200,36] reportDraw = true forceLayout = true syncSeqId = 2
11-11 10:11:40.455  1580  2428 I InsetsController: onStateChanged: host=ScreenDecorOverlay, from=android.view.ViewRootImpl.handleResized:2789, state=InsetsState: {mDisplayFrame=Rect(0, 0 - 1200, 2000), mDisplayCutout=DisplayCutout{insets=Rect(0, 0 - 0, 0) waterfall=Insets{left=0, top=0, right=0, bottom=0} boundingRect={Bounds=[Rect(0, 0 - 0, 0), Rect(0, 0 - 0, 0), Rect(0, 0 - 0, 0), Rect(0, 0 - 0, 0)]} cutoutPathParserInfo={CutoutPathParserInfo{displayWidth=0 displayHeight=0 physicalDisplayWidth=0 physicalDisplayHeight=0 density={0.0} cutoutSpec={} rotation={0} scale={0.0} physicalPixelDisplaySizeRatio={0.0}}} sideOverrides=null}, mRoundedCorners=RoundedCorners{[RoundedCorner{position=TopLeft, radius=20, center=Point(20, 20)}, RoundedCorner{position=TopRight, radius=20, center=Point(1180, 20)}, RoundedCorner{position=BottomRight, radius=20, center=Point(1180, 1980)}, RoundedCorner{position=BottomLeft, radius=20, center=Point(20, 1980)}]}  mRoundedCornerFrame=Rect(0, 0 - 0, 0), mPrivacyIndicatorBounds=PrivacyIndicatorBounds {static bounds=Rect(1134, 0 - 1200, 36) rotation=0}, mDisplayShape=DisplayShape{ spec=-311912193 displayWidth=1200 displayHeight=2000 physicalPixelDisplaySizeRatio=1.0 rotation=0 offsetX=0 offsetY=0 scale=1.0}, mSources= { InsetsSource: {935b0004 mType=systemGestures mFrame=[0,0][0,0] mVisible=true mFlags= mSideHint=NONE mBoundingRects=null}, InsetsSource: {935b0005 mType=mandatorySystemGestures mFrame=[0,1928][1200,2000] mVisible=true mFlags= mSideHint=BOTTOM mBoundingRects=null}, InsetsSource: {935b0024 mType=systemGestures mFrame=[0,0][0,0] mVisible=true mFlags= mSideHint=NONE mBoundingRects=null}, InsetsSource: {216d0005 mType=mandatorySystemGestures mFrame=[0,0][1200,36] mVisible=true mFlags= mSideHint=TOP mBoundingRects=null} }
11-11 10:11:40.455  1580  1803 I VRI[ShellDropTarget]@39dfe39: onDisplayChanged oldDisplayState=2 newDisplayState=2
11-11 10:11:40.456  1580  2428 I VRI[ScreenDecorOverlay]@ecc78de: handleResized, frames=ClientWindowFrames{frame=[0,1964][1200,2000] display=[0,0][1200,2000] parentFrame=[0,0][0,0]} displayId=0 dragResizing=false compatScale=1.0 frameChanged=false attachedFrameChanged=false configChanged=true displayChanged=false compatScaleChanged=false dragResizingChanged=false
11-11 10:11:40.456  1197  4652 D BLASTSyncEngine: SyncGroup 170:  Unfinished container: ActivityRecord{fb6e509 u0 com.frontieraudio.heartbeat/.MainActivity t39} mSyncState=2
11-11 10:11:40.457  1580  2428 I VRI[ScreenDecorOverlay]@ecc78de: handleResized mSyncSeqId = 2
11-11 10:11:40.457 28209 28242 D VRI[MainActivity]@f521a5b: Received frameDrawingCallback syncResult=0 frameNum=3.
11-11 10:11:40.457  1580  2428 D VRI[ScreenDecorOverlay]@ecc78de: reportNextDraw android.view.ViewRootImpl.handleResized:2864 android.view.ViewRootImpl.-$$Nest$mhandleResized:0 android.view.ViewRootImpl$ViewRootHandler.handleMessageImpl:8031 android.view.ViewRootImpl$ViewRootHandler.handleMessage:7991 android.os.Handler.dispatchMessage:107 
11-11 10:11:40.457 28209 28242 I VRI[MainActivity]@f521a5b: mWNT: t=0xb400007aad09ce80 mBlastBufferQueue=0xb400007a6ab81e00 fn= 3 HdrRenderState mRenderHdrSdrRatio=1.0 caller= android.view.ViewRootImpl$11.onFrameDraw:15016 android.view.ThreadedRenderer$1.onFrameDraw:761 <bottom of call stack> 
11-11 10:11:40.457 28209 28242 I VRI[MainActivity]@f521a5b: Setting up sync and frameCommitCallback
11-11 10:11:40.457  1580  1884 D StackScroller: onDisplayChanged for predraw skip to 2
11-11 10:11:40.458  1580  2217 I DateTimeView: updateAll - getTimeFormat
11-11 10:11:40.459  1197  4652 V WindowManager: Relayout hash=c315c8a, pid=0, syncId=-1: mAttrs={(0,0)(fillxfill) sim={adjust=pan forwardNavigation} ty=BASE_APPLICATION wanim=0x1030312
11-11 10:11:40.459  1197  4652 V WindowManager:   fl=81810100
11-11 10:11:40.459  1197  4652 V WindowManager:   pfl=100080c0
11-11 10:11:40.459  1197  4652 V WindowManager:   apr=10
11-11 10:11:40.459  1197  4652 V WindowManager:   bhv=1
11-11 10:11:40.459  1197  4652 V WindowManager:   fitSides=0
11-11 10:11:40.459  1197  4652 V WindowManager:   frameRateBoostOnTouch=true
11-11 10:11:40.459  1197  4652 V WindowManager:   dvrrWindowFrameRateHint=true naviIconColor=0
11-11 10:11:40.459  1197  4652 V WindowManager:   sfl=100000}
11-11 10:11:40.459  1197  1427 D MdnieScenarioControlService:  packageName : com.frontieraudio.heartbeat    className : com.frontieraudio.heartbeat.MainActivity
11-11 10:11:40.460  1197  1427 V MdnieScenarioControlService: setUIMode from UI function(3)
11-11 10:11:40.461  1580  2428 I InsetsController: onStateChanged: host=ScreenDecorOverlayBottom, from=android.view.ViewRootImpl.handleResized:2789, state=InsetsState: {mDisplayFrame=Rect(0, 0 - 1200, 2000), mDisplayCutout=DisplayCutout{insets=Rect(0, 0 - 0, 0) waterfall=Insets{left=0, top=0, right=0, bottom=0} boundingRect={Bounds=[Rect(0, 0 - 0, 0), Rect(0, 0 - 0, 0), Rect(0, 0 - 0, 0), Rect(0, 0 - 0, 0)]} cutoutPathParserInfo={CutoutPathParserInfo{displayWidth=0 displayHeight=0 physicalDisplayWidth=0 physicalDisplayHeight=0 density={0.0} cutoutSpec={} rotation={0} scale={0.0} physicalPixelDisplaySizeRatio={0.0}}} sideOverrides=null}, mRoundedCorners=RoundedCorners{[RoundedCorner{position=TopLeft, radius=20, center=Point(20, 20)}, RoundedCorner{position=TopRight, radius=20, center=Point(1180, 20)}, RoundedCorner{position=BottomRight, radius=20, center=Point(1180, 1980)}, RoundedCorner{position=BottomLeft, radius=20, center=Point(20, 1980)}]}  mRoundedCornerFrame=Rect(0, 0 - 0, 0), mPrivacyIndicatorBounds=PrivacyIndicatorBounds {static bounds=Rect(1134, 0 - 1200, 36) rotation=0}, mDisplayShape=DisplayShape{ spec=-311912193 displayWidth=1200 displayHeight=2000 physicalPixelDisplaySizeRatio=1.0 rotation=0 offsetX=0 offsetY=0 scale=1.0}, mSources= { InsetsSource: {935b0004 mType=systemGestures mFrame=[0,0][0,0] mVisible=true mFlags= mSideHint=NONE mBoundingRects=null}, InsetsSource: {935b0005 mType=mandatorySystemGestures mFrame=[0,1928][1200,2000] mVisible=true mFlags= mSideHint=BOTTOM mBoundingRects=null}, InsetsSource: {935b0024 mType=systemGestures mFrame=[0,0][0,0] mVisible=true mFlags= mSideHint=NONE mBoundingRects=null}, InsetsSource: {216d0005 mType=mandatorySystemGestures mFrame=[0,0][1200,36] mVisible=true mFlags= mSideHint=TOP mBoundingRects=null} }
11-11 10:11:40.462  1580  2217 D QSClockBellTower: onReceive(android.intent.action.CONFIGURATION_CHANGED) mTimeZoneString:America/Chicago
11-11 10:11:40.462 28209 28224 I VRI[MainActivity]@f521a5b: Received frameCommittedCallback lastAttemptedDrawFrameNum=3 didProduceBuffer=true
11-11 10:11:40.462   895   895 I SurfaceFlinger: [LayerHierarchy{RequestedLayerState{WindowToken{5bda4fd type=2000 android.os.BinderProxy@1b5b4a7}#86 parentId=1839} 1 children}] reparent to LayerHierarchy{RequestedLayerState{Surface(name=WindowToken{5bda4fd type=2000 android.os.BinderProxy@1b5b4a7})/@0xd5d0a35 - animation-leash of token_transform#1839 parentId=19} 1 children}
11-11 10:11:40.462   895   895 I SurfaceFlinger: [LayerHierarchy{RequestedLayerState{WindowToken{cdfec4d type=2024 android.os.BinderProxy@fdac033}#106 parentId=1838} 1 children}] reparent to LayerHierarchy{RequestedLayerState{Surface(name=WindowToken{cdfec4d type=2024 android.os.BinderProxy@fdac033})/@0x477c650 - animation-leash of token_transform#1838 parentId=31} 1 children}
11-11 10:11:40.462   895   895 I SurfaceFlinger: [LayerHierarchy{RequestedLayerState{WindowToken{da878ac type=2226 android.os.BinderProxy@301265f}#111 parentId=1837 z=1} 1 children}] reparent to LayerHierarchy{RequestedLayerState{Surface(name=WindowToken{da878ac type=2226 android.os.BinderProxy@301265f})/@0x218146e - animation-leash of token_transform#1837 parentId=30 z=1} 1 children}
11-11 10:11:40.463 28209 28209 D VRI[MainActivity]@f521a5b: reportDrawFinished seqId=0
11-11 10:11:40.463 28209 28209 I VRI[MainActivity]@f521a5b: onDisplayChanged oldDisplayState=2 newDisplayState=2
11-11 10:11:40.464  1580  1580 I BLASTBufferQueue_Java: update, w= 1200 h= 36 mName = VRI[StatusBar]@a71a1a2 mNativeObject= 0xb40000794dc84c00 sc.mNativeObject= 0xb40000794dca8e00 format= -3 caller= android.view.ViewRootImpl.updateBlastSurfaceIfNeeded:3386 android.view.ViewRootImpl.relayoutWindow:11361 android.view.ViewRootImpl.performTraversals:4544 android.view.ViewRootImpl.doTraversal:3708 android.view.ViewRootImpl$TraversalRunnable.run:12542 android.view.Choreographer$CallbackRecord.run:1751 
11-11 10:11:40.464  1197  2399 V WindowManager: Relayout Window{5fef443 u0 StatusBar}: viewVisibility=0 req=1200x36 ty=2000 d0
11-11 10:11:40.464  1580  1580 I VRI[StatusBar]@a71a1a2: Relayout returned: old=(0,0,1200,36) new=(0,0,1200,36) relayoutAsync=true req=(1200,36)0 dur=0 res=0x0 s={true 0xb40000794dcc3000} ch=false seqId=0
11-11 10:11:40.464  1580  1580 D VRI[StatusBar]@a71a1a2: mThreadedRenderer.updateSurface() mSurface={isValid=true 0xb40000794dcc3000}
11-11 10:11:40.465  1580  1580 D VRI[StatusBar]@a71a1a2: Setup new sync=wmsSync-VRI[StatusBar]@a71a1a2#63
11-11 10:11:40.465  1580  1580 I VRI[StatusBar]@a71a1a2: Creating new active sync group VRI[StatusBar]@a71a1a2#64
11-11 10:11:40.466   835   835 I SehLight: lcd : 69-
11-11 10:11:40.467  1197  1351 D ActivityManager: Received SERVICE intent 0x39acf82 Key{startService pkg=com.samsung.android.app.routines intent=act=android.intent.action.CONFIGURATION_CHANGED cmp=com.samsung.android.app.routines/.domainmodel.service.RoutineService flags=0x2000000 u=0} requestCode=10007 from uid 1000
11-11 10:11:40.467  1580  1580 D VRI[StatusBar]@a71a1a2: registerCallbacksForSync syncBuffer=false
11-11 10:11:40.467  1197  1351 D SEP_UNION_SemDeviceInfoManagerService: Send intent android.intent.action.CONFIGURATION_CHANGED, userId: 0 by broadcast 
11-11 10:11:40.468 24697 24697 I Routine@Core[4.8.02.28]: RoutineService: onCreate
11-11 10:11:40.468  2200  2200 I HoneySpace.TaskbarControllerImpl: updateTaskbarState() : floatingTaskbarState:Hidden
11-11 10:11:40.468 24697 24697 I Routine@Core[4.8.02.28]: RoutineService: onStartCommand: android.intent.action.CONFIGURATION_CHANGED
11-11 10:11:40.469 24697 24770 I Routine@Core[4.8.02.28]: DynamicShortcutsUpdater: onUpdate: shortcutUpdateType=CONFIG_CHANGED
11-11 10:11:40.469  1580  2428 I VRI[ScreenDecorOverlayBottom]@cdc1e78: handleResized, frames=ClientWindowFrames{frame=[0,0][1200,36] display=[0,0][1200,2000] parentFrame=[0,0][0,0]} displayId=0 dragResizing=false compatScale=1.0 frameChanged=false attachedFrameChanged=false configChanged=true displayChanged=false compatScaleChanged=false dragResizingChanged=false
11-11 10:11:40.469  1580  2428 I VRI[ScreenDecorOverlayBottom]@cdc1e78: handleResized mSyncSeqId = 2
11-11 10:11:40.471   835   835 I SehLight: lcd : 68+
11-11 10:11:40.471  1197  2399 D BLASTSyncEngine: SyncGroup 170:  Unfinished container: ActivityRecord{fb6e509 u0 com.frontieraudio.heartbeat/.MainActivity t39} mSyncState=2
11-11 10:11:40.471  2200  2200 I HoneySpace.TaskbarControllerImpl: updateTaskbarState() touchRegionHeight to 72
11-11 10:11:40.472  2200  2200 I HoneySpace.TaskbarView@254019915: initProperties false
11-11 10:11:40.472  1580  2276 D VRI[StatusBar]@a71a1a2: Received frameDrawingCallback syncResult=0 frameNum=3238.
11-11 10:11:40.472  2200  2200 I HoneySpace.TaskbarView@254019915: resetProperties
11-11 10:11:40.472  1580  2428 D VRI[ScreenDecorOverlayBottom]@cdc1e78: reportNextDraw android.view.ViewRootImpl.handleResized:2864 android.view.ViewRootImpl.-$$Nest$mhandleResized:0 android.view.ViewRootImpl$ViewRootHandler.handleMessageImpl:8031 android.view.ViewRootImpl$ViewRootHandler.handleMessage:7991 android.os.Handler.dispatchMessage:107 
11-11 10:11:40.472  2200  2200 I HoneySpace.TaskbarPot@95815983: update layout state = 1
11-11 10:11:40.472  2200  2200 I HoneySpace.TaskbarPot@95815983: updateLayout() [count=9,gesture=false,hint=true,floating=false,wide=1,isMoreTaskButton=false],iconSize=50
11-11 10:11:40.472  1580  2276 I VRI[StatusBar]@a71a1a2: mWNT: t=0xb40000794fc2c200 mBlastBufferQueue=0xb40000794dc84c00 fn= 3238 HdrRenderState mRenderHdrSdrRatio=1.0 caller= android.view.ViewRootImpl$11.onFrameDraw:15016 android.view.ThreadedRenderer$1.onFrameDraw:761 <bottom of call stack> 
11-11 10:11:40.472  1580  2428 I VRI[ScreenDecorOverlay]@ecc78de: onDisplayChanged oldDisplayState=2 newDisplayState=2
11-11 10:11:40.472  1580  2276 I VRI[StatusBar]@a71a1a2: Setting up sync and frameCommitCallback
11-11 10:11:40.472  1580  2428 I VRI[ScreenDecorOverlayBottom]@cdc1e78: onDisplayChanged oldDisplayState=2 newDisplayState=2
11-11 10:11:40.472  2200  2200 I HoneySpace.TaskbarViewModel@150506304@OneUI: updateBGHeight height:72
11-11 10:11:40.472  2200  2200 I HoneySpace.AttachToTaskbarWindow: Already Taskbar Tips is shown.
11-11 10:11:40.472  2200  2200 I HoneySpace.TaskbarStateChangeAnimator: already task bar state true
11-11 10:11:40.473  2200  2200 I HoneySpace.HotseatPot@54631455: Taskbar ConfigurationChanged :: TASKBAR
11-11 10:11:40.473  2200  2200 I HoneySpace.HotseatViewModel@27118626@OneUI: updateItem updateRank=false updateDb=false, MAIN, parentType=TASKBAR, notifySibling=false
11-11 10:11:40.473  1197  2881 D WindowManager: finishDrawingWindow: Window{c315c8a u0 com.frontieraudio.heartbeat/com.frontieraudio.heartbeat.MainActivity} mDrawState=DRAW_PENDING seqId=0
11-11 10:11:40.473  1197  2881 I WindowManager: finishDrawing of orientation change: Window{c315c8a u0 com.frontieraudio.heartbeat/com.frontieraudio.heartbeat.MainActivity} 46ms
11-11 10:11:40.473  2200  2200 I HoneySpace.TabletIconStyleFactory: init densityDpi=240, LargeSizePx = 2000
11-11 10:11:40.474 24697 24697 I Routine@Core[4.8.02.28]: RoutineService: onDestroy
11-11 10:11:40.474  2200  2200 I HoneySpace.WhiteBgColorChanger: changeTextColor, isDarkColor = true, isThemeText = true, IconStyle = LabelStyle(hideLabel=true, orientation=0, maxLine=1, textColor=-1, textSize=0.0, shadowRadius=0.0, shadowDx=0.0, shadowDy=0.0, shadowColor=0, applyThemeLabel=true, originalTextSize=12.5)
11-11 10:11:40.474  2200  2200 I HoneySpace.TabletLayoutInfo: updateAppIconSize taskbar : true, iconSize : 50, windowBound : (android.view.ContextThemeWrapper, WindowBounds width=1200 height=2000, bounds=Rect(0, 0 - 1200, 2000), insets=Insets{left=0, top=36, right=0, bottom=72}, systemInsets=Insets{left=0, top=36, right=0, bottom=72}, cutout=Rect(0, 0 - 0, 0), gestureActionInsets=Insets{left=0, top=36, right=0, bottom=72}, insetsIgnoreCutout=Insets{left=0, top=36, right=0, bottom=72}, baseScreenSize=Point(1200, 1928)screenSizeIncludeCutout: Point(1200, 1928))
11-11 10:11:40.474  2200  2200 I HoneySpace.HotseatViewModel@27118626@OneUI: updateLayoutStyle() [TASKBAR]: count = 9, currentDisplayGrid = null, iconSize = 50, iconSize-Taskbar = 50taskbar height = 72
11-11 10:11:40.475  1197  3425 V WindowManager: Relayout Window{28093d8 u0 ScreenDecorOverlay}: viewVisibility=0 req=1200x36 ty=2024 d0
11-11 10:11:40.475  2200  2200 I HoneySpace.TabletIconStyleFactory: init densityDpi=240, LargeSizePx = 2000
11-11 10:11:40.475  2200  2200 I HoneySpace.WhiteBgColorChanger: changeTextColor, isDarkColor = true, isThemeText = true, IconStyle = LabelStyle(hideLabel=true, orientation=0, maxLine=1, textColor=-1, textSize=0.0, shadowRadius=0.0, shadowDx=0.0, shadowDy=0.0, shadowColor=0, applyThemeLabel=true, originalTextSize=12.5)
11-11 10:11:40.475  2200  2200 I HoneySpace.TabletLayoutInfo: updateAppIconSize taskbar : true, iconSize : 50, windowBound : (android.view.ContextThemeWrapper, WindowBounds width=1200 height=2000, bounds=Rect(0, 0 - 1200, 2000), insets=Insets{left=0, top=36, right=0, bottom=72}, systemInsets=Insets{left=0, top=36, right=0, bottom=72}, cutout=Rect(0, 0 - 0, 0), gestureActionInsets=Insets{left=0, top=36, right=0, bottom=72}, insetsIgnoreCutout=Insets{left=0, top=36, right=0, bottom=72}, baseScreenSize=Point(1200, 1928)screenSizeIncludeCutout: Point(1200, 1928))
11-11 10:11:40.475  2200  2200 I HoneySpace.HotseatViewModel@27118626@OneUI: updateLayoutStyle() [TASKBAR]: count = 9, currentDisplayGrid = null, iconSize = 50, iconSize-Taskbar = 50taskbar height = 72
11-11 10:11:40.476  2200  2200 I HoneySpace.TabletIconStyleFactory: init densityDpi=240, LargeSizePx = 2000
11-11 10:11:40.476  2200  2200 I HoneySpace.WhiteBgColorChanger: changeTextColor, isDarkColor = true, isThemeText = true, IconStyle = LabelStyle(hideLabel=true, orientation=0, maxLine=1, textColor=-1, textSize=0.0, shadowRadius=0.0, shadowDx=0.0, shadowDy=0.0, shadowColor=0, applyThemeLabel=true, originalTextSize=12.5)
11-11 10:11:40.476  2200  2200 I HoneySpace.TabletLayoutInfo: updateAppIconSize taskbar : true, iconSize : 50, windowBound : (android.view.ContextThemeWrapper, WindowBounds width=1200 height=2000, bounds=Rect(0, 0 - 1200, 2000), insets=Insets{left=0, top=36, right=0, bottom=72}, systemInsets=Insets{left=0, top=36, right=0, bottom=72}, cutout=Rect(0, 0 - 0, 0), gestureActionInsets=Insets{left=0, top=36, right=0, bottom=72}, insetsIgnoreCutout=Insets{left=0, top=36, right=0, bottom=72}, baseScreenSize=Point(1200, 1928)screenSizeIncludeCutout: Point(1200, 1928))
11-11 10:11:40.476  2200  2200 I HoneySpace.HotseatViewModel@27118626@OneUI: updateLayoutStyle() [TASKBAR]: count = 9, currentDisplayGrid = null, iconSize = 50, iconSize-Taskbar = 50taskbar height = 72
11-11 10:11:40.476  2200  2200 I HoneySpace.HistoryCellLayout@93937357: updateViewWidth :: width = 222, animate = false
11-11 10:11:40.476  2200  2200 I HoneySpace.HotseatCellLayout@137508764: updateViewWidth :: width = 444, animate = false
11-11 10:11:40.477  1197  2399 V WindowManager: Relayout hash=5fef443, pid=0, syncId=-1: mAttrs={(0,0)(fillx36) gr=TOP CENTER_VERTICAL sim={adjust=pan} layoutInDisplayCutoutMode=always ty=STATUS_BAR fmt=TRANSLUCENT
11-11 10:11:40.477  1197  2399 V WindowManager:   fl=81000008
11-11 10:11:40.477  1197  2399 V WindowManager:   pfl=11000000
11-11 10:11:40.477  1197  2399 V WindowManager:   bhv=1
11-11 10:11:40.477  1197  2399 V WindowManager:   providedInsets:
11-11 10:11:40.477  1197  2399 V WindowManager:     InsetsFrameProvider: {id=#216d0000, index=0, type=statusBars, source=FRAME, flags=[], insetsSize=Insets{left=0, top=36, right=0, bottom=0}}
11-11 10:11:40.477  1197  2399 V WindowManager:     InsetsFrameProvider: {id=#216d0006, index=0, type=tappableElement, source=FRAME, flags=[], insetsSize=Insets{left=0, top=36, right=0, bottom=0}}
11-11 10:11:40.477  1197  2399 V WindowManager:     InsetsFrameProvider: {id=#216d0005, index=0, type=mandatorySystemGestures, source=FRAME, flags=[], mMinimalInsetsSizeInDisplayCutoutSafe=Insets{left=0, top=18, right=0, bottom=0}}
11-11 10:11:40.477  1197  2399 V WindowManager:   frameRateBoostOnTouch=true
11-11 10:11:40.477  1197  2399 V WindowManager:   dvrrWindowFrameRateHint=true
11-11 10:11:40.477  1197  2399 V WindowManager:   paramsForRotation:
11-11 10:11:40.477  1197  2399 V WindowManager:     ROTATION_0={(0,0)(fillx36) gr=TOP CENTER_VERTICAL layoutInDisplayCutoutMode=always ty=STATUS_BAR fmt=TRANSLUCENT
11-11 10:11:40.477  1197  2399 V WindowManager:       fl=80000008
11-11 10:11:40.477  1197  2399 V WindowManager:       pfl=11000000
11-11 10:11:40.477  1197  2399 V WindowManager:       bhv=1
11-11 10:11:40.477  1197  2399 V WindowManager:       providedInsets:
11-11 10:11:40.477  1197  2399 V WindowManager:         InsetsFrameProvider: {id=#216d0000, index=0, type=statusBars, source=FRAME, flags=[], insetsSize=Insets{left=0, top=36, right=0, bottom=0}}
11-11 10:11:40.477  1197  2399 V WindowManager:         InsetsFrameProvider: {id=#216d0006, index=0, type=tappableElement, source=FRAME, flags=[], insetsSize=Insets{left=0, top=36, right=0, bottom=0}}
11-11 10:11:40.477  1197  2399 V WindowManager:         InsetsFrameProvider: {id=#216d0005, index=0, type=mandatorySystemGestures, source=FRAME, flags=[], insetsSize=Insets{left=0, top=36, right=0, bottom=0}, mMinimalInsetsSizeInDisplayCutoutSafe=Insets{left=0, top=18, right=0, bottom=0}}
11-11 10:11:40.477  1197  2399 V WindowManager:       frameRateBoostOnTouch=true
11-11 10:11:40.477  1197  2399 V WindowManager:       dvrrWindowFrameRateHint=true naviIconColor=0}
11-11 10:11:40.477  1197  2399 V WindowManager:     ROTATION_90={(0,0)(fillx36) gr=TOP CENTER_VERTICAL layoutInDisplayCutoutMode=always ty=STATUS_BAR fmt=TRANSLUCENT
11-11 10:11:40.477  1197  2399 V WindowManager:       fl=80000008
11-11 10:11:40.477  1197  2399 V WindowManager:       pfl=11000000
11-11 10:11:40.477  1197  2399 V WindowManager:       bhv=1
11-11 10:11:40.477  1197  2399 V WindowManager:       providedInsets:
11-11 10:11:40.477  1197  2399 V WindowManager:         InsetsFrameProvider: {id=#216d0000, index=0, type=statusBars, source=FRAME, flags=[], insetsSize=Insets{left=0, top=36, right=0, bottom=0}}
11-11 10:11:40.477  1197  2399 V WindowManager:         InsetsFrameProvider: {id=#216d0006, index=0, type=tappableElement, source=FRAME, flags=[], insetsSize=Insets{left=0, top=36, right=0, bottom=0}}
11-11 10:11:40.477  1197  2399 V WindowManager:         InsetsFrameProvider: {id=#216d0005, index=0, type=mandatorySystemGestures, source=FRAME, flags=[], insetsSize=Insets{left=0, top=36, right=0, bottom=0}, mMinimalInsetsSizeInDisplayCutoutSafe=Insets{left=0, top=18, right=0, bottom=0}}
11-11 10:11:40.477  1197  2399 V WindowManager:       frameRateBoostOnTouch=true
11-11 10:11:40.477  1197  2399 V WindowManager:       dvrrWindowFrameRateHint=true naviIconColor=0}
11-11 10:11:40.477  1197  2399 V WindowManager:     ROTATION_180={(0,0)(fillx36) gr=TOP CENTER_VERTICAL layoutInDisplayCutoutMode=always ty=STATUS_BAR fmt=TRANSLUCENT
11-11 10:11:40.477  1197  2399 V WindowManager:       fl=80000008
11-11 10:11:40.477  1197  2399 V WindowManager:       pfl=11000000
11-11 10:11:40.477  1197  2399 V WindowManager:       bhv=1
11-11 10:11:40.477  1197  2399 V WindowManager:       providedInsets:
11-11 10:11:40.477  1197  2399 V WindowManager:         InsetsFrameProvider: {id=#216d0000, index=0, type=statusBars, source=FRAME, flags=[], insetsSize=Insets{left=0, top=36, right=0, bottom=0}}
11-11 10:11:40.477  1197  2399 V WindowManager:         InsetsFrameProvider: {id=#216d0006, index=0, type=tappableElement, source=FRAME, flags=[], insetsSize=Insets{left=0, top=36, right=0, bottom=0}}
11-11 10:11:40.477  1197  2399 V WindowManager:         InsetsFrameProvider: {id=#216d0005, index=0, type=mandatorySystemGestures, source=FRAME, flags=[], insetsSize=Insets{left=0, top=36, right=0, bottom=0}, mMinimalInsetsSizeInDisplayCutoutSafe=Insets{left=0, top=18, right=0, bottom=0}}
11-11 10:11:40.477  1197  2399 V WindowManager:       frameRateBoostOnTouch=true
11-11 10:11:40.477  1197  2399 V WindowManager:       dvrrWindowFrameRateHint=true naviIconColor=0}
11-11 10:11:40.477  1197  2399 V WindowManager:     ROTATION_270={(0,0)(fillx36) gr=TOP CENTER_VERTICAL layoutInDisplayCutoutMode=always ty=STATUS_BAR fmt=TRANSLUCENT
11-11 10:11:40.477  1197  2399 V WindowManager:       fl=80000008
11-11 10:11:40.477  1197  2399 V WindowManager:       pfl=11000000
11-11 10:11:40.477  1197  2399 V WindowManager:       bhv=1
11-11 10:11:40.477  1197  2399 V WindowManager:       providedInsets:
11-11 10:11:40.477  1197  2399 V WindowManager:         InsetsFrameProvider: {id=#216d0000, index=0, type=statusBars, source=FRAME, flags=[], insetsSize=Insets{left=0, top=36, right=0, bottom=0}}
11-11 10:11:40.477  1197  2399 V WindowManager:         InsetsFrameProvider: {id=#216d0006, index=0, type=tappableElement, source=FRAME, flags=[], insetsSize=Insets{left=0, top=36, right=0, bottom=0}}
11-11 10:11:40.477  1197  2399 V WindowManager:         InsetsFrameProvider: {id=#216d0005, index=0, type=mandatorySystemGestures, source=FRAME, flags=[], insetsSize=Insets{left=0, top=36, right=0, bottom=0}, mMinimalInsetsSizeInDisplayCutoutSafe=Insets{left=0, top=18, right=0, bottom=0}}
11-11 10:11:40.477  1197  2399 V WindowManager:       frameRateBoostOnTouch=true
11-11 10:11:40.477  1197  2399 V WindowManager:       dvrrWindowFrameRateHint=true naviIconColor=0} naviIconColor=0}
11-11 10:11:40.477  2200  2200 I HoneySpace.HotseatCellLayout@137508764: scaleIconSize() itemSize=50, [TASKBAR], animate=false, notifyIconSizeUpdated=true
11-11 10:11:40.477  1197  3425 V WindowManager: performShowLocked: mDrawState=HAS_DRAWN in Window{c315c8a u0 com.frontieraudio.heartbeat/com.frontieraudio.heartbeat.MainActivity}
11-11 10:11:40.477  2200  2200 I HoneySpace.HistoryCellLayout@93937357: scaleIconSize() iconSize=50, [TASKBAR]
11-11 10:11:40.479  1197  3425 V WindowManager: SyncGroup 170: Finished!
11-11 10:11:40.479  2200  2200 I HoneySpace.EdgePanel.ConfigurationObserver: EdgeConfigOperation.ConfigChanged false false false false false
11-11 10:11:40.480  2200  2200 I HoneySpace.EdgePanel.EdgePot: updateData config_changed
11-11 10:11:40.480  2200  2200 I HoneySpace.EdgePanel.EdgeVisibilityRepository: updateContainer 0 4
11-11 10:11:40.480  2200  2200 I HoneySpace.EdgePanel.EdgeContainerViewModel: containerState current 0 new 4
11-11 10:11:40.480  2200  2200 I HoneySpace.EdgePanel.EdgePot: Container state 4
11-11 10:11:40.480  1197  2399 V SystemKeyManager: requestSystemKeyEvent() is called keyCode=3 componentName=ComponentInfo{com.sec.android.app.launcher/com.samsung.app.honeyspace.edge.edgepanel.app.CocktailBarService} request=false
11-11 10:11:40.480  1580  1879 I VRI[StatusBar]@a71a1a2: Received frameCommittedCallback lastAttemptedDrawFrameNum=3238 didProduceBuffer=true
11-11 10:11:40.481  1197  2399 V SystemKeyManager: requestSystemKeyEvent() is called keyCode=187 componentName=ComponentInfo{com.sec.android.app.launcher/com.samsung.app.honeyspace.edge.edgepanel.app.CocktailBarService} request=false
11-11 10:11:40.481  1580  1580 D VRI[StatusBar]@a71a1a2: reportDrawFinished seqId=0
11-11 10:11:40.481 24697 24697 I Routine@Core[4.8.02.28]: Routine: onTrimMemory: level : 40
11-11 10:11:40.481   895   895 I BpBinder: onLastStrongRef automatically unlinking death recipients: 
11-11 10:11:40.481  1197  3425 D ChangeTransitionController: onTransactionReady: TransitionRecord{f1730ae id=170 type=CHANGE flags=0x0}
11-11 10:11:40.481  2200  2200 I HoneySpace.EdgePanel.CapturedBlur: updateBlurBackground: false false
11-11 10:11:40.481  2200  2200 I HoneySpace.EdgePanel.EdgeWindowController: updateHideWindow
11-11 10:11:40.482  1580  1580 D SecVolume.VolumePanelStore: dispatch [ACTION_CONFIGURATION_CHANGED with [STATE_NO_DISPATCH], currentAction={isFromOutside : true}, currentState={activeStream=-1(vol=null), stream=-1(vol=null) } isSetupWizardComplete : true, isVoiceCapable : true, activeStream : -1, ringerModeInternal : 0, earProtectLevel : 909, coverType : 0, systemTimeNow : 25184}
11-11 10:11:40.482  1580  1580 D SecVolume.ConfigurationWrapper: this=[ nightMode=false, orientation=1, density=240, fontScale=1.15, locale=en_US, displayType=-1 ] / density=240, fontScale=1.15, locale=en_US, nightMode=false
11-11 10:11:40.482  1580  1580 D SecVolume.VolumePanelStore:   > New State : [STATE_NO_DISPATCH]
11-11 10:11:40.482  2200  2200 I HoneySpace.EdgePanel.EdgeWindowController: handleUpdateWindowParam
11-11 10:11:40.482  1580  1580 D DisplayLifecycle: updateDisplay id = 0
11-11 10:11:40.482   835   835 I SehLight: lcd : 68-
11-11 10:11:40.482  1197  3425 V WindowManager: Start calculating TransitionInfo based on participants: {Display{#0 state=ON size=1200x2000 ROTATION_0}, Task{89e730e #39 type=standard A=10300:com.frontieraudio.heartbeat}, ActivityRecord{fb6e509 u0 com.frontieraudio.heartbeat/.MainActivity t39}}
11-11 10:11:40.482  1197  2399 D WifiDisplayAdapter: isFitToActiveDisplayLocked : false
11-11 10:11:40.482  1580  1580 D DisplayLifecycle: updateSmartViewFitToActiveDisplay : false
11-11 10:11:40.482  2200  2200 I HoneySpace.EdgePanel.EdgeWindowController: updateTouchRect: dynamicInputRegion=111097278@LastEvent=t=1762877496138Rect(32, 0 - 67, 242),Rect=Rect(0, 0 - 0, 0)
11-11 10:11:40.482  1197  3425 V WindowManager:   Final targets: [Task{89e730e #39 type=standard A=10300:com.frontieraudio.heartbeat}, DefaultTaskDisplayArea_d0@45111650, Display{#0 state=ON size=1200x2000 ROTATION_0}]
11-11 10:11:40.483  1580  1580 D DisplayLifecycle: updateCacheVariables id = 0, display = Display id 0: DisplayInfo{"Built-in Screen", displayId 0, displayGroupId 0, FLAG_SECURE, FLAG_SUPPORTS_PROTECTED_BUFFERS, FLAG_TRUSTED, real 1200 x 2000, largest app 2000 x 2000, smallest app 1200 x 1200, appVsyncOff 0, presDeadline 17666667, mode 1, renderFrameRate 60.0, defaultMode 1, userPreferredModeId -1, supportedModes [{id=1, width=1200, height=2000, fps=60.0, vsync=60.0, synthetic=false, alternativeRefreshRates=[], supportedHdrTypes=[]}], appsSupportedModes [{id=1, width=1200, height=2000, fps=60.0, vsync=60.0, synthetic=false, alternativeRefreshRates=[], supportedHdrTypes=[]}], hdrCapabilities HdrCapabilities{mSupportedHdrTypes=[], mMaxLuminance=500.0, mMaxAverageLuminance=500.0, mMinLuminance=0.0}, userDisabledHdrTypes [], minimalPostProcessingSupported false, rotation 0, state ON, committedState ON}, DisplayMetrics{density=1.5, width=1200, height=2000, scaledDensity=1.5, xdpi=225.777, ydpi=224.778}, isValid=true, size = Point(1200, 2000), realSize = Point(1200, 2000), rotation = 0
11-11 10:11:40.483  1197  2399 D TspStateManager: holeName: com.sec.android.app.launcher, direction: 0, startY: 0, endY: 0
11-11 10:11:40.483   835   835 I SehLight: lcd : 67+
11-11 10:11:40.483  1580  1580 I VRI[LockscreenShortcutBlur]@21a6d34: onDisplayChanged oldDisplayState=2 newDisplayState=2
11-11 10:11:40.483  1580  1580 I VRI[NotificationShade]@8c5f34a: onDisplayChanged oldDisplayState=2 newDisplayState=2
11-11 10:11:40.483   895  2419 I SurfaceFlinger: id=1841 createSurf, flag=84004, Transition Root: Display 0 name="Built-in Screen"#1841
11-11 10:11:40.483  1580  1580 I VRI[StatusBar]@a71a1a2: onDisplayChanged oldDisplayState=2 newDisplayState=2
11-11 10:11:40.483  2200  2200 I HoneySpace.EdgePanel.EdgeVisibilityRepository: updateContainer 4 0
11-11 10:11:40.484  2200  2200 I HoneySpace.EdgePanel.EdgeContainerViewModel: containerState current 4 new 0
11-11 10:11:40.484  2200  2200 I HoneySpace.EdgePanel.EdgePot: Container state 0
11-11 10:11:40.484  1197 28277 D SemInputDeviceManager: setProperty: (0) CMD,GRIP_DATA,0,0,0,0
11-11 10:11:40.484  2200  2200 I HoneySpace.EdgePanel.CapturedBlur: updateBlurBackground: false false
11-11 10:11:40.485  1580  1580 D QSClockBellTower: He is ready to ring the bell. (((QSClockBellSound - TimeText:10:11, TimeContentDescription:10:11AM, DateText:Tue, November 11, ShortDateText:Tue, Nov 11, Demo:false)))
11-11 10:11:40.485  1580  1580 D QSClock : StatusBar clock=10:11   Tue, Nov 11 notifyTimeChanged(QSClockBellSound - TimeText:10:11, TimeContentDescription:10:11AM, DateText:Tue, November 11, ShortDateText:Tue, Nov 11, Demo:false) clockVisibleByPolicy=true, clockVisibleByUser=true, visible=true, parent=android.widget.LinearLayout{273c44a V.E...... ......ID 0,0-202,36 #7f0a061f app:id/left_clock_container} caller=com.android.systemui.statusbar.phone.fragment.CollapsedStatusBarFragment.animateShow:47 com.android.systemui.statusbar.phone.fragment.CollapsedStatusBarFragment.updateStatusBarVisibilitiesInner:207 com.android.systemui.statusbar.phone.fragment.CollapsedStatusBarFragment$$ExternalSyntheticLambda3.run:5 com.android.systemui.statusbar.phone.fragment.CollapsedStatusBarFragment.updateStatusBarVisibilities:47 com.android.systemui.statusbar.phone.fragment.CollapsedStatusBarFragment.disable:63  
11-11 10:11:40.485  2200  2200 I HoneySpace.EdgePanel.EdgeWindowController: updateHandleWindow: 242 425 true
11-11 10:11:40.485  1580  1580 D QSClockBellTower: Everyone heard the bell. run(currentTime:1762877500484, getTime():Tue Nov 11 10:11:40 CST 2025, getTimeZone():libcore.util.ZoneInfo[mDstSavings=3600000,mUseDst=true,mDelegate=[id="America/Chicago",mRawOffset=-21600000,mEarliestRawOffset=-21036000,transitions=360]])
11-11 10:11:40.485  1580  1580 W ConstraintSet: id unknown keyguard_punch_hole_vi_view
11-11 10:11:40.485  2200  2200 I HoneySpace.EdgePanel.EdgeWindowController: handleUpdateWindowParam
11-11 10:11:40.486  1580  1580 W ConstraintSet: id unknown bouncer_status_bar_area_root
11-11 10:11:40.486  1580  1580 W ConstraintSet: id unknown keyguard_arrow_view
11-11 10:11:40.486  1580  1580 W ConstraintSet: id unknown keyguard_biometric_view
11-11 10:11:40.486  1580  1580 W ConstraintSet: id unknown view_flipper
11-11 10:11:40.486  1580  1580 W ConstraintSet: id unknown keyguard_punch_hole_vi_view
11-11 10:11:40.486  1580  1580 W ConstraintSet: id unknown bouncer_status_bar_area_root
11-11 10:11:40.486  1580  1580 W ConstraintSet: id unknown keyguard_arrow_view
11-11 10:11:40.486  1197 28277 D TspStateManager: wrote command: cmd=0,0,0,0, type=3
11-11 10:11:40.486  1197  1472 D SemInputDevice:TSP: SetPropertyTask: CMD,set_grip_data,0,0,0,0 [11-11 10:11:40.485]
11-11 10:11:40.486  2200  2200 I HoneySpace.EdgePanel.EdgeWindowController: updateTouchRect: dynamicInputRegion=111097278@LastEvent=t=1762877496138Rect(32, 0 - 67, 242),Rect=Rect(32, 0 - 67, 242)
11-11 10:11:40.486  1197  2399 D TspStateManager: holeName: com.sec.android.app.launcher, direction: 2, startY: 425, endY: 667
11-11 10:11:40.486  1580  1580 D SystemUIImageView: apply style: white-bg
11-11 10:11:40.486  1580  1580 E SystemUIImageView: white-bg res invalid = 0
11-11 10:11:40.486  1197  3425 I SurfaceControlRegistry: show, t=StartTransaction_SyncId<170> sc=ActivityRecord{fb6e509 u0 com.frontieraudio.heartbeat/.MainActivity t39}, caller=android.view.SurfaceControl$Transaction.show:3232 com.android.server.wm.Transition.onTransactionReady:2273 com.android.server.wm.BLASTSyncEngine$SyncGroup.finishNow:195 com.android.server.wm.BLASTSyncEngine.onSurfacePlacement:269 com.android.server.wm.RootWindowContainer.performSurfacePlacementNoTrace:471 com.android.server.wm.RootWindowContainer.performSurfacePlacement:9 
11-11 10:11:40.486  1580  1580 D SecBrightnessController: updateSlider() - BrightnessDialog resetTimer()
11-11 10:11:40.487  1197  3425 D AsyncRotation_WindowManager: Setup alpha0 Window{b650d0a u0 com.sec.android.app.launcher/com.samsung.app.honeyspace.edge.edgepanel.app.CocktailBarService}
11-11 10:11:40.487  1197  3425 D AsyncRotation_WindowManager: Setup alpha0 Window{705b777 u0 TaskbarWindow}
11-11 10:11:40.487  1197  3425 D AsyncRotation_WindowManager: Setup unrotate Window{1571584 u0 ScreenDecorOverlayBottom}
11-11 10:11:40.487  1197  3425 D AsyncRotation_WindowManager: Setup unrotate Window{28093d8 u0 ScreenDecorOverlay}
11-11 10:11:40.487  1197  3425 D AsyncRotation_WindowManager: Setup alpha0 Window{5fef443 u0 StatusBar}
11-11 10:11:40.487  2200  2200 I HoneySpace.FloatingAnimator: onConfigurationChanged, cacheClear
11-11 10:11:40.487  1197 28278 D SemInputDeviceManager: setProperty: (0) CMD,GRIP_DATA,0,2,425,667
11-11 10:11:40.488  2200  2200 I HoneySpace.DisplaySource: onConfigurationChanged
11-11 10:11:40.488  1197  3425 V WindowManager: Calling onTransitionReady: {id=170 t=CHANGE f=0x0 trk=0 r=[0@Point(0, 0)] c=[
11-11 10:11:40.488  1197  3425 V WindowManager:         {WCT{RemoteToken{1e75817 Task{89e730e #39 type=standard A=10300:com.frontieraudio.heartbeat}}} m=CHANGE f=NONE p=WCT{RemoteToken{ec9d02f DefaultTaskDisplayArea_d0@45111650}} leash=Surface(name=Task=39)/@0xd44a7b1 sb=Rect(0, 0 - 1200, 2000) eb=Rect(0, 0 - 1200, 2000) d=0 r=2->0:0 taskParent=-1 inset=Rect(0, 36 - 0, 72)},
11-11 10:11:40.488  1197  3425 V WindowManager:         {WCT{RemoteToken{ec9d02f DefaultTaskDisplayArea_d0@45111650}} m=CHANGE f=IS_TASK_DISPLAY_AREA p=WCT{RemoteToken{c00c3ad Display{#0 state=ON size=1200x2000 ROTATION_0}}} leash=Surface(name=DefaultTaskDisplayArea_d0)/@0xc1fb3fd sb=Rect(0, 0 - 1200, 2000) eb=Rect(0, 0 - 1200, 2000) d=0 r=2->0:-1 inset=Rect(0, 0 - 0, 0)},
11-11 10:11:40.488  1197  3425 V WindowManager:         {WCT{RemoteToken{c00c3ad Display{#0 state=ON size=1200x2000 ROTATION_0}}} m=CHANGE f=IS_DISPLAY leash=Surface(name=WindowedMagnification:0:31)/@0xe22ca77 sb=Rect(0, 0 - 1200, 2000) eb=Rect(0, 0 - 1200, 2000) d=0 r=2->0:-1 snapshot=Surface(name=RotationLayer_WmCore)/@0xab8a786 inset=Rect(0, 0 - 0, 0)}
11-11 10:11:40.488  1197  3425 V WindowManager:     ]}
11-11 10:11:40.489  1580  1580 D SecBrightnessController: updateSlider() - BrightnessDialog resetTimer()
11-11 10:11:40.489  1197 28278 D TspStateManager: wrote command: cmd=0,2,425,667, type=3
11-11 10:11:40.490  1197  1236 V WindowManager: Sent Transition (#170) createdAt=11-11 10:11:40.325 via request=TransitionRequestInfo { type = CHANGE, triggerTask = null, pipTask = null, remoteTransition = null, displayChange = DisplayChange { displayId = 0, startAbsBounds = null, endAbsBounds = null, startRotation = 2, endRotation = 0, physicalDisplayChanged = false }, flags = 0, debugId = 170 }
11-11 10:11:40.490  1197  1236 V WindowManager:     startWCT=WindowContainerTransaction { changes = {} hops = [] errorCallbackToken=null taskFragmentOrganizer=null }
11-11 10:11:40.491  1197  1236 V WindowManager:     info={id=170 t=CHANGE f=0x0 trk=0 r=[0@Point(0, 0)] c=[
11-11 10:11:40.491  1197  1236 V WindowManager:         {WCT{RemoteToken{1e75817 Task{89e730e #39 type=standard A=10300:com.frontieraudio.heartbeat}}} m=CHANGE f=NONE p=WCT{RemoteToken{ec9d02f DefaultTaskDisplayArea_d0@45111650}} leash=Surface(name=Task=39)/@0xd44a7b1 sb=Rect(0, 0 - 1200, 2000) eb=Rect(0, 0 - 1200, 2000) d=0 r=2->0:0 taskParent=-1 inset=Rect(0, 36 - 0, 72)},
11-11 10:11:40.491  1197  1236 V WindowManager:         {WCT{RemoteToken{ec9d02f DefaultTaskDisplayArea_d0@45111650}} m=CHANGE f=IS_TASK_DISPLAY_AREA p=WCT{RemoteToken{c00c3ad Display{#0 state=ON size=1200x2000 ROTATION_0}}} leash=Surface(name=DefaultTaskDisplayArea_d0)/@0xc1fb3fd sb=Rect(0, 0 - 1200, 2000) eb=Rect(0, 0 - 1200, 2000) d=0 r=2->0:-1 inset=Rect(0, 0 - 0, 0)},
11-11 10:11:40.491  1197  1236 V WindowManager:         {WCT{RemoteToken{c00c3ad Display{#0 state=ON size=1200x2000 ROTATION_0}}} m=CHANGE f=IS_DISPLAY leash=Surface(name=WindowedMagnification:0:31)/@0xe22ca77 sb=Rect(0, 0 - 1200, 2000) eb=Rect(0, 0 - 1200, 2000) d=0 r=2->0:-1 inset=Rect(0, 0 - 0, 0)}
11-11 10:11:40.491  1197  1236 V WindowManager:     ]}
11-11 10:11:40.491  1580 10064 V WindowManagerShell: onTransitionReady(transaction=5141075860287)
11-11 10:11:40.492  1580  1803 V WindowManagerShell: onTransitionReady (#170) android.os.BinderProxy@38f73e9: {id=170 t=CHANGE f=0x0 trk=0 r=[0@Point(0, 0)] c=[{WCT{android.window.IWindowContainerToken$Stub$Proxy@48e95ff} m=CHANGE f=NONE p=WCT{android.window.IWindowContainerToken$Stub$Proxy@4a3bfcc} leash=Surface(name=Task=39)/@0x6f081d2 sb=Rect(0, 0 - 1200, 2000) eb=Rect(0, 0 - 1200, 2000) d=0 r=2->0:0 taskParent=-1 inset=Rect(0, 36 - 0, 72)},{WCT{android.window.IWindowContainerToken$Stub$Proxy@1f10215} m=CHANGE f=IS_TASK_DISPLAY_AREA p=WCT{android.window.IWindowContainerToken$Stub$Proxy@37e792a} leash=Surface(name=DefaultTaskDisplayArea_d0)/@0x66172a3 sb=Rect(0, 0 - 1200, 2000) eb=Rect(0, 0 - 1200, 2000) d=0 r=2->0:-1 inset=Rect(0, 0 - 0, 0)},{WCT{android.window.IWindowContainerToken$Stub$Proxy@640931b} m=CHANGE f=IS_DISPLAY leash=Surface(name=WindowedMagnification:0:31)/@0x57da9a0 sb=Rect(0, 0 - 1200, 2000) eb=Rect(0, 0 - 1200, 2000) d=0 r=2->0:-1 snapshot=Surface(name=RotationLayer_WmCore)/@0x1f02959 inset=Rect(0, 0 - 0, 0)}]}
11-11 10:11:40.492  1580  1803 I SurfaceControlRegistry: show, t=StartTransaction_SyncId<170> sc=DefaultTaskDisplayArea_d0, caller=android.view.SurfaceControl$Transaction.show:3232 com.android.wm.shell.transition.Transitions.dispatchReady:798 com.android.wm.shell.transition.Transitions.onTransitionReady:243 com.android.wm.shell.transition.Transitions$TransitionPlayerImpl$$ExternalSyntheticLambda0.run:13 android.os.Handler.handleCallback:959 android.os.Handler.dispatchMessage:100 
11-11 10:11:40.492  1580  1803 I SurfaceControlRegistry: show, t=StartTransaction_SyncId<170> sc=Task=39, caller=android.view.SurfaceControl$Transaction.show:3232 com.android.wm.shell.transition.Transitions.dispatchReady:798 com.android.wm.shell.transition.Transitions.onTransitionReady:243 com.android.wm.shell.transition.Transitions$TransitionPlayerImpl$$ExternalSyntheticLambda0.run:13 android.os.Handler.handleCallback:959 android.os.Handler.dispatchMessage:100 
11-11 10:11:40.493  1580  1803 V WindowManagerShell: Playing animation for (#170) android.os.BinderProxy@38f73e9@0
11-11 10:11:40.493  1580  1803 I SurfaceControlRegistry: show, t=StartTransaction_SyncId<170> sc=Transition Root: Display 0 name="Built-in Screen", caller=android.view.SurfaceControl$Transaction.show:3232 com.android.wm.shell.transition.Transitions.playTransition:81 com.android.wm.shell.transition.Transitions.processReadyQueue:250 com.android.wm.shell.transition.Transitions.dispatchReady:1007 com.android.wm.shell.transition.Transitions.onTransitionReady:243 com.android.wm.shell.transition.Transitions$TransitionPlayerImpl$$ExternalSyntheticLambda0.run:13 
11-11 10:11:40.493  1580  1803 V WindowManagerShell:  try handler com.android.wm.shell.transition.DefaultMixedHandler@b500d41
11-11 10:11:40.493  1580  1803 V WindowManagerShell:  try handler com.android.wm.shell.keyguard.KeyguardTransitionHandler@4cca027
11-11 10:11:40.493  1197  3425 V WindowManager: Relayout hash=28093d8, pid=1580, syncId=-1: mAttrs={(0,0)(fillxwrap) gr=BOTTOM CENTER_VERTICAL sim={adjust=pan} layoutInDisplayCutoutMode=always ty=NAVIGATION_BAR_PANEL fmt=TRANSLUCENT
11-11 10:11:40.493  1197  3425 V WindowManager:   fl=20800138
11-11 10:11:40.493  1197  3425 V WindowManager:   pfl=31100050
11-11 10:11:40.493  1197  3425 V WindowManager:   vsysui=100
11-11 10:11:40.493  1197  3425 V WindowManager:   bhv=1
11-11 10:11:40.493  1197  3425 V WindowManager:   frameRateBoostOnTouch=true
11-11 10:11:40.493  1197  3425 V WindowManager:   dvrrWindowFrameRateHint=true naviIconColor=0}
11-11 10:11:40.493  1580  1803 V WindowManagerShell:  try handler com.android.wm.shell.pip.PipTransition@1d06716
11-11 10:11:40.493  1580  1803 V WindowManagerShell:  try handler com.android.wm.shell.activityembedding.ActivityEmbeddingController@628c897
11-11 10:11:40.493  1580  1803 V WindowManagerShell:  try handler com.android.wm.shell.splitscreen.StageCoordinator@8459a84
11-11 10:11:40.494  1580  1803 V WindowManagerShell:  try handler com.android.wm.shell.recents.RecentsTransitionHandler@cf326d
11-11 10:11:40.494  1580  1803 V ShellRecents: RecentsTransitionHandler.startAnimation: no controller found
11-11 10:11:40.494  1580  1803 V WindowManagerShell:  try handler com.android.wm.shell.transition.RemoteTransitionHandler@6e3dea2
11-11 10:11:40.494  1197  4467 D WindowManager: finishDrawingWindow: Window{5fef443 u0 StatusBar} mDrawState=DRAW_PENDING seqId=0
11-11 10:11:40.494  1197  4467 I WindowManager: finishDrawing of orientation change: Window{5fef443 u0 StatusBar} 67ms
11-11 10:11:40.494  1580  1803 V WindowManagerShell:  try handler com.android.wm.shell.transition.DefaultTransitionHandler@276338f
11-11 10:11:40.494  1197  4467 D AsyncRotation_WindowManager: handleFinishDrawing Window{5fef443 u0 StatusBar}
11-11 10:11:40.494  1580  1803 V WindowManagerShell: start default transition animation, info = {id=170 t=CHANGE f=0x0 trk=0 r=[0@Point(0, 0)] c=[{WCT{android.window.IWindowContainerToken$Stub$Proxy@48e95ff} m=CHANGE f=NONE p=WCT{android.window.IWindowContainerToken$Stub$Proxy@4a3bfcc} leash=Surface(name=Task=39)/@0x6f081d2 sb=Rect(0, 0 - 1200, 2000) eb=Rect(0, 0 - 1200, 2000) d=0 r=2->0:0 taskParent=-1 inset=Rect(0, 36 - 0, 72)},{WCT{android.window.IWindowContainerToken$Stub$Proxy@1f10215} m=CHANGE f=IS_TASK_DISPLAY_AREA p=WCT{android.window.IWindowContainerToken$Stub$Proxy@37e792a} leash=Surface(name=DefaultTaskDisplayArea_d0)/@0x66172a3 sb=Rect(0, 0 - 1200, 2000) eb=Rect(0, 0 - 1200, 2000) d=0 r=2->0:-1 inset=Rect(0, 0 - 0, 0)},{WCT{android.window.IWindowContainerToken$Stub$Proxy@640931b} m=CHANGE f=IS_DISPLAY leash=Surface(name=WindowedMagnification:0:31)/@0x57da9a0 sb=Rect(0, 0 - 1200, 2000) eb=Rect(0, 0 - 1200, 2000) d=0 r=2->0:-1 snapshot=Surface(name=RotationLayer_WmCore)/@0x1f02959 inset=Rect(0, 0 - 0, 0)}]}
11-11 10:11:40.494  1197  4467 D AsyncRotation_WindowManager: Complete set pending Window{5fef443 u0 StatusBar}
11-11 10:11:40.494  1580  1803 V WindowManagerShell: Display is changing, resolve the animation hint.
11-11 10:11:40.495  1580  1803 V WindowManagerShell:   task 39 isn't requesting seamless, so not seamless.
11-11 10:11:40.495  1580  2428 I BLASTBufferQueue_Java: update, w= 1200 h= 36 mName = VRI[ScreenDecorOverlay]@ecc78de mNativeObject= 0xb40000794dc52800 sc.mNativeObject= 0xb40000794df44c40 format= -3 caller= android.view.ViewRootImpl.updateBlastSurfaceIfNeeded:3386 android.view.ViewRootImpl.relayoutWindow:11361 android.view.ViewRootImpl.performTraversals:4544 android.view.ViewRootImpl.doTraversal:3708 android.view.ViewRootImpl$TraversalRunnable.run:12542 android.view.Choreographer$CallbackRecord.run:1751 
11-11 10:11:40.495  1580  2428 I VRI[ScreenDecorOverlay]@ecc78de: Relayout returned: old=(0,1964,1200,2000) new=(0,1964,1200,2000) relayoutAsync=false req=(1200,36)0 dur=22 res=0x1 s={true 0xb40000794e2d3000} ch=false seqId=2
11-11 10:11:40.495  2200  2200 I HoneySpace.DisplaySource: DisplayInfo(rotation=0, displayId=0, displaySize=Point(1200, 2000), displayCutout=null, isNavCanMove=false, isTablet=true)
11-11 10:11:40.495  1580  2428 D VRI[ScreenDecorOverlay]@ecc78de: Relayout called with blastSync
11-11 10:11:40.495  2200  2200 I HoneySpace.DisplaySource: onConfigurationChanged
