--------- beginning of system
11-11 10:11:24.446  2629  3200 I SDHMS:x : SIOP:: AP:242 BAT:220 USB:0 CHG:241 WIFI:228 BLK:239 SUBBAT:0 SKIN:263 SKINF:263 SKINB:257 LRP:263 LRF:263 LRB:257 VAP:234 AVGCUR:704 AVGSYS:0 POWER:3070
11-11 10:11:24.449  2629  2733 I SDHMS:N0: p2p-if:: false, , 
--------- beginning of main
11-11 10:11:24.456  1887  2128 I BtGatt.ScanHelper: onScanResult to scannerId: 1- eventType=0x1b, addressType=1, address=XX:XX:XX:XX:2A:5D, primaryPhy=1, secondaryPhy=0, advertisingSid=0xff, txPower=127, rssi=-53, periodicAdvInt=0x0
11-11 10:11:24.460  2978  4451 I NearbyDiscovery: (REDACTED) BloomFilterAdvManager: Detected bloom filter but too far away, ignoring. %sm, %s
11-11 10:11:24.485  1887  2128 I BtGatt.ScanHelper: onScanResult to scannerId: 5- eventType=0x0, addressType=1, address=XX:XX:XX:XX:63:7A, primaryPhy=1, secondaryPhy=1, advertisingSid=0x1, txPower=127, rssi=-79, periodicAdvInt=0x0
11-11 10:11:24.486  2978 27880 I NearbyMediums: Replace Fast Advertisement Rx Info for service id : NearbySharing on deviceToken : [ 0x25 0xdb ]
11-11 10:11:24.487  2978 26595 I NearbyConnections: Found BleAdvertisement [ 0x23 0x4c 0x49 0x58 0x30 0x11 0x32 0x5e 0x5b 0x24 0x7c 0xc4 0x3e 0xbe 0x01 0xf3 0x23 0x1b 0x03 0xf1 0xac 0x50 0x6c ] (with EndpointId LIX0 and EndpointInfo [ 0x32 0x5e 0x5b 0x24 0x7c 0xc4 0x3e 0xbe 0x01 0xf3 0x23 0x1b 0x03 0xf1 0xac 0x50 0x6c ])
11-11 10:11:24.487  2978 26595 I NearbyConnections: ClientProxy(234157545) ignoring onEndpointDistanceChanged(LIX0, UNKNOWN), because this distance has already been reported
11-11 10:11:24.515   538   538 I hwservicemanager: getTransport: Cannot find entry android.hardware.atrace@1.0::IAtraceDevice/default in either framework or device VINTF manifest.
11-11 10:11:24.545  1887  2128 I BtGatt.ScanHelper: onScanResult to scannerId: 5- eventType=0x0, addressType=1, address=XX:XX:XX:XX:CA:EB, primaryPhy=1, secondaryPhy=1, advertisingSid=0x1, txPower=127, rssi=-67, periodicAdvInt=0x0
11-11 10:11:24.592 28209 28235 D Heartbeat: Completing Stage1 segment with 26 frames
11-11 10:11:24.592 28209 28235 I Heartbeat: Stage1 segment ready id=4 duration=844ms samples=13312
11-11 10:11:24.618  2629  2629 I SDHMS:LOAD: type: LoadsFreqs, value: 0:27:0:1146239:2400000:0:1117679:2002000:0:22:312:0
11-11 10:11:24.665   573   573 D io_stats: !@   8,0 r 589101 13431902 w 108256 24992112 d 35689 24726760 f 0 7742 iot 567492 0 th 0 0 0 pt 0 inp 0 0 47012.522
11-11 10:11:24.976 17375 17375 D BoundBrokerSvc: onUnbind: Intent { act=com.google.android.gms.safetynet.service.START pkg=com.google.android.gms }
11-11 10:11:25.191 28209 28235 I Heartbeat: VAD: Speech Detected
11-11 10:11:25.691 17375 17375 D BoundBrokerSvc: onUnbind: Intent { act=com.google.android.gms.feedback.internal.IFeedbackService dat=chimera-action:/... cmp=com.google.android.gms/.chimera.GmsBoundBrokerService }
11-11 10:11:25.810 17375 17387 W gle.android.gms: ApkAssets: Deleting an ApkAssets object '<empty> and /data/app/~~-FwHp-Cb_e7ExFuLuzESKw==/com.frontieraudio.heartbeat-1oRBnpPVQNN3PS03IVzl9A==/base.apk' with 1 weak references
11-11 10:11:25.811 17375 17387 W gle.android.gms: ApkAssets: Deleting an ApkAssets object '<empty> and /system/priv-app/SecMyFiles2020/SecMyFiles2020.apk' with 1 weak references
11-11 10:11:26.270  1887  2128 I BtGatt.ScanHelper: onScanResult to scannerId: 1- eventType=0x1b, addressType=1, address=XX:XX:XX:XX:2A:5D, primaryPhy=1, secondaryPhy=0, advertisingSid=0xff, txPower=127, rssi=-69, periodicAdvInt=0x0
11-11 10:11:26.274  2978  4451 I NearbyDiscovery: (REDACTED) BloomFilterAdvManager: Detected bloom filter but too far away, ignoring. %sm, %s
11-11 10:11:26.380  1197  1323 W ProcessStats: Tracking association SourceState{1699400 com.android.bluetooth/1002 ImpFg #12625} whose proc state 5 is better than process ProcessState{fd93797 com.samsung.android.mcfserver/10107 pkg=com.samsung.android.mcfserver} proc state 14 (3 skipped)
11-11 10:11:26.381 26003 26003 I Finsky  : [2] Memory trim requested to level 40
11-11 10:11:26.381 26003 26003 I Finsky  : [2] Flushing in-memory image cache
11-11 10:11:26.384 26090 26090 I Finsky:background: [2] Memory trim requested to level 40
11-11 10:11:26.471 28209 28235 D Heartbeat: Completing Stage1 segment with 47 frames
11-11 10:11:26.472 28209 28235 I Heartbeat: Stage1 segment ready id=5 duration=1503ms samples=24064
11-11 10:11:26.666   573   573 D io_stats: !@   8,0 r 589101 13431902 w 108263 24994180 d 35689 24726760 f 0 7742 iot 567520 0 th 0 0 0 pt 0 inp 0 0 47014.523
11-11 10:11:26.666   573   573 D io_stats: !@ Read_top(KB): loop44(2470) 512 system_server(1197) 4 sh(28258) 4
11-11 10:11:26.666   573   573 D io_stats: !@ Write_top(KB): kworker/u16:1(28105) 2068 ng.android.lool(11425) 8 android.hardwar(822) 8
11-11 10:11:26.997  2978 26595 I NearbyMediums: Found Fast Ble Advertisements :
11-11 10:11:26.997  2978 26595 I NearbyMediums: BleAdvertisement { version=2, socketVersion=2, isFast=true, serviceIdHash=null, data=[ 0x23 0x58 0x41 0x38 0x58 0x11 0x32 0x9f 0x3a 0x81 0x38 0x27 0xc7 0xd2 0x9e 0x41 0xeb 0xe0 0x2f 0xac 0x1a 0xdd 0x32 ], deviceToken=[ 0xc6 0x68 ], rxAdvertisement=null } : 2 times.
11-11 10:11:26.997  2978 26595 I NearbyMediums: BleAdvertisement { version=2, socketVersion=2, isFast=true, serviceIdHash=null, data=[ 0x23 0x4c 0x49 0x58 0x30 0x11 0x32 0x5e 0x5b 0x24 0x7c 0xc4 0x3e 0xbe 0x01 0xf3 0x23 0x1b 0x03 0xf1 0xac 0x50 0x6c ], deviceToken=[ 0x25 0xdb ], rxAdvertisement=null } : 2 times.
11-11 10:11:26.997  2978 26595 I NearbyMediums: Total 4 fast advertisements from 2 unique advertisers.
11-11 10:11:26.997  1197  1242 E Watchdog: !@Sync: 1567 heap(MB): 81 / 93 FD: 1087 [2025-11-11 10:11:26.997]
11-11 10:11:26.998  2978 26595 I NearbyMediums: Current Tracked Scanning Clients are : {NearbyConnections.EnvironmentMonitor, NearbySharing}
11-11 10:11:27.212 28209 28235 I Heartbeat: VAD: Speech Detected
11-11 10:11:27.872 28209 28235 D Heartbeat: Completing Stage1 segment with 28 frames
11-11 10:11:27.872 28209 28235 I Heartbeat: Stage1 segment ready id=6 duration=883ms samples=14336
11-11 10:11:28.074  1887  2128 I BtGatt.ScanHelper: onScanResult to scannerId: 1- eventType=0x1b, addressType=1, address=XX:XX:XX:XX:2A:5D, primaryPhy=1, secondaryPhy=0, advertisingSid=0xff, txPower=127, rssi=-56, periodicAdvInt=0x0
11-11 10:11:28.077  2978  4451 I NearbyDiscovery: (REDACTED) BloomFilterAdvManager: Detected bloom filter but too far away, ignoring. %sm, %s
11-11 10:11:28.241  1887  2128 I BtGatt.ScanHelper: onScanResult to scannerId: 1- eventType=0x1b, addressType=1, address=XX:XX:XX:XX:2A:5D, primaryPhy=1, secondaryPhy=0, advertisingSid=0xff, txPower=127, rssi=-59, periodicAdvInt=0x0
11-11 10:11:28.245  2978  4451 I NearbyDiscovery: (REDACTED) BloomFilterAdvManager: Detected bloom filter but too far away, ignoring. %sm, %s
11-11 10:11:28.979  1197  1365 D InputReader: Btn_touch(8): value=1 when=47016.836284
11-11 10:11:28.980  1197  1365 I InputReader: Touch event's action is 0x0 (id=6, t=0) [pCnt=1, s=0.722 ] when=47016.836284
11-11 10:11:28.983  1197  1364 I InputDispatcher: Delivering touch to (2200): action: 0x4, f=0x0, d=0, '705b777', t=1 
11-11 10:11:28.983  1197  1364 I InputDispatcher: Delivering touch to (28209): action: 0x0, f=0x0, d=0, 'c315c8a', t=1 
11-11 10:11:28.984  1197  1364 D PowerManagerService: [api] userActivityFromNative : touch displayId=0 eventTime=47016836
11-11 10:11:28.985  1197  1237 I GestureDetector: obtain mCurrentDownEvent. id: 196354796 caller: com.android.server.wm.SystemGesturesPointerEventListener.onPointerEvent:17 com.android.server.wm.PointerEventDispatcher.onInputEvent:51 android.view.InputEventReceiver.dispatchInputEvent:385 
11-11 10:11:28.986  1197  1364 D PowerManagerService: UserActivityStateListenerState: 1
11-11 10:11:28.989  1197  1237 I GestureDetector: obtain mCurrentDownEvent. id: 196354796 caller: com.android.server.wm.SystemPerformancePointerEventListener.onPointerEvent:13 com.android.server.wm.PointerEventDispatcher.onInputEvent:51 android.view.InputEventReceiver.dispatchInputEvent:385 
11-11 10:11:28.990  1197  1364 D PowerManagerService: UserActivityState : 4 -> 1 groupId=0
11-11 10:11:28.991  1197  1364 D PowerManagerService: displayReady: false groupId=0
11-11 10:11:28.991  1197  1271 D DisplayPowerController2[0]: animateScreenStateChange: target=ON, mIsEnabled=true
11-11 10:11:28.993  1197  1271 W DisplayPowerController2[0]: Animating brightness: target=71(0.28), rate=1.004, reason=automatic[71] -> 0x0[71]
11-11 10:11:28.994  1197  1237 I GestureDetector: obtain mCurrentMotionEventRaw. action: 2 id: 710042435
11-11 10:11:28.994  1197  1237 I GestureDetector: obtain mCurrentMotionEventRaw. action: 2 id: 710042435
11-11 10:11:28.994  1197  1197 I MdnieScenarioControlService: action  :  com.samsung.server.PowerManagerService.action.USER_ACTIVITY
11-11 10:11:28.995  1197  1197 D PowerManagerService: [api] setScreenDimDurationOverrideFromSqdInternal: mScreenDimDurationOverrideFromSQD: -1
11-11 10:11:28.996 28209 28209 I VRI[MainActivity]@f521a5b: ViewPostIme pointer 0
11-11 10:11:28.999  1197  1271 D AdaptiveBrightnessLongtermModelBuilder: notifyBrightnessChanged(brightness=103.000000, userInitiated=false)
11-11 10:11:28.999  1197  1271 D DisplayPowerController2[0]: saveBrightnessInfo: brt:0.2784314 adjBrt:0.2784314 min:0.007843138 max:1.0 hbm:0 tp:1.0 throttler:0 isAnimating:true
11-11 10:11:28.999  1197  1245 D AdaptiveBrightnessLongtermModelBuilder: handleBrightnessChanged: brightness: 103.0 userInitiated: false
11-11 10:11:29.000  1197  1271 V DisplayPowerController2[0]: Brightness [0.2784314] reason changing to: 'automatic', previous reason: 'automatic [ dim ]'.
11-11 10:11:29.000  1197  1245 D AdaptiveBrightnessLongtermModelBuilder: updateAdaptiveBrightnessStats: l:183.68683 b:103.0 u: false
11-11 10:11:29.000  1197  1271 I DisplayPowerController2[0]: BrightnessEvent: disp=0, physDisp=local:4633128672291735931, displayState=ON, displayPolicy=BRIGHT, brt=0.2784314, initBrt=0.02745098, rcmdBrt=0.2784314, preBrt=NaN, lux=183.68683, preLux=21.283024, hbmMax=1.0, hbmMode=off, rbcStrength=-1, thrmMax=1.0, powerFactor=1.0, wasShortTermModelActive=false, flags=, reason=automatic, autoBrightness=true, strategy=InvalidBrightnessStrategy, autoBrightnessMode=default
11-11 10:11:29.000  1197  1245 D AdaptiveBrightnessWeightStats: log: l:183.68683 b:9.999999 t:0.011 u:false 
11-11 10:11:29.000  1197  1245 D AdaptiveBrightnessWeightStats: updateTransientStats: 76.8 < 183.68683 < 480.0  b:9.999999 t:0.011s
11-11 10:11:29.000  1197  1245 D AdaptiveBrightnessWeightStats: updateTransientStats: b: 9.999999 ambientLux:183.68683 currentBucketLux:192.0 mBrightnessMapper: 103.1058
11-11 10:11:29.001  1197  1271 D PowerManagerService: displayReady: true groupId=0
11-11 10:11:29.003  1197  1197 D BrightnessSynchronizer: onDisplayChanged() : displayId=0
11-11 10:11:29.004  1197  1197 D BrightnessSynchronizer: updateScreenBrightness: displayId=0 type=2 mPreferredSettingValue=0.2784314(71) currentBrightnessInt=71 currentBrightnessIntFromFloat=71(0.2784314)
11-11 10:11:29.009   835   835 I SehLight: lcd : 10+
11-11 10:11:29.009  1580  1580 D SecBrightnessController: updateSlider() - BrightnessDialog resetTimer()
11-11 10:11:29.010  1580  1580 D SecBrightnessController: updateSlider() - BrightnessDialog resetTimer()
11-11 10:11:29.014   835   835 I SehLight: lcd : 10-
11-11 10:11:29.025   835   835 I SehLight: lcd : 14+
11-11 10:11:29.031   835   835 I SehLight: lcd : 14-
11-11 10:11:29.049   835   835 I SehLight: lcd : 21+
11-11 10:11:29.066   835   835 I SehLight: lcd : 21-
11-11 10:11:29.067   835   835 I SehLight: lcd : 25+
11-11 10:11:29.082   835   835 I SehLight: lcd : 25-
11-11 10:11:29.084   835   835 I SehLight: lcd : 29+
11-11 10:11:29.100   835   835 I SehLight: lcd : 29-
11-11 10:11:29.101   835   835 I SehLight: lcd : 33+
11-11 10:11:29.115   835   835 I SehLight: lcd : 33-
11-11 10:11:29.116   835   835 I SehLight: lcd : 38+
11-11 10:11:29.131   835   835 I SehLight: lcd : 38-
11-11 10:11:29.134   835   835 I SehLight: lcd : 42+
11-11 10:11:29.148   835   835 I SehLight: lcd : 42-
11-11 10:11:29.150   835   835 I SehLight: lcd : 46+
11-11 10:11:29.159   862  1012 I EDEN    : [Exynos][EDEN][v1.6.23][SERVICE] processAliveMointorMain:253: Try to check pid=(844)...
11-11 10:11:29.165   835   835 I SehLight: lcd : 46-
11-11 10:11:29.167   835   835 I SehLight: lcd : 51+
11-11 10:11:29.181   835   835 I SehLight: lcd : 51-
11-11 10:11:29.184   835   835 I SehLight: lcd : 55+
11-11 10:11:29.198   835   835 I SehLight: lcd : 55-
11-11 10:11:29.201   835   835 I SehLight: lcd : 59+
11-11 10:11:29.215   835   835 I SehLight: lcd : 59-
11-11 10:11:29.216   835   835 I SehLight: lcd : 63+
11-11 10:11:29.232   835   835 I SehLight: lcd : 63-
11-11 10:11:29.233   835   835 I SehLight: lcd : 68+
11-11 10:11:29.248   835   835 I SehLight: lcd : 68-
11-11 10:11:29.249  1197  1271 D DisplayPowerController2[0]: animateScreenStateChange: target=ON, mIsEnabled=true
11-11 10:11:29.250   835   835 I SehLight: lcd : 71+
11-11 10:11:29.250  1197  1271 D DisplayPowerController2[0]: saveBrightnessInfo: brt:0.2784314 adjBrt:0.2784314 min:0.007843138 max:1.0 hbm:0 tp:1.0 throttler:0 isAnimating:false
11-11 10:11:29.253  1197  1197 D BrightnessSynchronizer: onDisplayChanged() : displayId=0
11-11 10:11:29.253  1197  1197 D BrightnessSynchronizer: updateScreenBrightness: displayId=0 type=2 mPreferredSettingValue=0.2784314(71) currentBrightnessInt=71 currentBrightnessIntFromFloat=71(0.2784314)
11-11 10:11:29.256  1580  1580 D SecBrightnessController: updateSlider() - BrightnessDialog resetTimer()
11-11 10:11:29.257  1580  1580 D SecBrightnessController: updateSlider() - BrightnessDialog resetTimer()
11-11 10:11:29.265   835   835 I SehLight: lcd : 71-
11-11 10:11:29.391 28209 28235 I Heartbeat: VAD: Speech Detected
11-11 10:11:29.526   827   928 I SensorsHub: DeviceOrientation(0): event = 0, time = 47017382441713
11-11 10:11:29.527  1197  1237 D WindowOrientationListener: onSensorChanged device orientation: 0
11-11 10:11:29.527  1580  1580 D AppController: AppControlSensorListener.onSensorChanged, Rotation: 0
11-11 10:11:29.528  1197  1237 D PowerManagerService: [api] setPowerBoost(L) boost:0, durationMs:0, caller (uid: 1000 pid: 1197) <- m() in com.android.server.display.DisplayManagerService$BinderService$$ExternalSyntheticOutline0:1
11-11 10:11:29.529  1197  1237 V WindowManager: Computed rotation=ROTATION_0 (0) for display id=0 based on lastOrientation=SCREEN_ORIENTATION_UNSPECIFIED (-1) and oldRotation=ROTATION_0 (0), caller=com.android.server.wm.WindowManagerService.updateRotationUnchecked:84 com.android.server.wm.DisplayRotation$OrientationListener.onProposedRotationChanged:330 com.android.server.wm.WindowOrientationListener$OrientationSensorJudge.finalizeRotation:26 com.android.server.wm.WindowOrientationListener$OrientationSensorJudge.onSensorChanged:386 android.hardware.SystemSensorManager$SensorEventQueue.dispatchSensorEvent:1181 android.os.MessageQueue.nativePollOnce:-2 
11-11 10:11:29.568   827   937 I SensorsGrip: [grip_sensor_wifi] readEvents: GripSensor: grip 1ch data = RELEASE
11-11 10:11:29.568   827   937 I SensorsGrip: [grip_sensor_wifi] readEvents: GripSensor: grip 1ch unknown NORMAL MODE
11-11 10:11:29.574  1197  1197 D SemWifiBackOff.Sar: event.values[3],=1.0, event.values[4]=0.0
11-11 10:11:29.574  1197  1197 D SemWifiBackOff.Sar: getSensorMode=5, mSensorState=3
11-11 10:11:29.574  1197  1197 I SemWifiBackOff.Sar: Gta4XLSarManager : ungripped grip sensor1
11-11 10:11:29.574  1197  1197 D SemWifiBackOff.Sar: Gta4XLSarManager : checkAndSetBackoff true
11-11 10:11:29.574  1197  1197 D SemWifiBackOff.Sar: checkAndSetBackoff exit, mWifiEnabled=true
11-11 10:11:29.710 28209 28235 D Heartbeat: Completing Stage1 segment with 17 frames
11-11 10:11:29.711 28209 28235 I Heartbeat: Stage1 segment ready id=7 duration=543ms samples=8704
11-11 10:11:29.780 27677 27677 I wpa_supplicant: Heartbeat 31
11-11 10:11:29.998  1887  2128 I BtGatt.ScanHelper: onScanResult to scannerId: 5- eventType=0x10, addressType=1, address=XX:XX:XX:XX:8F:1B, primaryPhy=1, secondaryPhy=0, advertisingSid=0xff, txPower=127, rssi=-68, periodicAdvInt=0x0
11-11 10:11:30.046  1887  2128 I BtGatt.ScanHelper: onScanResult to scannerId: 1- eventType=0x1b, addressType=1, address=XX:XX:XX:XX:2A:5D, primaryPhy=1, secondaryPhy=0, advertisingSid=0xff, txPower=127, rssi=-41, periodicAdvInt=0x0
11-11 10:11:30.048  1887  2128 I BtGatt.ScanHelper: onScanResult to scannerId: 1- eventType=0x1b, addressType=1, address=XX:XX:XX:XX:2A:5D, primaryPhy=1, secondaryPhy=0, advertisingSid=0xff, txPower=127, rssi=-45, periodicAdvInt=0x0
11-11 10:11:30.050  2978  4451 I NearbyDiscovery: (REDACTED) BloomFilterAdvManager: Detected invalid bloom filter, %s
11-11 10:11:30.057  1197  1364 D PowerManagerService: [api] userActivityFromNative : touch displayId=0 eventTime=47017913
11-11 10:11:30.286   827   928 I SensorsHub: DeviceOrientation(0): event = 255, time = 47018141953468
11-11 10:11:30.286  1580  1580 D AppController: AppControlSensorListener.onSensorChanged, Rotation: -1
11-11 10:11:30.286  1197  1237 D WindowOrientationListener: onSensorChanged device orientation: -1
11-11 10:11:30.288  1197  1237 V WindowManager: Computed rotation=ROTATION_0 (0) for display id=0 based on lastOrientation=SCREEN_ORIENTATION_UNSPECIFIED (-1) and oldRotation=ROTATION_0 (0), caller=com.android.server.wm.WindowManagerService.updateRotationUnchecked:84 com.android.server.wm.DisplayRotation$OrientationListener.onProposedRotationChanged:330 com.android.server.wm.WindowOrientationListener$OrientationSensorJudge.finalizeRotation:26 com.android.server.wm.WindowOrientationListener$OrientationSensorJudge.onSensorChanged:386 android.hardware.SystemSensorManager$SensorEventQueue.dispatchSensorEvent:1181 android.os.MessageQueue.nativePollOnce:-2 
11-11 10:11:30.345   827   928 I SensorsHub: DeviceOrientation(0): event = 0, time = 47018201919741
11-11 10:11:30.346  1580  1580 D AppController: AppControlSensorListener.onSensorChanged, Rotation: 0
11-11 10:11:30.346  1197  1237 D WindowOrientationListener: onSensorChanged device orientation: 0
11-11 10:11:30.348  1197  1237 V WindowManager: Computed rotation=ROTATION_0 (0) for display id=0 based on lastOrientation=SCREEN_ORIENTATION_UNSPECIFIED (-1) and oldRotation=ROTATION_0 (0), caller=com.android.server.wm.WindowManagerService.updateRotationUnchecked:84 com.android.server.wm.DisplayRotation$OrientationListener.onProposedRotationChanged:330 com.android.server.wm.WindowOrientationListener$OrientationSensorJudge.finalizeRotation:26 com.android.server.wm.WindowOrientationListener$OrientationSensorJudge.onSensorChanged:386 android.hardware.SystemSensorManager$SensorEventQueue.dispatchSensorEvent:1181 android.os.MessageQueue.nativePollOnce:-2 
11-11 10:11:30.365   827   928 I SensorsHub: DeviceOrientation(0): event = 255, time = 47018221908499
11-11 10:11:30.366  1580  1580 D AppController: AppControlSensorListener.onSensorChanged, Rotation: -1
11-11 10:11:30.368  1197  1237 D WindowOrientationListener: onSensorChanged device orientation: -1
11-11 10:11:30.370  1197  1237 V WindowManager: Computed rotation=ROTATION_0 (0) for display id=0 based on lastOrientation=SCREEN_ORIENTATION_UNSPECIFIED (-1) and oldRotation=ROTATION_0 (0), caller=com.android.server.wm.WindowManagerService.updateRotationUnchecked:84 com.android.server.wm.DisplayRotation$OrientationListener.onProposedRotationChanged:330 com.android.server.wm.WindowOrientationListener$OrientationSensorJudge.finalizeRotation:26 com.android.server.wm.WindowOrientationListener$OrientationSensorJudge.onSensorChanged:386 android.hardware.SystemSensorManager$SensorEventQueue.dispatchSensorEvent:1181 android.os.MessageQueue.nativePollOnce:-2 
11-11 10:11:30.383  1197  1365 D InputReader: Btn_touch(8): value=0 when=47018.240654
11-11 10:11:30.384  1197  1365 I InputReader: Touch event's action is 0x1 (id=6, t=0) [pCnt=1, s=] when=47018.240654
11-11 10:11:30.385  1197  1364 I InputDispatcher: Delivering touch to (28209): action: 0x1, f=0x0, d=0, 'c315c8a', t=1 
11-11 10:11:30.385 28209 28209 I VRI[MainActivity]@f521a5b: ViewPostIme pointer 1
11-11 10:11:30.388  1197  1197 I SemDvfsHyPerManager: acquire hyper - GESTURE_DETECTED/1197@23, type = -999
11-11 10:11:30.388  1197  1197 I SemDvfsHyPerManager: acquire hyper - GESTURE_DETECTED/1197@23, type = -999
11-11 10:11:30.389   832   911 I HYPER-HAL: [RequestManager.cpp]acquire(): Acquired ID : 744833  [1197 / 23]    HINT : GESTURE_DETECTED    list : [TIMEOUT / 371] 
11-11 10:11:30.390   832   911 I HYPER-HAL: [RequestManager.cpp]acquire(): Acquired ID : 744833  [1197 / 23]    HINT : GESTURE_DETECTED    list : [TIMEOUT / 371] 
11-11 10:11:30.406   827   928 I SensorsHub: DeviceOrientation(0): event = 0, time = 47018261886014
11-11 10:11:30.406  1197  1237 D WindowOrientationListener: onSensorChanged device orientation: 0
11-11 10:11:30.407  1580  1580 D AppController: AppControlSensorListener.onSensorChanged, Rotation: 0
11-11 10:11:30.408  1197  1237 V WindowManager: Computed rotation=ROTATION_0 (0) for display id=0 based on lastOrientation=SCREEN_ORIENTATION_UNSPECIFIED (-1) and oldRotation=ROTATION_0 (0), caller=com.android.server.wm.WindowManagerService.updateRotationUnchecked:84 com.android.server.wm.DisplayRotation$OrientationListener.onProposedRotationChanged:330 com.android.server.wm.WindowOrientationListener$OrientationSensorJudge.finalizeRotation:26 com.android.server.wm.WindowOrientationListener$OrientationSensorJudge.onSensorChanged:386 android.hardware.SystemSensorManager$SensorEventQueue.dispatchSensorEvent:1181 android.os.MessageQueue.nativePollOnce:-2 
11-11 10:11:30.485   827   928 I SensorsHub: DeviceOrientation(0): event = 255, time = 47018341841045
11-11 10:11:30.486  1580  1580 D AppController: AppControlSensorListener.onSensorChanged, Rotation: -1
11-11 10:11:30.486  1197  1237 D WindowOrientationListener: onSensorChanged device orientation: -1
11-11 10:11:30.487  1197  1237 V WindowManager: Computed rotation=ROTATION_0 (0) for display id=0 based on lastOrientation=SCREEN_ORIENTATION_UNSPECIFIED (-1) and oldRotation=ROTATION_0 (0), caller=com.android.server.wm.WindowManagerService.updateRotationUnchecked:84 com.android.server.wm.DisplayRotation$OrientationListener.onProposedRotationChanged:330 com.android.server.wm.WindowOrientationListener$OrientationSensorJudge.finalizeRotation:26 com.android.server.wm.WindowOrientationListener$OrientationSensorJudge.onSensorChanged:386 android.hardware.SystemSensorManager$SensorEventQueue.dispatchSensorEvent:1181 android.os.MessageQueue.nativePollOnce:-2 
11-11 10:11:30.668   573   573 D io_stats: !@   8,0 r 589102 13431906 w 108267 24997256 d 35689 24726760 f 0 7742 iot 567552 0 th 0 0 0 pt 0 inp 0 0 47018.525
11-11 10:11:30.668   573   573 D io_stats: !@ Read_top(KB): system_server(1197) 4
11-11 10:11:30.668   573   573 D io_stats: !@ Write_top(KB): kworker/u16:2(25462) 3076
11-11 10:11:30.705   827   928 I SensorsHub: DeviceOrientation(0): event = 0, time = 47018561686862
11-11 10:11:30.706  1197  1237 D WindowOrientationListener: onSensorChanged device orientation: 0
11-11 10:11:30.706  1580  1580 D AppController: AppControlSensorListener.onSensorChanged, Rotation: 0
11-11 10:11:30.708  1197  1237 V WindowManager: Computed rotation=ROTATION_0 (0) for display id=0 based on lastOrientation=SCREEN_ORIENTATION_UNSPECIFIED (-1) and oldRotation=ROTATION_0 (0), caller=com.android.server.wm.WindowManagerService.updateRotationUnchecked:84 com.android.server.wm.DisplayRotation$OrientationListener.onProposedRotationChanged:330 com.android.server.wm.WindowOrientationListener$OrientationSensorJudge.finalizeRotation:26 com.android.server.wm.WindowOrientationListener$OrientationSensorJudge.onSensorChanged:386 android.hardware.SystemSensorManager$SensorEventQueue.dispatchSensorEvent:1181 android.os.MessageQueue.nativePollOnce:-2 
11-11 10:11:30.762   832 28265 I HYPER-HAL: [RequestManager.cpp]releaseLocked(): Released ID : 744833
11-11 10:11:30.889  1197  1237 V WindowManager: Computed rotation=ROTATION_0 (0) for display id=0 based on lastOrientation=SCREEN_ORIENTATION_UNSPECIFIED (-1) and oldRotation=ROTATION_0 (0), caller=com.android.server.wm.WindowManagerService.updateRotationUnchecked:84 com.android.server.wm.DisplayRotation$OrientationListener.onProposedRotationChanged:330 com.android.server.wm.WindowOrientationListener$OrientationSensorJudge$2.run:25 android.os.Handler.handleCallback:959 android.os.Handler.dispatchMessage:100 android.os.Looper.loopOnce:257 
11-11 10:11:30.906   827   928 I SensorsHub: DeviceOrientation(0): event = 255, time = 47018761543921
11-11 10:11:30.906  1197  1237 D WindowOrientationListener: onSensorChanged device orientation: -1
11-11 10:11:30.906  1580  1580 D AppController: AppControlSensorListener.onSensorChanged, Rotation: -1
11-11 10:11:30.908  1197  1237 V WindowManager: Computed rotation=ROTATION_0 (0) for display id=0 based on lastOrientation=SCREEN_ORIENTATION_UNSPECIFIED (-1) and oldRotation=ROTATION_0 (0), caller=com.android.server.wm.WindowManagerService.updateRotationUnchecked:84 com.android.server.wm.DisplayRotation$OrientationListener.onProposedRotationChanged:330 com.android.server.wm.WindowOrientationListener$OrientationSensorJudge.finalizeRotation:26 com.android.server.wm.WindowOrientationListener$OrientationSensorJudge.onSensorChanged:386 android.hardware.SystemSensorManager$SensorEventQueue.dispatchSensorEvent:1181 android.os.MessageQueue.nativePollOnce:-2 
11-11 10:11:31.085   827   928 I SensorsHub: DeviceOrientation(0): event = 0, time = 47018941442740
11-11 10:11:31.086  1580  1580 D AppController: AppControlSensorListener.onSensorChanged, Rotation: 0
11-11 10:11:31.086  1197  1237 D WindowOrientationListener: onSensorChanged device orientation: 0
11-11 10:11:31.088  1197  1237 V WindowManager: Computed rotation=ROTATION_0 (0) for display id=0 based on lastOrientation=SCREEN_ORIENTATION_UNSPECIFIED (-1) and oldRotation=ROTATION_0 (0), caller=com.android.server.wm.WindowManagerService.updateRotationUnchecked:84 com.android.server.wm.DisplayRotation$OrientationListener.onProposedRotationChanged:330 com.android.server.wm.WindowOrientationListener$OrientationSensorJudge.finalizeRotation:26 com.android.server.wm.WindowOrientationListener$OrientationSensorJudge.onSensorChanged:386 android.hardware.SystemSensorManager$SensorEventQueue.dispatchSensorEvent:1181 android.os.MessageQueue.nativePollOnce:-2 
11-11 10:11:31.445   827   928 I SensorsHub: DeviceOrientation(0): event = 255, time = 47019301179343
11-11 10:11:31.446  1580  1580 D AppController: AppControlSensorListener.onSensorChanged, Rotation: -1
11-11 10:11:31.446  1197  1237 D WindowOrientationListener: onSensorChanged device orientation: -1
11-11 10:11:31.448  1197  1237 V WindowManager: Computed rotation=ROTATION_0 (0) for display id=0 based on lastOrientation=SCREEN_ORIENTATION_UNSPECIFIED (-1) and oldRotation=ROTATION_0 (0), caller=com.android.server.wm.WindowManagerService.updateRotationUnchecked:84 com.android.server.wm.DisplayRotation$OrientationListener.onProposedRotationChanged:330 com.android.server.wm.WindowOrientationListener$OrientationSensorJudge.finalizeRotation:26 com.android.server.wm.WindowOrientationListener$OrientationSensorJudge.onSensorChanged:386 android.hardware.SystemSensorManager$SensorEventQueue.dispatchSensorEvent:1181 android.os.MessageQueue.nativePollOnce:-2 
11-11 10:11:31.870  1887  2128 I BtGatt.ScanHelper: onScanResult to scannerId: 1- eventType=0x1b, addressType=1, address=XX:XX:XX:XX:2A:5D, primaryPhy=1, secondaryPhy=0, advertisingSid=0xff, txPower=127, rssi=-47, periodicAdvInt=0x0
11-11 10:11:31.874  2978  4451 I NearbyDiscovery: (REDACTED) BloomFilterAdvManager: Detected bloom filter but too far away, ignoring. %sm, %s
11-11 10:11:32.365   827   928 I SensorsHub: DeviceOrientation(0): event = 0, time = 47020220755662
11-11 10:11:32.365  1580  1580 D AppController: AppControlSensorListener.onSensorChanged, Rotation: 0
11-11 10:11:32.366  1197  1237 D WindowOrientationListener: onSensorChanged device orientation: 0
11-11 10:11:32.368  1197  1237 V WindowManager: Computed rotation=ROTATION_0 (0) for display id=0 based on lastOrientation=SCREEN_ORIENTATION_UNSPECIFIED (-1) and oldRotation=ROTATION_0 (0), caller=com.android.server.wm.WindowManagerService.updateRotationUnchecked:84 com.android.server.wm.DisplayRotation$OrientationListener.onProposedRotationChanged:330 com.android.server.wm.WindowOrientationListener$OrientationSensorJudge.finalizeRotation:26 com.android.server.wm.WindowOrientationListener$OrientationSensorJudge.onSensorChanged:386 android.hardware.SystemSensorManager$SensorEventQueue.dispatchSensorEvent:1181 android.os.MessageQueue.nativePollOnce:-2 
11-11 10:11:33.189   822   872 E BatteryDump: !@new_battery_dump : 4361,693,3000,3150,99,220,220,242,0,240,263,0,0,Charging,NO_CHARGING,Normal,Good,PDIC,0,Normal,0,0,14700,0x0,0x10000,0x0,0,0,0000,0000,00000000,0,0,0,0,1,4301,9810,990,0,
11-11 10:11:33.197   822   822 I android.hardware.health@2.1-service-samsung: updateLrpSysfs: write: 263
11-11 10:11:33.368  1197  1271 D PowerManagerService: UserActivityStateListenerState: 0
11-11 10:11:33.652  1887  2128 I BtGatt.ScanHelper: onScanResult to scannerId: 5- eventType=0x0, addressType=1, address=XX:XX:XX:XX:CA:EB, primaryPhy=1, secondaryPhy=1, advertisingSid=0x1, txPower=127, rssi=-68, periodicAdvInt=0x0
11-11 10:11:33.739  1887  2128 I BtGatt.ScanHelper: onScanResult to scannerId: 5- eventType=0x10, addressType=1, address=XX:XX:XX:XX:8F:1B, primaryPhy=1, secondaryPhy=0, advertisingSid=0xff, txPower=127, rssi=-65, periodicAdvInt=0x0
11-11 10:11:34.160   862  1012 I EDEN    : [Exynos][EDEN][v1.6.23][SERVICE] processAliveMointorMain:253: Try to check pid=(844)...
11-11 10:11:34.176  1197  1399 E WifiScoringParams: Invalid frequency(-1), using 5G as default rssi array
11-11 10:11:34.181  1061  1061 W wificond: Failed to get NL80211_ATTR_MAX_NUM_AKM_SUITES
11-11 10:11:34.184  1061  1061 W wificond: Failed to get NL80211_ATTR_MAX_NUM_AKM_SUITES
11-11 10:11:34.186  1061  1061 W wificond: Failed to get NL80211_ATTR_MAX_NUM_AKM_SUITES
11-11 10:11:34.344   827   928 I SensorsHub: DeviceOrientation(0): event = 255, time = 47022200039460
11-11 10:11:34.344  1580  1580 D AppController: AppControlSensorListener.onSensorChanged, Rotation: -1
11-11 10:11:34.344  1197  1237 D WindowOrientationListener: onSensorChanged device orientation: -1
11-11 10:11:34.346  1197  1237 V WindowManager: Computed rotation=ROTATION_0 (0) for display id=0 based on lastOrientation=SCREEN_ORIENTATION_UNSPECIFIED (-1) and oldRotation=ROTATION_0 (0), caller=com.android.server.wm.WindowManagerService.updateRotationUnchecked:84 com.android.server.wm.DisplayRotation$OrientationListener.onProposedRotationChanged:330 com.android.server.wm.WindowOrientationListener$OrientationSensorJudge.finalizeRotation:26 com.android.server.wm.WindowOrientationListener$OrientationSensorJudge.onSensorChanged:386 android.hardware.SystemSensorManager$SensorEventQueue.dispatchSensorEvent:1181 android.os.MessageQueue.nativePollOnce:-2 
11-11 10:11:34.384   827   928 I SensorsHub: DeviceOrientation(0): event = 0, time = 47022240047494
11-11 10:11:34.385  1580  1580 D AppController: AppControlSensorListener.onSensorChanged, Rotation: 0
11-11 10:11:34.385  1197  1237 D WindowOrientationListener: onSensorChanged device orientation: 0
11-11 10:11:34.386  1197  1237 V WindowManager: Computed rotation=ROTATION_0 (0) for display id=0 based on lastOrientation=SCREEN_ORIENTATION_UNSPECIFIED (-1) and oldRotation=ROTATION_0 (0), caller=com.android.server.wm.WindowManagerService.updateRotationUnchecked:84 com.android.server.wm.DisplayRotation$OrientationListener.onProposedRotationChanged:330 com.android.server.wm.WindowOrientationListener$OrientationSensorJudge.finalizeRotation:26 com.android.server.wm.WindowOrientationListener$OrientationSensorJudge.onSensorChanged:386 android.hardware.SystemSensorManager$SensorEventQueue.dispatchSensorEvent:1181 android.os.MessageQueue.nativePollOnce:-2 
11-11 10:11:34.609   895   895 I SurfaceFlinger: SFWD update time=47022466666366
11-11 10:11:34.670   573   573 D io_stats: !@   8,0 r 589102 13431906 w 108269 24997264 d 35689 24726760 f 0 7742 iot 567556 0 th 0 0 0 pt 0 inp 0 0 47022.527
11-11 10:11:34.670   573   573 D io_stats: !@ Write_top(KB): android.hardwar(822) 8
11-11 10:11:34.737  2629  2629 I SDHMS:LOAD: type: LoadsFreqs, value: 0:14:0:1002240:1536000:960000:982759:2002000:960000:0:0:0
11-11 10:11:35.112 28209 28235 I Heartbeat: VAD: Speech Detected
11-11 10:11:35.337  2978  2978 D BoundBrokerSvc: onUnbind: Intent { act=com.google.android.gms.libs.gmscorelogger.service.START dat=chimera-action:/... cmp=com.google.android.gms/.chimera.PersistentDirectBootAwareApiService }
11-11 10:11:35.384   827   928 I SensorsHub: DeviceOrientation(0): event = 255, time = 47023239760065
11-11 10:11:35.385  1197  1237 D WindowOrientationListener: onSensorChanged device orientation: -1
11-11 10:11:35.385  1580  1580 D AppController: AppControlSensorListener.onSensorChanged, Rotation: -1
11-11 10:11:35.386  1197  1237 D PowerManagerService: [api] setPowerBoost(L) boost:0, durationMs:0, caller (uid: 1000 pid: 1197) <- m() in com.android.server.display.DisplayManagerService$BinderService$$ExternalSyntheticOutline0:1
11-11 10:11:35.387  1197  1237 V WindowManager: Computed rotation=ROTATION_0 (0) for display id=0 based on lastOrientation=SCREEN_ORIENTATION_UNSPECIFIED (-1) and oldRotation=ROTATION_0 (0), caller=com.android.server.wm.WindowManagerService.updateRotationUnchecked:84 com.android.server.wm.DisplayRotation$OrientationListener.onProposedRotationChanged:330 com.android.server.wm.WindowOrientationListener$OrientationSensorJudge.finalizeRotation:26 com.android.server.wm.WindowOrientationListener$OrientationSensorJudge.onSensorChanged:386 android.hardware.SystemSensorManager$SensorEventQueue.dispatchSensorEvent:1181 android.os.MessageQueue.nativePollOnce:-2 
11-11 10:11:35.492 28209 28235 D Heartbeat: Completing Stage1 segment with 19 frames
11-11 10:11:35.492 28209 28235 I Heartbeat: Stage1 segment ready id=8 duration=604ms samples=9728
11-11 10:11:35.522  1887  2128 I BtGatt.ScanHelper: onScanResult to scannerId: 1- eventType=0x1b, addressType=1, address=XX:XX:XX:XX:2A:5D, primaryPhy=1, secondaryPhy=0, advertisingSid=0xff, txPower=127, rssi=-48, periodicAdvInt=0x0
11-11 10:11:35.525  2978  4451 I NearbyDiscovery: (REDACTED) BloomFilterAdvManager: Detected bloom filter but too far away, ignoring. %sm, %s
11-11 10:11:35.612  1887  2128 I BtGatt.ScanHelper: onScanResult to scannerId: 5- eventType=0x10, addressType=1, address=XX:XX:XX:XX:8F:1B, primaryPhy=1, secondaryPhy=0, advertisingSid=0xff, txPower=127, rssi=-64, periodicAdvInt=0x0
11-11 10:11:35.632 28209 28235 I Heartbeat: VAD: Speech Detected
11-11 10:11:35.783   827   928 I SensorsHub: DeviceOrientation(0): event = 2, time = 47023639657300
11-11 10:11:35.784  1580  1580 D AppController: AppControlSensorListener.onSensorChanged, Rotation: 2
11-11 10:11:35.784  1197  1237 D WindowOrientationListener: onSensorChanged device orientation: 2
11-11 10:11:35.786  1197  1237 V WindowManager: Computed rotation=ROTATION_180 (2) for display id=0 based on lastOrientation=SCREEN_ORIENTATION_UNSPECIFIED (-1) and oldRotation=ROTATION_0 (0), caller=com.android.server.wm.WindowManagerService.updateRotationUnchecked:84 com.android.server.wm.DisplayRotation$OrientationListener.onProposedRotationChanged:330 com.android.server.wm.WindowOrientationListener$OrientationSensorJudge.finalizeRotation:26 com.android.server.wm.WindowOrientationListener$OrientationSensorJudge.onSensorChanged:386 android.hardware.SystemSensorManager$SensorEventQueue.dispatchSensorEvent:1181 android.os.MessageQueue.nativePollOnce:-2 
11-11 10:11:35.786  1197  1237 D WindowManager: setRotation: rotation=2
11-11 10:11:35.786  1197  1237 D WindowWakeUpPolicy: HINT_PWM_ROTATION acquire()
11-11 10:11:35.787  1197  1237 I SemDvfsHyPerManager: acquire hyper - PWM_ROTATION/1197@31, type = -999
11-11 10:11:35.788   832   911 I HYPER-HAL: [RequestManager.cpp]acquire(): Acquired ID : 754637  [1197 / 31]    HINT : PWM_ROTATION    list : 
11-11 10:11:35.788  1197  1237 D WindowManager: Transition is created, t=TransitionRecord{8453e49 id=-1 type=CHANGE flags=0x0}, caller=com.android.server.wm.Transition.<init>:170 com.android.server.wm.TransitionController.createTransition:17 com.android.server.wm.TransitionController.requestStartDisplayTransition:3 com.android.server.wm.DisplayContent.requestChangeTransition:3 com.android.server.wm.DisplayRotation.updateRotationUnchecked:843 
11-11 10:11:35.789  1197  1237 D BLASTSyncEngine: SyncGroup is created, id=169, name=Transition-CHANGE, caller=com.android.server.wm.BLASTSyncEngine$SyncGroup.<init>:51 com.android.server.wm.TransitionController.moveToCollecting:78 com.android.server.wm.TransitionController.createTransition:47 com.android.server.wm.TransitionController.requestStartDisplayTransition:3 com.android.server.wm.DisplayContent.requestChangeTransition:3 com.android.server.wm.DisplayRotation.updateRotationUnchecked:843 com.android.server.wm.WindowManagerService.updateRotationUnchecked:84 
11-11 10:11:35.790  1197  1237 W BLASTSyncEngine: setSyncMethod, id=169, method=0, caller=com.android.server.wm.TransitionController.moveToCollecting:90 com.android.server.wm.TransitionController.createTransition:47 com.android.server.wm.TransitionController.requestStartDisplayTransition:3 
11-11 10:11:35.790  1197  1237 V WindowManager: Start collecting in Transition: TransitionRecord{8453e49 id=169 type=CHANGE flags=0x0}, caller=com.android.server.wm.TransitionController.createTransition:47 com.android.server.wm.TransitionController.requestStartDisplayTransition:3 com.android.server.wm.DisplayContent.requestChangeTransition:3 com.android.server.wm.DisplayRotation.updateRotationUnchecked:843 com.android.server.wm.WindowManagerService.updateRotationUnchecked:84 
11-11 10:11:35.791  1197  1237 V WindowManager: Requesting StartTransition: TransitionRecord{8453e49 id=169 type=CHANGE flags=0x0}, caller=com.android.server.wm.TransitionController.requestStartDisplayTransition:8 com.android.server.wm.DisplayContent.requestChangeTransition:3 com.android.server.wm.DisplayRotation.updateRotationUnchecked:843 com.android.server.wm.WindowManagerService.updateRotationUnchecked:84 com.android.server.wm.DisplayRotation$OrientationListener.onProposedRotationChanged:330 
11-11 10:11:35.793  1197  1237 V WindowManager: Collecting in transition 169: Display{#0 state=ON size=1200x2000 ROTATION_0}, caller=com.android.server.wm.DisplayContent.requestChangeTransition:8 com.android.server.wm.DisplayRotation.updateRotationUnchecked:843 com.android.server.wm.WindowManagerService.updateRotationUnchecked:84 com.android.server.wm.DisplayRotation$OrientationListener.onProposedRotationChanged:330 com.android.server.wm.WindowOrientationListener$OrientationSensorJudge.finalizeRotation:26 
11-11 10:11:35.793  1580  1803 V WindowManagerShell: Transition requested (#169): android.os.BinderProxy@e1b67b0 TransitionRequestInfo { type = CHANGE, triggerTask = null, pipTask = null, remoteTransition = null, displayChange = DisplayChange { displayId = 0, startAbsBounds = null, endAbsBounds = null, startRotation = 0, endRotation = 2, physicalDisplayChanged = false }, flags = 0, debugId = 169 }
11-11 10:11:35.793  1197  1237 D WindowManager: prepareSync <SYNC_STATE_WAITING_FOR_DRAW>, mPrepareSyncSeqId=0, win=Window{4762e78 u0 LockscreenShortcutBlur}
11-11 10:11:35.793  1197  1237 D WindowManager: prepareSync <SYNC_STATE_WAITING_FOR_DRAW>, mPrepareSyncSeqId=0, win=Window{bd0edc1 u0 NotificationShade}
11-11 10:11:35.793  1197  1237 D WindowManager: prepareSync <SYNC_STATE_WAITING_FOR_DRAW>, mPrepareSyncSeqId=0, win=Window{c47791c u0 InputMethod}
11-11 10:11:35.793  1197  1237 D WindowManager: prepareSync <SYNC_STATE_WAITING_FOR_DRAW>, mPrepareSyncSeqId=0, win=Window{2c27788 u0 RecentsTransitionOverlay}
11-11 10:11:35.794  1197  1237 D WindowManager: prepareSync <SYNC_STATE_WAITING_FOR_DRAW>, mPrepareSyncSeqId=0, win=Window{c315c8a u0 com.frontieraudio.heartbeat/com.frontieraudio.heartbeat.MainActivity}
11-11 10:11:35.794  1197  1237 D WindowManager: prepareSync <SYNC_STATE_WAITING_FOR_DRAW>, mPrepareSyncSeqId=0, win=Window{3db7724 u0 com.sec.android.app.myfiles/com.sec.android.app.myfiles.ui.MainActivity}
11-11 10:11:35.794  1197  1237 D WindowManager: prepareSync <SYNC_STATE_WAITING_FOR_DRAW>, mPrepareSyncSeqId=0, win=Window{442615b u0 com.samsung.android.lool/com.samsung.android.sm.battery.ui.setting.AppPowerManagementActivity}
11-11 10:11:35.794  1197  1237 D WindowManager: prepareSync <SYNC_STATE_WAITING_FOR_DRAW>, mPrepareSyncSeqId=0, win=Window{af8d7c6 u0 com.samsung.android.lool/com.samsung.android.sm.battery.ui.BatteryActivity}
11-11 10:11:35.794  1197  1237 D WindowManager: prepareSync <SYNC_STATE_WAITING_FOR_DRAW>, mPrepareSyncSeqId=0, win=Window{bc13af3 u0 com.android.settings/com.android.settings.Settings}
11-11 10:11:35.794  1197  1237 D WindowManager: prepareSync <SYNC_STATE_WAITING_FOR_DRAW>, mPrepareSyncSeqId=0, win=Window{18baae8 u0 com.sec.android.app.camera/com.sec.android.app.camera.Camera}
11-11 10:11:35.795  1197  1237 D WindowManager: prepareSync <SYNC_STATE_WAITING_FOR_DRAW>, mPrepareSyncSeqId=0, win=Window{db63e69 u0 com.samsung.android.calendar/com.samsung.android.libcalendar.platform.permission.activity.PermissionCheckActivity}
11-11 10:11:35.795  1197  1237 D WindowManager: prepareSync <SYNC_STATE_WAITING_FOR_DRAW>, mPrepareSyncSeqId=0, win=Window{7fef163 u0 com.samsung.android.calendar/com.samsung.android.app.calendar.activity.MainActivity}
11-11 10:11:35.795  1197  1237 D WindowManager: prepareSync <SYNC_STATE_WAITING_FOR_DRAW>, mPrepareSyncSeqId=0, win=Window{19a1c95 u0 com.sec.android.app.launcher/com.sec.android.app.launcher.activities.LauncherActivity}
11-11 10:11:35.795  1197  1237 D WindowManager: prepareSync <SYNC_STATE_WAITING_FOR_DRAW>, mPrepareSyncSeqId=0, win=Window{f9e39ee u0 com.sec.android.app.launcher/com.android.quickstep.RecentsActivity}
11-11 10:11:35.795  1197  1237 D WindowManager: prepareSync <SYNC_STATE_WAITING_FOR_DRAW>, mPrepareSyncSeqId=0, win=Window{97eb632 u0 com.google.android.googlequicksearchbox/com.google.android.apps.search.assistant.surfaces.voice.ui.host.activity.defaultactivity.FragmentHostDefaultActivity}
11-11 10:11:35.797  1197  1237 D WindowManager: applyWithNextDraw, mSyncSeqId=1, win=Window{1571584 u0 ScreenDecorOverlayBottom}, caller=com.android.server.wm.WindowState.applyWithNextDraw:128 com.android.server.wm.AsyncRotationController.keepAppearanceInPreviousRotation:58 com.android.server.wm.AsyncRotationController.<init>:129 com.android.server.wm.DisplayContent.startAsyncRotation:26 com.android.server.wm.DisplayContent.requestChangeTransition:170 com.android.server.wm.DisplayRotation.updateRotationUnchecked:843 
11-11 10:11:35.797  1197  1237 D AsyncRotation_WindowManager: Sync draw for Window{1571584 u0 ScreenDecorOverlayBottom}
11-11 10:11:35.798  1197  1237 D WindowManager: applyWithNextDraw, mSyncSeqId=1, win=Window{28093d8 u0 ScreenDecorOverlay}, caller=com.android.server.wm.WindowState.applyWithNextDraw:128 com.android.server.wm.AsyncRotationController.keepAppearanceInPreviousRotation:58 com.android.server.wm.AsyncRotationController.<init>:129 com.android.server.wm.DisplayContent.startAsyncRotation:26 com.android.server.wm.DisplayContent.requestChangeTransition:170 com.android.server.wm.DisplayRotation.updateRotationUnchecked:843 
11-11 10:11:35.798  1197  1237 D AsyncRotation_WindowManager: Sync draw for Window{28093d8 u0 ScreenDecorOverlay}
11-11 10:11:35.798  1197  1237 D AsyncRotation_WindowManager: Requested to sync draw transaction
11-11 10:11:35.799  1197  1237 D WindowManager: fadeWindowToken, show=false, animationType=token_transform, topWindow=Window{b650d0a u0 com.sec.android.app.launcher/com.samsung.app.honeyspace.edge.edgepanel.app.CocktailBarService}, token=WindowToken{da878ac type=2226 android.os.BinderProxy@301265f}, caller=com.android.server.wm.DisplayContent.startAsyncRotation:97 com.android.server.wm.DisplayContent.requestChangeTransition:170 com.android.server.wm.DisplayRotation.updateRotationUnchecked:843 com.android.server.wm.WindowManagerService.updateRotationUnchecked:84 com.android.server.wm.DisplayRotation$OrientationListener.onProposedRotationChanged:330 
11-11 10:11:35.800  1197  1237 I WindowManager: Reparenting to leash, surface=Surface(name=WindowToken{da878ac type=2226 android.os.BinderProxy@301265f})/@0x218146e, syncState=0, syncCommitDepth=0, leashParent=Surface(name=Leaf:18:23)/@0x58e670f
11-11 10:11:35.801   895  2419 I SurfaceFlinger: id=1827 createSurf, flag=24000, Surface(name=WindowToken{da878ac type=2226 android.os.BinderProxy@301265f})/@0x218146e - animation-leash of token_transform#1827
11-11 10:11:35.802  1197  1237 D WindowManager: makeSurface duration=2 leash=Surface(name=Surface(name=WindowToken{da878ac type=2226 android.os.BinderProxy@301265f})/@0x218146e - animation-leash of token_transform)/@0xbec8c6f
11-11 10:11:35.803  1197  1237 D AsyncRotation_WindowManager: Start fade-out Window{b650d0a u0 com.sec.android.app.launcher/com.samsung.app.honeyspace.edge.edgepanel.app.CocktailBarService}
11-11 10:11:35.803  1197  1237 D WindowManager: fadeWindowToken, show=false, animationType=token_transform, topWindow=Window{705b777 u0 TaskbarWindow}, token=WindowToken{cdfec4d type=2024 android.os.BinderProxy@fdac033}, caller=com.android.server.wm.DisplayContent.startAsyncRotation:97 com.android.server.wm.DisplayContent.requestChangeTransition:170 com.android.server.wm.DisplayRotation.updateRotationUnchecked:843 com.android.server.wm.WindowManagerService.updateRotationUnchecked:84 com.android.server.wm.DisplayRotation$OrientationListener.onProposedRotationChanged:330 
11-11 10:11:35.803  1197  1237 I WindowManager: Reparenting to leash, surface=Surface(name=WindowToken{cdfec4d type=2024 android.os.BinderProxy@fdac033})/@0x477c650, syncState=0, syncCommitDepth=0, leashParent=Surface(name=Leaf:24:25)/@0xac161a5
11-11 10:11:35.804   895  1067 I SurfaceFlinger: id=1828 createSurf, flag=24000, Surface(name=WindowToken{cdfec4d type=2024 android.os.BinderProxy@fdac033})/@0x477c650 - animation-leash of token_transform#1828
11-11 10:11:35.805  1197  1237 D WindowManager: makeSurface duration=2 leash=Surface(name=Surface(name=WindowToken{cdfec4d type=2024 android.os.BinderProxy@fdac033})/@0x477c650 - animation-leash of token_transform)/@0x35bcd7c
11-11 10:11:35.806  1197  1237 D AsyncRotation_WindowManager: Start fade-out Window{705b777 u0 TaskbarWindow}
11-11 10:11:35.806  1197  1237 D AsyncRotation_WindowManager: Start seamless Window{1571584 u0 ScreenDecorOverlayBottom}
11-11 10:11:35.806  1197  1237 D AsyncRotation_WindowManager: Start seamless Window{28093d8 u0 ScreenDecorOverlay}
11-11 10:11:35.806  1197  1237 D WindowManager: fadeWindowToken, show=false, animationType=token_transform, topWindow=Window{5fef443 u0 StatusBar}, token=WindowToken{5bda4fd type=2000 android.os.BinderProxy@1b5b4a7}, caller=com.android.server.wm.DisplayContent.startAsyncRotation:97 com.android.server.wm.DisplayContent.requestChangeTransition:170 com.android.server.wm.DisplayRotation.updateRotationUnchecked:843 com.android.server.wm.WindowManagerService.updateRotationUnchecked:84 com.android.server.wm.DisplayRotation$OrientationListener.onProposedRotationChanged:330 
11-11 10:11:35.806  1197  1237 I WindowManager: Reparenting to leash, surface=Surface(name=WindowToken{5bda4fd type=2000 android.os.BinderProxy@1b5b4a7})/@0xd5d0a35, syncState=0, syncCommitDepth=0, leashParent=Surface(name=Leaf:15:15)/@0x654652b
11-11 10:11:35.807   895  1067 I SurfaceFlinger: id=1829 createSurf, flag=24000, Surface(name=WindowToken{5bda4fd type=2000 android.os.BinderProxy@1b5b4a7})/@0xd5d0a35 - animation-leash of token_transform#1829
11-11 10:11:35.808  1197  1237 D WindowManager: makeSurface duration=1 leash=Surface(name=Surface(name=WindowToken{5bda4fd type=2000 android.os.BinderProxy@1b5b4a7})/@0xd5d0a35 - animation-leash of token_transform)/@0x9a7605
11-11 10:11:35.809  1197  1237 D AsyncRotation_WindowManager: Start fade-out Window{5fef443 u0 StatusBar}
11-11 10:11:35.812  1197  3766 I AudioManager: setParameters keyValuePairs = g_hw_display_rotation=2
11-11 10:11:35.815  1580  1803 D PipTouchState: reset PipTouchState callers=com.android.wm.shell.pip.phone.PipTouchState.reset:12 com.android.wm.shell.pip.phone.PipController.updateMovementBounds:372 com.android.wm.shell.pip.phone.PipController$$ExternalSyntheticLambda4.onDisplayChange$1:414 
11-11 10:11:35.815   869   984 I SoundBooster_Interface1100_a64: SetOrientation( 2 )
11-11 10:11:35.815   869   984 I SoundBooster_Interface1100_a64: SetOrientation( 2 )
11-11 10:11:35.815   869   984 I SoundBooster_Interface1100_a64: SetOrientation( 2 )
11-11 10:11:35.816   869   984 I SoundBooster_Interface1100_a64: SetOrientation( 2 )
11-11 10:11:35.816   869   984 D AudioFlinger: setParameters: filtered dev setParameters keyvalue g_hw_display_rotation=2
11-11 10:11:35.817  1197  1239 V WindowManager: Starting Transition 169, caller=com.android.server.wm.WindowOrganizerController$$ExternalSyntheticLambda6.run:19 android.os.Handler.handleCallback:959 android.os.Handler.dispatchMessage:100 
11-11 10:11:35.820   815   815 V sec_audio_hw: sec_dev_set_parameters : g_hw_display_rotation=2
11-11 10:11:35.821   815   815 D audio_hw_primary: device-adev_set_parameters: enter
11-11 10:11:35.821   815   815 D audio_hw_primary: device-adev_set_parameters: param (g_hw_display_rotation=2)
11-11 10:11:35.823  1197  1239 D DisplayManager.PersistentDataStore: saveToXml remembered active display fit status value:false
