11-11 10:11:35.996  1580  1580 D SystemUIService: SYSUI_RAM_OPTIMIZATION onTrimMemory=20
11-11 10:11:35.996  1580  1580 D CentralSurfaces: SYSUI_RAM_OPTIMIZATION onTrimMemory=20
11-11 10:11:35.996  1580  1879 D HWUI    : CacheManager::trimMemory(20)
11-11 10:11:35.996  1580  1580 D DisplayLifecycle: updateDisplay id = 0
11-11 10:11:35.997  1580  1580 I VRI[LockscreenShortcutBlur]@21a6d34: onDisplayChanged oldDisplayState=2 newDisplayState=2
11-11 10:11:35.997  1580  1580 I VRI[NotificationShade]@8c5f34a: onDisplayChanged oldDisplayState=2 newDisplayState=2
11-11 10:11:35.997  1580  1580 I VRI[StatusBar]@a71a1a2: onDisplayChanged oldDisplayState=2 newDisplayState=2
11-11 10:11:35.997  1580  2428 I BLASTBufferQueue_Java: update, w= 1200 h= 36 mName = VRI[ScreenDecorOverlay]@ecc78de mNativeObject= 0xb40000794dc52800 sc.mNativeObject= 0xb40000794df44a00 format= -3 caller= android.view.ViewRootImpl.updateBlastSurfaceIfNeeded:3386 android.view.ViewRootImpl.relayoutWindow:11361 android.view.ViewRootImpl.performTraversals:4544 android.view.ViewRootImpl.doTraversal:3708 android.view.ViewRootImpl$TraversalRunnable.run:12542 android.view.Choreographer$CallbackRecord.run:1751 
11-11 10:11:35.997  1580  2428 I VRI[ScreenDecorOverlay]@ecc78de: Relayout returned: old=(0,0,1200,36) new=(0,0,1200,36) relayoutAsync=false req=(1200,36)0 dur=22 res=0x1 s={true 0xb40000794e2d3000} ch=false seqId=1
11-11 10:11:35.998  1580  1580 D QSClockBellTower: He is ready to ring the bell. (((QSClockBellSound - TimeText:10:11, TimeContentDescription:10:11AM, DateText:Tue, November 11, ShortDateText:Tue, Nov 11, Demo:false)))
11-11 10:11:35.998  1580  1580 D QSClock : StatusBar clock=10:11   Tue, Nov 11 notifyTimeChanged(QSClockBellSound - TimeText:10:11, TimeContentDescription:10:11AM, DateText:Tue, November 11, ShortDateText:Tue, Nov 11, Demo:false) clockVisibleByPolicy=true, clockVisibleByUser=true, visible=true, parent=android.widget.LinearLayout{273c44a V.E...... ......ID 0,0-202,36 #7f0a061f app:id/left_clock_container} caller=com.android.systemui.statusbar.phone.fragment.CollapsedStatusBarFragment.animateShow:47 com.android.systemui.statusbar.phone.fragment.CollapsedStatusBarFragment.updateStatusBarVisibilitiesInner:207 com.android.systemui.statusbar.phone.fragment.CollapsedStatusBarFragment$$ExternalSyntheticLambda3.run:5 com.android.systemui.statusbar.phone.fragment.CollapsedStatusBarFragment.updateStatusBarVisibilities:47 com.android.systemui.statusbar.phone.fragment.CollapsedStatusBarFragment.disable:63  
11-11 10:11:35.998  1580  1580 D QSClockBellTower: Everyone heard the bell. run(currentTime:1762877495997, getTime():Tue Nov 11 10:11:35 CST 2025, getTimeZone():libcore.util.ZoneInfo[mDstSavings=3600000,mUseDst=true,mDelegate=[id="America/Chicago",mRawOffset=-21600000,mEarliestRawOffset=-21036000,transitions=360]])
11-11 10:11:35.999  1580  2428 D VRI[ScreenDecorOverlay]@ecc78de: Relayout called with blastSync
11-11 10:11:36.000  1580  2428 D VRI[ScreenDecorOverlay]@ecc78de: reportNextDraw android.view.ViewRootImpl.performTraversals:4554 android.view.ViewRootImpl.doTraversal:3708 android.view.ViewRootImpl$TraversalRunnable.run:12542 android.view.Choreographer$CallbackRecord.run:1751 android.view.Choreographer$CallbackRecord.run:1760 
11-11 10:11:36.001  1580  2428 D VRI[ScreenDecorOverlay]@ecc78de: mThreadedRenderer.updateSurface() mSurface={isValid=true 0xb40000794e2d3000}
11-11 10:11:36.001  1580  2428 D VRI[ScreenDecorOverlay]@ecc78de: reportNextDraw android.view.ViewRootImpl.performTraversals:5193 android.view.ViewRootImpl.doTraversal:3708 android.view.ViewRootImpl$TraversalRunnable.run:12542 android.view.Choreographer$CallbackRecord.run:1751 android.view.Choreographer$CallbackRecord.run:1760 
11-11 10:11:36.001  2200  2200 I HoneySpace.TaskbarViewModel@150506304@OneUI: updateBGHeight height:72
11-11 10:11:36.001  1580  2428 D VRI[ScreenDecorOverlay]@ecc78de: Canceling draw. cancelDueToPreDrawListener=true cancelDueToSync=false
11-11 10:11:36.001  2200  2200 I HoneySpace.TaskbarPot@95815983: updateLayout() [count=9,gesture=false,hint=true,floating=false,wide=1,isMoreTaskButton=false],iconSize=50
11-11 10:11:36.001  1580  1803 I SurfaceControlRegistry: show, t=StartTransaction_SyncId<169> sc=Animation leash of screenshot rotation, caller=android.view.SurfaceControl$Transaction.show:3232 com.android.wm.shell.transition.ScreenRotationAnimation.<init>:334 com.android.wm.shell.transition.DefaultTransitionHandler.startRotationAnimation:29 com.android.wm.shell.transition.DefaultTransitionHandler.startAnimation:915 com.android.wm.shell.transition.Transitions.dispatchTransition:93 com.android.wm.shell.transition.Transitions.playTransition:700 
11-11 10:11:36.002  1580  1580 D SecVolume.VolumePanelStore: dispatch [ACTION_CONFIGURATION_CHANGED with [STATE_NO_DISPATCH], currentAction={isFromOutside : true}, currentState={activeStream=-1(vol=null), stream=-1(vol=null) } isSetupWizardComplete : true, isVoiceCapable : true, activeStream : -1, ringerModeInternal : 0, earProtectLevel : 909, coverType : 0, systemTimeNow : 25184}
11-11 10:11:36.002  1197  4652 V WindowManager: Relayout Window{1571584 u0 ScreenDecorOverlayBottom}: viewVisibility=0 req=1200x36 ty=2024 d0
11-11 10:11:36.002   895  1067 I SurfaceFlinger: id=1833 createSurf, flag=20404, BackColorSurface#1833
11-11 10:11:36.003  1580  1580 D SecVolume.ConfigurationWrapper: this=[ nightMode=false, orientation=1, density=240, fontScale=1.15, locale=en_US, displayType=-1 ] / density=240, fontScale=1.15, locale=en_US, nightMode=false
11-11 10:11:36.003  1580  1803 I SurfaceControlRegistry: show, t=StartTransaction_SyncId<169> sc=BackColorSurface, caller=android.view.SurfaceControl$Transaction.show:3232 com.android.wm.shell.transition.ScreenRotationAnimation.<init>:452 com.android.wm.shell.transition.DefaultTransitionHandler.startRotationAnimation:29 com.android.wm.shell.transition.DefaultTransitionHandler.startAnimation:915 com.android.wm.shell.transition.Transitions.dispatchTransition:93 com.android.wm.shell.transition.Transitions.playTransition:700 
11-11 10:11:36.003  1580  1803 I SurfaceComposerClient: apply DisplayState::eDisplayProjectionChanged(index:0) orientation(2) layerStackSpaceRect(1200x2000) orientedDisplaySpaceRect(1200x2000)
11-11 10:11:36.003  1197  4652 V WindowManager: Relayout hash=1571584, pid=1580, syncId=-1: mAttrs={(0,0)(fillxwrap) gr=TOP CENTER_VERTICAL sim={adjust=pan} layoutInDisplayCutoutMode=always ty=NAVIGATION_BAR_PANEL fmt=TRANSLUCENT
11-11 10:11:36.003  1197  4652 V WindowManager:   fl=20800138
11-11 10:11:36.003  1197  4652 V WindowManager:   pfl=31100050
11-11 10:11:36.003  1197  4652 V WindowManager:   vsysui=100
11-11 10:11:36.003  1197  4652 V WindowManager:   bhv=1
11-11 10:11:36.003  1197  4652 V WindowManager:   frameRateBoostOnTouch=true
11-11 10:11:36.003  1197  4652 V WindowManager:   dvrrWindowFrameRateHint=true naviIconColor=0}
11-11 10:11:36.004  1197  3425 V WindowManager: Relayout hash=5fef443, pid=0, syncId=-1: mAttrs={(0,0)(fillx36) gr=TOP CENTER_VERTICAL sim={adjust=pan} layoutInDisplayCutoutMode=always ty=STATUS_BAR fmt=TRANSLUCENT
11-11 10:11:36.004  1197  3425 V WindowManager:   fl=81000008
11-11 10:11:36.004  1197  3425 V WindowManager:   pfl=11000000
11-11 10:11:36.004  1197  3425 V WindowManager:   bhv=1
11-11 10:11:36.004  1197  3425 V WindowManager:   providedInsets:
11-11 10:11:36.004  1197  3425 V WindowManager:     InsetsFrameProvider: {id=#216d0000, index=0, type=statusBars, source=FRAME, flags=[], insetsSize=Insets{left=0, top=36, right=0, bottom=0}}
11-11 10:11:36.004  1197  3425 V WindowManager:     InsetsFrameProvider: {id=#216d0006, index=0, type=tappableElement, source=FRAME, flags=[], insetsSize=Insets{left=0, top=36, right=0, bottom=0}}
11-11 10:11:36.004  1197  3425 V WindowManager:     InsetsFrameProvider: {id=#216d0005, index=0, type=mandatorySystemGestures, source=FRAME, flags=[], mMinimalInsetsSizeInDisplayCutoutSafe=Insets{left=0, top=18, right=0, bottom=0}}
11-11 10:11:36.004  1197  3425 V WindowManager:   frameRateBoostOnTouch=true
11-11 10:11:36.004  1197  3425 V WindowManager:   dvrrWindowFrameRateHint=true
11-11 10:11:36.004  1197  3425 V WindowManager:   paramsForRotation:
11-11 10:11:36.004  1197  3425 V WindowManager:     ROTATION_0={(0,0)(fillx36) gr=TOP CENTER_VERTICAL layoutInDisplayCutoutMode=always ty=STATUS_BAR fmt=TRANSLUCENT
11-11 10:11:36.004  1197  3425 V WindowManager:       fl=80000008
11-11 10:11:36.004  1197  3425 V WindowManager:       pfl=11000000
11-11 10:11:36.004  1197  3425 V WindowManager:       bhv=1
11-11 10:11:36.004  1197  3425 V WindowManager:       providedInsets:
11-11 10:11:36.004  1197  3425 V WindowManager:         InsetsFrameProvider: {id=#216d0000, index=0, type=statusBars, source=FRAME, flags=[], insetsSize=Insets{left=0, top=36, right=0, bottom=0}}
11-11 10:11:36.004  1197  3425 V WindowManager:         InsetsFrameProvider: {id=#216d0006, index=0, type=tappableElement, source=FRAME, flags=[], insetsSize=Insets{left=0, top=36, right=0, bottom=0}}
11-11 10:11:36.004  1197  3425 V WindowManager:         InsetsFrameProvider: {id=#216d0005, index=0, type=mandatorySystemGestures, source=FRAME, flags=[], insetsSize=Insets{left=0, top=36, right=0, bottom=0}, mMinimalInsetsSizeInDisplayCutoutSafe=Insets{left=0, top=18, right=0, bottom=0}}
11-11 10:11:36.004  1197  3425 V WindowManager:       frameRateBoostOnTouch=true
11-11 10:11:36.004  1197  3425 V WindowManager:       dvrrWindowFrameRateHint=true naviIconColor=0}
11-11 10:11:36.004  1197  3425 V WindowManager:     ROTATION_90={(0,0)(fillx36) gr=TOP CENTER_VERTICAL layoutInDisplayCutoutMode=always ty=STATUS_BAR fmt=TRANSLUCENT
11-11 10:11:36.004  1197  3425 V WindowManager:       fl=80000008
11-11 10:11:36.004  1197  3425 V WindowManager:       pfl=11000000
11-11 10:11:36.004  1197  3425 V WindowManager:       bhv=1
11-11 10:11:36.004  1197  3425 V WindowManager:       providedInsets:
11-11 10:11:36.004  1197  3425 V WindowManager:         InsetsFrameProvider: {id=#216d0000, index=0, type=statusBars, source=FRAME, flags=[], insetsSize=Insets{left=0, top=36, right=0, bottom=0}}
11-11 10:11:36.004  1197  3425 V WindowManager:         InsetsFrameProvider: {id=#216d0006, index=0, type=tappableElement, source=FRAME, flags=[], insetsSize=Insets{left=0, top=36, right=0, bottom=0}}
11-11 10:11:36.004  1197  3425 V WindowManager:         InsetsFrameProvider: {id=#216d0005, index=0, type=mandatorySystemGestures, source=FRAME, flags=[], insetsSize=Insets{left=0, top=36, right=0, bottom=0}, mMinimalInsetsSizeInDisplayCutoutSafe=Insets{left=0, top=18, right=0, bottom=0}}
11-11 10:11:36.004  1197  3425 V WindowManager:       frameRateBoostOnTouch=true
11-11 10:11:36.004  1197  3425 V WindowManager:       dvrrWindowFrameRateHint=true naviIconColor=0}
11-11 10:11:36.004  1197  3425 V WindowManager:     ROTATION_180={(0,0)(fillx36) gr=TOP CENTER_VERTICAL layoutInDisplayCutoutMode=always ty=STATUS_BAR fmt=TRANSLUCENT
11-11 10:11:36.004  1197  3425 V WindowManager:       fl=80000008
11-11 10:11:36.004  1197  3425 V WindowManager:       pfl=11000000
11-11 10:11:36.004  1197  3425 V WindowManager:       bhv=1
11-11 10:11:36.004  1197  3425 V WindowManager:       providedInsets:
11-11 10:11:36.004  1197  3425 V WindowManager:         InsetsFrameProvider: {id=#216d0000, index=0, type=statusBars, source=FRAME, flags=[], insetsSize=Insets{left=0, top=36, right=0, bottom=0}}
11-11 10:11:36.004  1197  3425 V WindowManager:         InsetsFrameProvider: {id=#216d0006, index=0, type=tappableElement, source=FRAME, flags=[], insetsSize=Insets{left=0, top=36, right=0, bottom=0}}
11-11 10:11:36.004  1197  3425 V WindowManager:         InsetsFrameProvider: {id=#216d0005, index=0, type=mandatorySystemGestures, source=FRAME, flags=[], insetsSize=Insets{left=0, top=36, right=0, bottom=0}, mMinimalInsetsSizeInDisplayCutoutSafe=Insets{left=0, top=18, right=0, bottom=0}}
11-11 10:11:36.004  1197  3425 V WindowManager:       frameRateBoostOnTouch=true
11-11 10:11:36.004  1197  3425 V WindowManager:       dvrrWindowFrameRateHint=true naviIconColor=0}
11-11 10:11:36.004  1197  3425 V WindowManager:     ROTATION_270={(0,0)(fillx36) gr=TOP CENTER_VERTICAL layoutInDisplayCutoutMode=always ty=STATUS_BAR fmt=TRANSLUCENT
11-11 10:11:36.004  1197  3425 V WindowManager:       fl=80000008
11-11 10:11:36.004  1197  3425 V WindowManager:       pfl=11000000
11-11 10:11:36.004  1197  3425 V WindowManager:       bhv=1
11-11 10:11:36.004  1197  3425 V WindowManager:       providedInsets:
11-11 10:11:36.004  1197  3425 V WindowManager:         InsetsFrameProvider: {id=#216d0000, index=0, type=statusBars, source=FRAME, flags=[], insetsSize=Insets{left=0, top=36, right=0, bottom=0}}
11-11 10:11:36.004  1197  3425 V WindowManager:         InsetsFrameProvider: {id=#216d0006, index=0, type=tappableElement, source=FRAME, flags=[], insetsSize=Insets{left=0, top=36, right=0, bottom=0}}
11-11 10:11:36.004  1197  3425 V WindowManager:         InsetsFrameProvider: {id=#216d0005, index=0, type=mandatorySystemGestures, source=FRAME, flags=[], insetsSize=Insets{left=0, top=36, right=0, bottom=0}, mMinimalInsetsSizeInDisplayCutoutSafe=Insets{left=0, top=18, right=0, bottom=0}}
11-11 10:11:36.004  1197  3425 V WindowManager:       frameRateBoostOnTouch=true
11-11 10:11:36.004  1197  3425 V WindowManager:       dvrrWindowFrameRateHint=true naviIconColor=0} naviIconColor=0}
11-11 10:11:36.005  1580  2428 I BLASTBufferQueue_Java: update, w= 1200 h= 36 mName = VRI[ScreenDecorOverlayBottom]@cdc1e78 mNativeObject= 0xb40000794dc84000 sc.mNativeObject= 0xb40000794df44b80 format= -3 caller= android.view.ViewRootImpl.updateBlastSurfaceIfNeeded:3386 android.view.ViewRootImpl.relayoutWindow:11361 android.view.ViewRootImpl.performTraversals:4544 android.view.ViewRootImpl.doTraversal:3708 android.view.ViewRootImpl$TraversalRunnable.run:12542 android.view.Choreographer$CallbackRecord.run:1751 
11-11 10:11:36.005  1197  4652 D WindowManager: finishDrawingWindow: Window{5fef443 u0 StatusBar} mDrawState=DRAW_PENDING seqId=0
11-11 10:11:36.005  1197  4652 I WindowManager: finishDrawing of orientation change: Window{5fef443 u0 StatusBar} 94ms
11-11 10:11:36.005  1197  4652 D AsyncRotation_WindowManager: handleFinishDrawing Window{5fef443 u0 StatusBar}
11-11 10:11:36.005  1580  2428 I VRI[ScreenDecorOverlayBottom]@cdc1e78: Relayout returned: old=(0,1964,1200,2000) new=(0,0,1200,36) relayoutAsync=false req=(1200,36)0 dur=3 res=0x1 s={true 0xb40000794e2d5800} ch=false seqId=1
11-11 10:11:36.005  1580  2428 D VRI[ScreenDecorOverlayBottom]@cdc1e78: Relayout called with blastSync
11-11 10:11:36.005  1197  4652 D AsyncRotation_WindowManager: Complete set pending Window{5fef443 u0 StatusBar}
11-11 10:11:36.005  1580  1580 D SecVolume.VolumePanelStore:   > New State : [STATE_NO_DISPATCH]
11-11 10:11:36.005  1580  2428 D VRI[ScreenDecorOverlayBottom]@cdc1e78: reportNextDraw android.view.ViewRootImpl.performTraversals:4554 android.view.ViewRootImpl.doTraversal:3708 android.view.ViewRootImpl$TraversalRunnable.run:12542 android.view.Choreographer$CallbackRecord.run:1751 android.view.Choreographer$CallbackRecord.run:1760 
11-11 10:11:36.006  1580  1803 I SurfaceControlRegistry: apply, t=StartTransaction_SyncId<169>, caller=android.view.SurfaceControl$Transaction.apply:3135 android.view.SurfaceControl$Transaction.apply:3122 android.view.SurfaceControl$Transaction.apply:3078 com.android.wm.shell.transition.ScreenRotationAnimation.<init>:613 com.android.wm.shell.transition.DefaultTransitionHandler.startRotationAnimation:29 com.android.wm.shell.transition.DefaultTransitionHandler.startAnimation:915 
11-11 10:11:36.006  1580  2428 D VRI[ScreenDecorOverlayBottom]@cdc1e78: mThreadedRenderer.updateSurface() mSurface={isValid=true 0xb40000794e2d5800}
11-11 10:11:36.006  1197  1240 V WindowManager: performShowLocked: mDrawState=HAS_DRAWN in Window{5fef443 u0 StatusBar}
11-11 10:11:36.006  2200  2200 I HoneySpace.TaskbarPot@95815983: initDefaultTaskbar()
11-11 10:11:36.007   895   895 E SurfaceFlinger: alpha changed 1.000 -> 0.000 - Surface(name=WindowToken{cdfec4d type=2024 android.os.BinderProxy@fdac033})/@0x477c650 - animation-leash of token_transform#1828
11-11 10:11:36.007   895   895 I SurfaceFlinger: Layer [BackColorSurface#1833] hidden!! flag(0)
11-11 10:11:36.007   895   895 I SurfaceFlinger: Layer [Animation leash of screenshot rotation#1832] hidden!! flag(0)
11-11 10:11:36.007   895   895 I SurfaceFlinger: Layer [Transition Root: Display 0 name="Built-in Screen"#1831] hidden!! flag(0)
11-11 10:11:36.007   895   895 E SurfaceFlinger: alpha changed 1.000 -> 0.000 - Surface(name=WindowToken{da878ac type=2226 android.os.BinderProxy@301265f})/@0x218146e - animation-leash of token_transform#1827
11-11 10:11:36.007   895   895 E SurfaceFlinger: alpha changed 1.000 -> 0.000 - Surface(name=WindowToken{5bda4fd type=2000 android.os.BinderProxy@1b5b4a7})/@0xd5d0a35 - animation-leash of token_transform#1829
11-11 10:11:36.007   895   895 I SurfaceFlinger: [LayerHierarchy{RequestedLayerState{WindowedMagnification:0:31#2 parentId=1831 z=5} 7 children}] reparent to LayerHierarchy{RequestedLayerState{Transition Root: Display 0 name="Built-in Screen"#1831 parentId=48} 1 children}
11-11 10:11:36.007   895   895 I SurfaceFlinger: [LayerHierarchy{RequestedLayerState{ImeContainer#16 parentId=1803 relativeParentId=1813 z=1} 1 children}] RelativeParent to LayerHierarchy{RequestedLayerState{c315c8a com.frontieraudio.heartbeat/com.frontieraudio.heartbeat.MainActivity#1813 parentId=1803} 2 children}
11-11 10:11:36.007   895   895 I SurfaceFlinger: [LayerHierarchy{RequestedLayerState{RotationLayer_WmCore#1830 parentId=1832 z=2147483647} no children}] reparent to LayerHierarchy{RequestedLayerState{Animation leash of screenshot rotation#1832 parentId=1831 z=2010000} 1 children}
11-11 10:11:36.007   895   895 I SurfaceFlinger: [Animation leash of screenshot rotation#1832] attach to parent LayerHierarchy{RequestedLayerState{Transition Root: Display 0 name="Built-in Screen"#1831 parentId=48} 2 children}
11-11 10:11:36.007   895   895 I SurfaceFlinger: [BackColorSurface#1833] attach to parent LayerHierarchy{RequestedLayerState{Transition Root: Display 0 name="Built-in Screen"#1831 parentId=48} 3 children}
11-11 10:11:36.008  1580  2428 D VRI[ScreenDecorOverlayBottom]@cdc1e78: reportNextDraw android.view.ViewRootImpl.performTraversals:5193 android.view.ViewRootImpl.doTraversal:3708 android.view.ViewRootImpl$TraversalRunnable.run:12542 android.view.Choreographer$CallbackRecord.run:1751 android.view.Choreographer$CallbackRecord.run:1760 
11-11 10:11:36.008  1580  2428 D VRI[ScreenDecorOverlayBottom]@cdc1e78: Setup new sync=wmsSync-VRI[ScreenDecorOverlayBottom]@cdc1e78#57
11-11 10:11:36.008  1580  2428 I VRI[ScreenDecorOverlayBottom]@cdc1e78: Creating new active sync group VRI[ScreenDecorOverlayBottom]@cdc1e78#58
11-11 10:11:36.009  1580  2428 D VRI[ScreenDecorOverlayBottom]@cdc1e78: registerCallbacksForSync syncBuffer=true
11-11 10:11:36.009  1580  2276 D VRI[ScreenDecorOverlayBottom]@cdc1e78: Received frameDrawingCallback syncResult=0 frameNum=4.
11-11 10:11:36.010  1580  2276 I VRI[ScreenDecorOverlayBottom]@cdc1e78: mWNT: t=0xb40000794fc2b300 mBlastBufferQueue=0xb40000794dc84000 fn= 4 HdrRenderState mRenderHdrSdrRatio=1.0 caller= android.view.ViewRootImpl$11.onFrameDraw:15016 android.view.ThreadedRenderer$1.onFrameDraw:761 <bottom of call stack> 
11-11 10:11:36.010  1580  2276 I VRI[ScreenDecorOverlayBottom]@cdc1e78: Setting up sync and frameCommitCallback
11-11 10:11:36.010  1580  2276 I BLASTBufferQueue_Java: syncNextTransaction, mName= VRI[ScreenDecorOverlayBottom]@cdc1e78 acquireSingleBuffer= true mNativeObject= 0xb40000794dc84000 callback= android.view.ViewRootImpl$11$$ExternalSyntheticLambda2@4d96b0e caller= android.graphics.BLASTBufferQueue.syncNextTransaction:151 android.view.ViewRootImpl$11.onFrameDraw:15042 android.view.ThreadedRenderer$1.onFrameDraw:761 <bottom of call stack> <bottom of call stack> <bottom of call stack> 
11-11 10:11:36.010  1580  2276 I BLASTBufferQueue: [VRI[ScreenDecorOverlayBottom]@cdc1e78#113](f:0,a:1,s:0) syncNextTransaction, callback: 1, acquireSingleBuffer: 1, mTransactionReadyCallback: 0
11-11 10:11:36.011  1580  1879 I BLASTBufferQueue: [VRI[ScreenDecorOverlayBottom]@cdc1e78#113](f:0,a:1,s:0) onFrameAvailable-start syncTransactionSet=true
11-11 10:11:36.011  1580  1879 I BLASTBufferQueue: [VRI[ScreenDecorOverlayBottom]@cdc1e78#113](f:0,a:1,s:0) onFrameAvailable framenumber=4 syncTransactionSet=true
11-11 10:11:36.011  1580  1879 I BLASTBufferQueue: [VRI[ScreenDecorOverlayBottom]@cdc1e78#113](f:1,a:1,s:0) onFrameAvailable framenumber=4 syncTransactionSet=true
11-11 10:11:36.011  1580  1879 I BLASTBufferQueue: [VRI[ScreenDecorOverlayBottom]@cdc1e78#113](f:0,a:2,s:1) mergePendingTransactions t: 6786048352409, frameNumber: 4
11-11 10:11:36.011  1580  1879 I BLASTBufferQueue: [VRI[ScreenDecorOverlayBottom]@cdc1e78#113] transaction merge. this(id: 6786048352409, fn: 4). other(id: 6786048352408, fn: 4)
11-11 10:11:36.011  1580  1879 I BLASTBufferQueue: [VRI[ScreenDecorOverlayBottom]@cdc1e78#113](f:0,a:2,s:1) acquireNextBufferLocked t: 6786048352409, mLastAppliedFrameNumber: 3
11-11 10:11:36.011  1580  1879 I BLASTBufferQueue: [VRI[ScreenDecorOverlayBottom]@cdc1e78#113](f:0,a:2,s:1) acquireNextBufferLocked size=1200x36 mFrameNumber=4 applyTransaction=false mTimestamp=47023868460903(auto) mPendingTransactions.size=0 graphicBufferId=6786048328572 transform=3
11-11 10:11:36.011  1580  1879 I VRI[ScreenDecorOverlayBottom]@cdc1e78: Received ready transaction from native, debugName=syncBuffer_VRI[ScreenDecorOverlayBottom]@cdc1e78#58
11-11 10:11:36.011  1580  1580 W ConstraintSet: id unknown keyguard_punch_hole_vi_view
11-11 10:11:36.012  1580  1879 I VRI[ScreenDecorOverlayBottom]@cdc1e78: Received frameCommittedCallback lastAttemptedDrawFrameNum=4 didProduceBuffer=true
11-11 10:11:36.012  1580  1580 W ConstraintSet: id unknown bouncer_status_bar_area_root
11-11 10:11:36.012  2200  2200 I HoneySpace.TaskbarControllerImpl: updateTaskbarState() : floatingTaskbarState:Hidden
11-11 10:11:36.012  1580  1580 W ConstraintSet: id unknown keyguard_arrow_view
11-11 10:11:36.012  1580  1580 W ConstraintSet: id unknown keyguard_biometric_view
11-11 10:11:36.013  1580  2428 D VRI[ScreenDecorOverlayBottom]@cdc1e78: reportDrawFinished seqId=1
11-11 10:11:36.013  1197  1239 D AsyncRotation_WindowManager: Start transaction is committed
11-11 10:11:36.013  1197  1239 D AsyncRotation_WindowManager: Continue pending completion Window{5fef443 u0 StatusBar}
11-11 10:11:36.013  1580  2428 I SurfaceComposerClient: uncacheWithoutTransaction() cacheId: 6786048328572
11-11 10:11:36.013  1197  1239 D AsyncRotation_WindowManager: Complete directly Window{5fef443 u0 StatusBar}
11-11 10:11:36.013  1197  1239 D AsyncRotation_WindowManager: finishOp fade-in Window{5fef443 u0 StatusBar}
11-11 10:11:36.013   821   821 I display : setColorTransform:: 0, 0
11-11 10:11:36.013  2200  2200 I HoneySpace.TaskbarControllerImpl: updateTaskbarState() touchRegionHeight to 72
11-11 10:11:36.014  1197  1239 D WindowManager: fadeWindowToken, show=true, animationType=token_transform, topWindow=Window{5fef443 u0 StatusBar}, token=WindowToken{5bda4fd type=2000 android.os.BinderProxy@1b5b4a7}, caller=com.android.server.wm.AsyncRotationController.finishOp:111 com.android.server.wm.DisplayContent.finishAsyncRotation:136 com.android.server.wm.AsyncRotationController$$ExternalSyntheticLambda4.onTransactionCommitted:165 android.view.SurfaceControl$Transaction$$ExternalSyntheticLambda4.run:0 android.os.Handler.handleCallback:959 
11-11 10:11:36.014  1197  1239 I WindowManager: Cancelling animation restarting=true, leash=Surface(name=Surface(name=WindowToken{5bda4fd type=2000 android.os.BinderProxy@1b5b4a7})/@0xd5d0a35 - animation-leash of token_transform)/@0x9a7605
11-11 10:11:36.014  1197  1239 I WindowManager: Reparenting to original parent: Surface(name=Leaf:15:15)/@0x654652b, destroy=false, syncState=0, syncCommitDepth=1, surface=Surface(name=WindowToken{5bda4fd type=2000 android.os.BinderProxy@1b5b4a7})/@0xd5d0a35
11-11 10:11:36.014  1197  1239 I WindowManager: Reparenting to leash, surface=Surface(name=WindowToken{5bda4fd type=2000 android.os.BinderProxy@1b5b4a7})/@0xd5d0a35, syncState=0, syncCommitDepth=1, leashParent=Surface(name=Leaf:15:15)/@0x654652b
11-11 10:11:36.015   821   821 D android.hardware.graphics.composer@2.4-service: no set functions called prior to getDqeLut()
11-11 10:11:36.015   895  2419 I SurfaceFlinger: id=1834 createSurf, flag=24004, Surface(name=WindowToken{5bda4fd type=2000 android.os.BinderProxy@1b5b4a7})/@0xd5d0a35 - animation-leash of token_transform#1834
11-11 10:11:36.015  1197  2399 D WifiDisplayAdapter: isFitToActiveDisplayLocked : false
11-11 10:11:36.015  1197  1239 D WindowManager: makeSurface duration=1 leash=Surface(name=Surface(name=WindowToken{5bda4fd type=2000 android.os.BinderProxy@1b5b4a7})/@0xd5d0a35 - animation-leash of token_transform)/@0x795a27b
11-11 10:11:36.016  1580  1580 W ConstraintSet: id unknown view_flipper
11-11 10:11:36.016  1580  1580 W ConstraintSet: id unknown keyguard_punch_hole_vi_view
11-11 10:11:36.016  1580  1580 W ConstraintSet: id unknown bouncer_status_bar_area_root
11-11 10:11:36.016  1580  1580 W ConstraintSet: id unknown keyguard_arrow_view
11-11 10:11:36.018  1197  3425 D WindowManager: finishDrawingWindow: Window{1571584 u0 ScreenDecorOverlayBottom} mDrawState=DRAW_PENDING seqId=1
11-11 10:11:36.018  1197  3425 D WindowManager: finishDrawingWindow: syncBuffer=syncBuffer_VRI[ScreenDecorOverlayBottom]@cdc1e78#58_seqId<1>
11-11 10:11:36.018  1197  3425 I WindowManager: finishDrawing of orientation change: Window{1571584 u0 ScreenDecorOverlayBottom} 107ms
11-11 10:11:36.018  1197  3425 D WindowManager: executeDrawHandlers, seqId=1, h.mSeqId=1, hadHandlers=true, win=Window{1571584 u0 ScreenDecorOverlayBottom}
11-11 10:11:36.018  1580  2428 I BLASTBufferQueue_Java: update, w= 1200 h= 36 mName = VRI[ScreenDecorOverlay]@ecc78de mNativeObject= 0xb40000794dc52800 sc.mNativeObject= 0xb40000794df44a00 format= -3 caller= android.view.ViewRootImpl.updateBlastSurfaceIfNeeded:3386 android.view.ViewRootImpl.relayoutWindow:11361 android.view.ViewRootImpl.performTraversals:4544 android.view.ViewRootImpl.doTraversal:3708 android.view.ViewRootImpl$TraversalRunnable.run:12542 android.view.Choreographer$CallbackRecord.run:1751 
11-11 10:11:36.018  1197  3425 D AsyncRotation_WindowManager: handleFinishDrawing Window{1571584 u0 ScreenDecorOverlayBottom}
11-11 10:11:36.018  1197  3425 D AsyncRotation_WindowManager: handleFinishDrawing, merged drawTransaction=syncBuffer_VRI[ScreenDecorOverlayBottom]@cdc1e78#58_seqId<1>, w=Window{1571584 u0 ScreenDecorOverlayBottom}
11-11 10:11:36.018  1197  3425 D AsyncRotation_WindowManager: Complete directly Window{1571584 u0 ScreenDecorOverlayBottom}
11-11 10:11:36.018  1197  3425 D AsyncRotation_WindowManager: finishOp merge transaction Window{1571584 u0 ScreenDecorOverlayBottom}
11-11 10:11:36.018  1197  3425 D AsyncRotation_WindowManager: finishOp undo seamless Window{1571584 u0 ScreenDecorOverlayBottom}
11-11 10:11:36.019  1197  3425 D WindowManager: finishDrawing, postDrawTransaction=null, syncTransaction=null, pendingTransaction=syncBuffer_VRI[ScreenDecorOverlayBottom]@cdc1e78#58_seqId<1>, w=Window{1571584 u0 ScreenDecorOverlayBottom}
11-11 10:11:36.019  1580  2428 I VRI[ScreenDecorOverlay]@ecc78de: Relayout returned: old=(0,0,1200,36) new=(0,1964,1200,2000) relayoutAsync=true req=(1200,36)0 dur=0 res=0x0 s={true 0xb40000794e2d3000} ch=false seqId=1
11-11 10:11:36.019  1197  3425 V WindowManager: Relayout Window{28093d8 u0 ScreenDecorOverlay}: viewVisibility=0 req=1200x36 ty=2024 d0
11-11 10:11:36.020  1580  1580 D SystemUIImageView: apply style: white-bg
11-11 10:11:36.020  1580  1580 E SystemUIImageView: white-bg res invalid = 0
11-11 10:11:36.020  2200  2200 I HoneySpace.TaskbarView@254019915: initProperties false
11-11 10:11:36.020  2200  2200 I HoneySpace.TaskbarView@254019915: resetProperties
11-11 10:11:36.021  2200  2200 I HoneySpace.TaskbarPot@95815983: update layout state = 1
11-11 10:11:36.021  1580  1803 V WindowManagerShell:  animated by com.android.wm.shell.transition.DefaultTransitionHandler@276338f
11-11 10:11:36.021  2200  2200 I HoneySpace.TaskbarPot@95815983: updateLayout() [count=9,gesture=false,hint=true,floating=false,wide=1,isMoreTaskButton=false],iconSize=50
11-11 10:11:36.022  2200  2200 I HoneySpace.TaskbarViewModel@150506304@OneUI: updateBGHeight height:72
11-11 10:11:36.022  2200  2200 I HoneySpace.AttachToTaskbarWindow: Already Taskbar Tips is shown.
11-11 10:11:36.022  1197  3425 V WindowManager: performShowLocked: mDrawState=HAS_DRAWN in Window{1571584 u0 ScreenDecorOverlayBottom}
11-11 10:11:36.022 18302 18302 I VRI[FragmentHostDefaultActivity]@4dd12f9: onDisplayChanged oldDisplayState=2 newDisplayState=2
11-11 10:11:36.023 18302 18302 I VRI[FragmentHostDefaultActivity]@4dd12f9: onDisplayChanged oldDisplayState=2 newDisplayState=2
11-11 10:11:36.023   895   895 I SurfaceFlinger: [Surface(name=WindowToken{5bda4fd type=2000 android.os.BinderProxy@1b5b4a7})/@0xd5d0a35 - animation-leash of token_transform#1834] attach to parent LayerHierarchy{RequestedLayerState{Leaf:15:15#19 parentId=18} 2 children}
11-11 10:11:36.024  2200  2200 I HoneySpace.TaskbarStateChangeAnimator: already task bar state true
11-11 10:11:36.024  1580  1580 W KeyguardSecurityViewFlipper: onMeasure: widthSpec MeasureSpec: EXACTLY 630 should be AT_MOST
11-11 10:11:36.024  1580  1580 W KeyguardSecurityViewFlipper: onMeasure: heightSpec MeasureSpec: EXACTLY 1928 should be AT_MOST
11-11 10:11:36.026  1580  2428 D VRI[ScreenDecorOverlay]@ecc78de: cancelDraw returned false
11-11 10:11:36.026  2200  2393 I HoneySpace.TaskbarRepository: _taskbarSize = 0
11-11 10:11:36.026  1197  3425 V WindowManager: Relayout hash=28093d8, pid=0, syncId=-1: mAttrs={(0,0)(fillxwrap) gr=BOTTOM CENTER_VERTICAL sim={adjust=pan} layoutInDisplayCutoutMode=always ty=NAVIGATION_BAR_PANEL fmt=TRANSLUCENT
11-11 10:11:36.026  1197  3425 V WindowManager:   fl=20800138
11-11 10:11:36.026  1197  3425 V WindowManager:   pfl=31100050
11-11 10:11:36.026  1197  3425 V WindowManager:   vsysui=100
11-11 10:11:36.026  1197  3425 V WindowManager:   bhv=1
11-11 10:11:36.026  1197  3425 V WindowManager:   frameRateBoostOnTouch=true
11-11 10:11:36.026  1197  3425 V WindowManager:   dvrrWindowFrameRateHint=true naviIconColor=0}
11-11 10:11:36.027  1197  1240 I SurfaceComposerClient: setTransactionState with buffer. layerId: 1825, bufferData(ID: 6786048328572, frameNumber: 4, barrierFrameNumber: 3)
11-11 10:11:36.027  2200  2200 I HoneySpace.HotseatPot@54631455: Taskbar ConfigurationChanged :: TASKBAR
11-11 10:11:36.027   895   947 I SurfaceFlinger: [ScreenDecorOverlayBottom$_1580#1825] setTransactionState with buffer. bufferData(ID: 6786048328572, frameNumber: 4, barrierFrameNumber: 3
11-11 10:11:36.028  1197  1240 I SurfaceControlRegistry: apply, t=syncBuffer_VRI[ScreenDecorOverlayBottom]@cdc1e78#58_seqId<1>, caller=android.view.SurfaceControl$Transaction.apply:3135 android.view.SurfaceControl$Transaction.apply:3122 android.view.SurfaceControl$Transaction.apply:3078 com.android.server.wm.WindowAnimator.animate:380 com.android.server.wm.WindowAnimator$$ExternalSyntheticLambda1.doFrame:14 android.view.Choreographer$CallbackRecord.run:1749 
11-11 10:11:36.029  1580  2428 D VRI[ScreenDecorOverlay]@ecc78de: Setup new sync=wmsSync-VRI[ScreenDecorOverlay]@ecc78de#60
11-11 10:11:36.029  1580  2428 I VRI[ScreenDecorOverlay]@ecc78de: Creating new active sync group VRI[ScreenDecorOverlay]@ecc78de#61
11-11 10:11:36.031  1580  2428 D VRI[ScreenDecorOverlay]@ecc78de: Draw frame after cancel
11-11 10:11:36.031  1580  2428 D VRI[ScreenDecorOverlay]@ecc78de: registerCallbacksForSync syncBuffer=true
11-11 10:11:36.032  1580  2275 D VRI[ScreenDecorOverlay]@ecc78de: Received frameDrawingCallback syncResult=0 frameNum=13.
11-11 10:11:36.032  1580  2275 I VRI[ScreenDecorOverlay]@ecc78de: mWNT: t=0xb40000794fc2c080 mBlastBufferQueue=0xb40000794dc52800 fn= 13 HdrRenderState mRenderHdrSdrRatio=1.0 caller= android.view.ViewRootImpl$11.onFrameDraw:15016 android.view.ThreadedRenderer$1.onFrameDraw:761 <bottom of call stack> 
11-11 10:11:36.032  1580  2275 I VRI[ScreenDecorOverlay]@ecc78de: Setting up sync and frameCommitCallback
11-11 10:11:36.032  2200  2200 I HoneySpace.HotseatViewModel@27118626@OneUI: updateItem updateRank=false updateDb=false, MAIN, parentType=TASKBAR, notifySibling=false
11-11 10:11:36.032  1580  2275 I BLASTBufferQueue_Java: syncNextTransaction, mName= VRI[ScreenDecorOverlay]@ecc78de acquireSingleBuffer= true mNativeObject= 0xb40000794dc52800 callback= android.view.ViewRootImpl$11$$ExternalSyntheticLambda2@43f017 caller= android.graphics.BLASTBufferQueue.syncNextTransaction:151 android.view.ViewRootImpl$11.onFrameDraw:15042 android.view.ThreadedRenderer$1.onFrameDraw:761 <bottom of call stack> <bottom of call stack> <bottom of call stack> 
11-11 10:11:36.032  1580  2275 I BLASTBufferQueue: [VRI[ScreenDecorOverlay]@ecc78de#112](f:0,a:1,s:0) syncNextTransaction, callback: 1, acquireSingleBuffer: 1, mTransactionReadyCallback: 0
11-11 10:11:36.033  1580  1879 I BLASTBufferQueue: [VRI[ScreenDecorOverlay]@ecc78de#112](f:0,a:1,s:0) onFrameAvailable-start syncTransactionSet=true
11-11 10:11:36.033  1580  1879 I BLASTBufferQueue: [VRI[ScreenDecorOverlay]@ecc78de#112](f:0,a:1,s:0) onFrameAvailable framenumber=13 syncTransactionSet=true
11-11 10:11:36.033  1580  1879 I BLASTBufferQueue: [VRI[ScreenDecorOverlay]@ecc78de#112](f:1,a:1,s:0) onFrameAvailable framenumber=13 syncTransactionSet=true
11-11 10:11:36.033  1580  1879 I BLASTBufferQueue: [VRI[ScreenDecorOverlay]@ecc78de#112](f:0,a:2,s:1) mergePendingTransactions t: 6786048352426, frameNumber: 13
11-11 10:11:36.033  1580  1879 I BLASTBufferQueue: [VRI[ScreenDecorOverlay]@ecc78de#112] transaction merge. this(id: 6786048352426, fn: 13). other(id: 6786048352424, fn: 13)
11-11 10:11:36.033  1580  1879 I BLASTBufferQueue: [VRI[ScreenDecorOverlay]@ecc78de#112](f:0,a:2,s:1) acquireNextBufferLocked t: 6786048352426, mLastAppliedFrameNumber: 12
11-11 10:11:36.033  1580  1879 I BLASTBufferQueue: [VRI[ScreenDecorOverlay]@ecc78de#112](f:0,a:2,s:1) acquireNextBufferLocked size=1200x36 mFrameNumber=13 applyTransaction=false mTimestamp=47023890598557(auto) mPendingTransactions.size=0 graphicBufferId=6786048328574 transform=3
11-11 10:11:36.033  1580  1879 I VRI[ScreenDecorOverlay]@ecc78de: Received ready transaction from native, debugName=syncBuffer_VRI[ScreenDecorOverlay]@ecc78de#61
11-11 10:11:36.034  1580  1879 I VRI[ScreenDecorOverlay]@ecc78de: Received frameCommittedCallback lastAttemptedDrawFrameNum=13 didProduceBuffer=true
11-11 10:11:36.034  1580  2428 D VRI[ScreenDecorOverlay]@ecc78de: reportDrawFinished seqId=1
11-11 10:11:36.034  1580  2428 I SurfaceComposerClient: uncacheWithoutTransaction() cacheId: 6786048328574
11-11 10:11:36.036  1580  2428 D VRI[ScreenDecorOverlayBottom]@cdc1e78: cancelDraw returned false
11-11 10:11:36.036  1197  3425 D WindowManager: finishDrawingWindow: Window{28093d8 u0 ScreenDecorOverlay} mDrawState=DRAW_PENDING seqId=1
11-11 10:11:36.036  1197  3425 D WindowManager: finishDrawingWindow: syncBuffer=syncBuffer_VRI[ScreenDecorOverlay]@ecc78de#61_seqId<1>
11-11 10:11:36.036  1197  3425 I WindowManager: finishDrawing of orientation change: Window{28093d8 u0 ScreenDecorOverlay} 125ms
11-11 10:11:36.036  1197  3425 D WindowManager: executeDrawHandlers, seqId=1, h.mSeqId=1, hadHandlers=true, win=Window{28093d8 u0 ScreenDecorOverlay}
11-11 10:11:36.036  1197  3425 D AsyncRotation_WindowManager: handleFinishDrawing Window{28093d8 u0 ScreenDecorOverlay}
11-11 10:11:36.036  1197  3425 D AsyncRotation_WindowManager: handleFinishDrawing, merged drawTransaction=syncBuffer_VRI[ScreenDecorOverlay]@ecc78de#61_seqId<1>, w=Window{28093d8 u0 ScreenDecorOverlay}
11-11 10:11:36.036  1197  3425 D AsyncRotation_WindowManager: Complete directly Window{28093d8 u0 ScreenDecorOverlay}
11-11 10:11:36.036  1197  3425 D AsyncRotation_WindowManager: finishOp merge transaction Window{28093d8 u0 ScreenDecorOverlay}
11-11 10:11:36.037  1197  3425 D AsyncRotation_WindowManager: finishOp undo seamless Window{28093d8 u0 ScreenDecorOverlay}
11-11 10:11:36.037  1197  3425 D WindowManager: finishDrawing, postDrawTransaction=null, syncTransaction=null, pendingTransaction=syncBuffer_VRI[ScreenDecorOverlay]@ecc78de#61_seqId<1>, w=Window{28093d8 u0 ScreenDecorOverlay}
11-11 10:11:36.039  2200  2200 I HoneySpace.TabletIconStyleFactory: init densityDpi=240, LargeSizePx = 2000
11-11 10:11:36.040  2200  2200 I HoneySpace.WhiteBgColorChanger: changeTextColor, isDarkColor = true, isThemeText = true, IconStyle = LabelStyle(hideLabel=true, orientation=0, maxLine=1, textColor=-1, textSize=0.0, shadowRadius=0.0, shadowDx=0.0, shadowDy=0.0, shadowColor=0, applyThemeLabel=true, originalTextSize=12.5)
11-11 10:11:36.040   895   895 E SurfaceFlinger: alpha changed 1.000 -> 0.000 - Surface(name=WindowToken{5bda4fd type=2000 android.os.BinderProxy@1b5b4a7})/@0xd5d0a35 - animation-leash of token_transform#1834
11-11 10:11:36.040   895   895 I SurfaceFlinger: Layer [Surface(name=WindowToken{5bda4fd typ[...]mation-leash of token_transform#1834] hidden!! flag(0)
11-11 10:11:36.040   895   895 E SurfaceFlinger: alpha changed 0.000 -> 0.000 - Surface(name=WindowToken{5bda4fd type=2000 android.os.BinderProxy@1b5b4a7})/@0xd5d0a35 - animation-leash of token_transform#1834
11-11 10:11:36.040   895   895 I SurfaceFlinger: [LayerHierarchy{RequestedLayerState{WindowToken{5bda4fd type=2000 android.os.BinderProxy@1b5b4a7}#86 parentId=1834} 1 children}] reparent to LayerHierarchy{RequestedLayerState{Surface(name=WindowToken{5bda4fd type=2000 android.os.BinderProxy@1b5b4a7})/@0xd5d0a35 - animation-leash of token_transform#1834 parentId=19} 1 children}
11-11 10:11:36.040   895   895 I SurfaceFlinger: [LayerHierarchy{RequestedLayerState{Surface(name=WindowToken{5bda4fd type=2000 android.os.BinderProxy@1b5b4a7})/@0xd5d0a35 - animation-leash of token_transform#1829} no children}] reparent to OffscreenRoot
11-11 10:11:36.040   895   895 I SurfaceFlinger: [LayerHierarchy{RequestedLayerState{Surface(name=WindowToken{5bda4fd type=2000 android.os.BinderProxy@1b5b4a7})/@0xd5d0a35 - animation-leash of token_transform#1829} no children}] RelativeParent to null
11-11 10:11:36.040  1197  1240 I SurfaceComposerClient: setTransactionState with buffer. layerId: 1824, bufferData(ID: 6786048328574, frameNumber: 13, barrierFrameNumber: 12)
11-11 10:11:36.040  2200  2200 I HoneySpace.TabletLayoutInfo: updateAppIconSize taskbar : true, iconSize : 50, windowBound : (android.view.ContextThemeWrapper, WindowBounds width=1200 height=2000, bounds=Rect(0, 0 - 1200, 2000), insets=Insets{left=0, top=36, right=0, bottom=72}, systemInsets=Insets{left=0, top=36, right=0, bottom=72}, cutout=Rect(0, 0 - 0, 0), gestureActionInsets=Insets{left=0, top=36, right=0, bottom=72}, insetsIgnoreCutout=Insets{left=0, top=36, right=0, bottom=72}, baseScreenSize=Point(1200, 1928)screenSizeIncludeCutout: Point(1200, 1928))
11-11 10:11:36.041  2200  2200 I HoneySpace.HotseatViewModel@27118626@OneUI: updateLayoutStyle() [TASKBAR]: count = 9, currentDisplayGrid = null, iconSize = 50, iconSize-Taskbar = 50taskbar height = 72
11-11 10:11:36.041   895   947 I SurfaceFlinger: [ScreenDecorOverlay$_1580#1824] setTransactionState with buffer. bufferData(ID: 6786048328574, frameNumber: 13, barrierFrameNumber: 12
11-11 10:11:36.041  1197  1240 I SurfaceControlRegistry: apply, t=syncBuffer_VRI[ScreenDecorOverlay]@ecc78de#61_seqId<1>, caller=android.view.SurfaceControl$Transaction.apply:3135 android.view.SurfaceControl$Transaction.apply:3122 android.view.SurfaceControl$Transaction.apply:3078 com.android.server.wm.WindowAnimator.animate:380 com.android.server.wm.WindowAnimator$$ExternalSyntheticLambda1.doFrame:14 android.view.Choreographer$CallbackRecord.run:1749 
11-11 10:11:36.046  2200  2200 I HoneySpace.TabletIconStyleFactory: init densityDpi=240, LargeSizePx = 2000
11-11 10:11:36.047  1580  1876 I BLASTBufferQueue: [VRI[ScreenDecorOverlayBottom]@cdc1e78#113](f:0,a:2,s:1) transactionCommittedCallback
11-11 10:11:36.047  1580  1876 I BLASTBufferQueue: [VRI[ScreenDecorOverlayBottom]@cdc1e78#113](f:0,a:2,s:0) transactionCommittedCallback mSyncedFrameNumbers.erase(4)
11-11 10:11:36.047  2200  2200 I HoneySpace.WhiteBgColorChanger: changeTextColor, isDarkColor = true, isThemeText = true, IconStyle = LabelStyle(hideLabel=true, orientation=0, maxLine=1, textColor=-1, textSize=0.0, shadowRadius=0.0, shadowDx=0.0, shadowDy=0.0, shadowColor=0, applyThemeLabel=true, originalTextSize=12.5)
11-11 10:11:36.048  2200  2200 I HoneySpace.TabletLayoutInfo: updateAppIconSize taskbar : true, iconSize : 50, windowBound : (android.view.ContextThemeWrapper, WindowBounds width=1200 height=2000, bounds=Rect(0, 0 - 1200, 2000), insets=Insets{left=0, top=36, right=0, bottom=72}, systemInsets=Insets{left=0, top=36, right=0, bottom=72}, cutout=Rect(0, 0 - 0, 0), gestureActionInsets=Insets{left=0, top=36, right=0, bottom=72}, insetsIgnoreCutout=Insets{left=0, top=36, right=0, bottom=72}, baseScreenSize=Point(1200, 1928)screenSizeIncludeCutout: Point(1200, 1928))
11-11 10:11:36.048  2200  2200 I HoneySpace.HotseatViewModel@27118626@OneUI: updateLayoutStyle() [TASKBAR]: count = 9, currentDisplayGrid = null, iconSize = 50, iconSize-Taskbar = 50taskbar height = 72
11-11 10:11:36.048  2200  2200 I HoneySpace.TabletIconStyleFactory: init densityDpi=240, LargeSizePx = 2000
11-11 10:11:36.049  2200  2200 I HoneySpace.WhiteBgColorChanger: changeTextColor, isDarkColor = true, isThemeText = true, IconStyle = LabelStyle(hideLabel=true, orientation=0, maxLine=1, textColor=-1, textSize=0.0, shadowRadius=0.0, shadowDx=0.0, shadowDy=0.0, shadowColor=0, applyThemeLabel=true, originalTextSize=12.5)
11-11 10:11:36.049  2200  2200 I HoneySpace.TabletLayoutInfo: updateAppIconSize taskbar : true, iconSize : 50, windowBound : (android.view.ContextThemeWrapper, WindowBounds width=1200 height=2000, bounds=Rect(0, 0 - 1200, 2000), insets=Insets{left=0, top=36, right=0, bottom=72}, systemInsets=Insets{left=0, top=36, right=0, bottom=72}, cutout=Rect(0, 0 - 0, 0), gestureActionInsets=Insets{left=0, top=36, right=0, bottom=72}, insetsIgnoreCutout=Insets{left=0, top=36, right=0, bottom=72}, baseScreenSize=Point(1200, 1928)screenSizeIncludeCutout: Point(1200, 1928))
11-11 10:11:36.049  2200  2200 I HoneySpace.HotseatViewModel@27118626@OneUI: updateLayoutStyle() [TASKBAR]: count = 9, currentDisplayGrid = null, iconSize = 50, iconSize-Taskbar = 50taskbar height = 72
11-11 10:11:36.049  2200  2200 I HoneySpace.HistoryCellLayout@93937357: updateViewWidth :: width = 222, animate = false
11-11 10:11:36.049  2200  2200 I HoneySpace.HotseatCellLayout@137508764: updateViewWidth :: width = 444, animate = false
11-11 10:11:36.050  2200  2200 I HoneySpace.HotseatCellLayout@137508764: scaleIconSize() itemSize=50, [TASKBAR], animate=false, notifyIconSizeUpdated=true
11-11 10:11:36.051  2200  2200 I HoneySpace.HistoryCellLayout@93937357: scaleIconSize() iconSize=50, [TASKBAR]
11-11 10:11:36.057   895   895 E SurfaceFlinger: alpha changed 0.000 -> 0.241 - Surface(name=WindowToken{5bda4fd type=2000 android.os.BinderProxy@1b5b4a7})/@0xd5d0a35 - animation-leash of token_transform#1834
11-11 10:11:36.060  2200  2200 I HoneySpace.EdgePanel.ConfigurationObserver: EdgeConfigOperation.ConfigChanged false false false false false
11-11 10:11:36.061  1580  1876 I BLASTBufferQueue: [VRI[ScreenDecorOverlay]@ecc78de#112](f:0,a:2,s:1) transactionCommittedCallback
11-11 10:11:36.061  1580  1876 I BLASTBufferQueue: [VRI[ScreenDecorOverlay]@ecc78de#112](f:0,a:2,s:0) transactionCommittedCallback mSyncedFrameNumbers.erase(13)
11-11 10:11:36.063  2200  2200 I HoneySpace.EdgePanel.EdgePot: updateData config_changed
11-11 10:11:36.063  2200  2200 I HoneySpace.EdgePanel.EdgeVisibilityRepository: updateContainer 0 4
11-11 10:11:36.064  2200  2200 I HoneySpace.EdgePanel.EdgeContainerViewModel: containerState current 0 new 4
11-11 10:11:36.065  2200  2200 I HoneySpace.EdgePanel.EdgePot: Container state 4
11-11 10:11:36.070  1197  3425 V SystemKeyManager: requestSystemKeyEvent() is called keyCode=3 componentName=ComponentInfo{com.sec.android.app.launcher/com.samsung.app.honeyspace.edge.edgepanel.app.CocktailBarService} request=false
11-11 10:11:36.070  1197  3425 V SystemKeyManager: requestSystemKeyEvent() is called keyCode=187 componentName=ComponentInfo{com.sec.android.app.launcher/com.samsung.app.honeyspace.edge.edgepanel.app.CocktailBarService} request=false
11-11 10:11:36.071   895   895 D SurfaceFlinger: Display 4633128672291735931 HWC layers:
11-11 10:11:36.071   895   895 D SurfaceFlinger:   SOLID_COLOR |                      | 0003 | Unknown      |    0.0    0.0    0.0    0.0 |    0    0 1200 2000 | BackColorSurface#1833
11-11 10:11:36.071   895   895 D SurfaceFlinger:        CLIENT |   0xb400007000880800 | 0001 | RGBA_8888    |    0.0    0.0 1200.0 2000.0 |    0    0 1200 2000 | com.frontieraudio.heartbeat/com.fron[...]o.heartbeat.MainActivity$_28209#1814 (2)
11-11 10:11:36.071   895   895 D SurfaceFlinger:        CLIENT |   0xb40000702889dc00 | 0001 | RGBA_8888    |    0.0    0.0 1185.0   36.0 |    0    0 1185   46 | StatusBar$_1580#92 (3237)
11-11 10:11:36.071   895   895 D SurfaceFlinger:        CLIENT |   0xb4000070014ec400 | 0003 | RGBA_8888    |    0.0    0.0 1200.0 2000.0 |    0    0 1200 2000 | RotationLayer_WmCore#1830 (100)
11-11 10:11:36.071   895   895 D SurfaceFlinger:        DEVICE |   0xb40000700076e000 | 0041 | RGBA_8888    |    0.0    0.0 1200.0   36.0 |    0    0 1200   36 | ScreenDecorOverlay$_1580#1824 (13)
11-11 10:11:36.071   895   895 D SurfaceFlinger:        DEVICE |   0xb4000070014d1180 | 0041 | RGBA_8888    |    0.0    0.0 1200.0   36.0 |    0 1964 1200 2000 | ScreenDecorOverlayBottom$_1580#1825 (4)
11-11 10:11:36.071   895   895 D SurfaceFlinger: 
11-11 10:11:36.072  2200  2200 I HoneySpace.EdgePanel.CapturedBlur: updateBlurBackground: false false
11-11 10:11:36.073  2200  2200 I HoneySpace.EdgePanel.EdgeWindowController: updateHideWindow
11-11 10:11:36.074  2200  2200 I HoneySpace.EdgePanel.EdgeWindowController: handleUpdateWindowParam
11-11 10:11:36.076  2200  2200 I HoneySpace.EdgePanel.EdgeWindowController: updateTouchRect: dynamicInputRegion=111097278@LastEvent=t=1762876549922Rect(32, 0 - 67, 242),Rect=Rect(0, 0 - 0, 0)
11-11 10:11:36.076  1197  3425 D TspStateManager: holeName: com.sec.android.app.launcher, direction: 0, startY: 0, endY: 0
11-11 10:11:36.077  2200  2200 I HoneySpace.EdgePanel.EdgeVisibilityRepository: updateContainer 4 0
11-11 10:11:36.077  2200  2200 I HoneySpace.EdgePanel.EdgeContainerViewModel: containerState current 4 new 0
11-11 10:11:36.077  2200  2200 I HoneySpace.EdgePanel.EdgePot: Container state 0
11-11 10:11:36.078  1197 28272 D SemInputDeviceManager: setProperty: (0) CMD,GRIP_DATA,0,0,0,0
11-11 10:11:36.078  2200  2200 I HoneySpace.EdgePanel.CapturedBlur: updateBlurBackground: false false
11-11 10:11:36.079  1197  1472 D SemInputDevice:TSP: SetPropertyTask: CMD,set_grip_data,0,0,0,0 [11-11 10:11:36.078]
11-11 10:11:36.079  1197 28272 D TspStateManager: wrote command: cmd=0,0,0,0, type=3
11-11 10:11:36.080  2200  2200 I HoneySpace.EdgePanel.EdgeWindowController: updateHandleWindow: 242 425 true
11-11 10:11:36.080  2200  2200 I HoneySpace.EdgePanel.EdgeWindowController: handleUpdateWindowParam
11-11 10:11:36.081  2200  2200 I HoneySpace.EdgePanel.EdgeWindowController: updateTouchRect: dynamicInputRegion=111097278@LastEvent=t=1762876549922Rect(32, 0 - 67, 242),Rect=Rect(32, 0 - 67, 242)
11-11 10:11:36.081  1197  3425 D TspStateManager: holeName: com.sec.android.app.launcher, direction: 1, startY: 1333, endY: 1575
11-11 10:11:36.083  1197 28273 D SemInputDeviceManager: setProperty: (0) CMD,GRIP_DATA,0,1,1333,1575
11-11 10:11:36.083  2200  2200 I HoneySpace.FloatingAnimator: onConfigurationChanged, cacheClear
11-11 10:11:36.084  1197 28273 D TspStateManager: wrote command: cmd=0,1,1333,1575, type=3
11-11 10:11:36.085  2200  2200 I HoneySpace.DisplaySource: onConfigurationChanged
11-11 10:11:36.086  2200  2200 I HoneySpace.DisplaySource: DisplayInfo(rotation=2, displayId=0, displaySize=Point(1200, 2000), displayCutout=null, isNavCanMove=false, isTablet=true)
11-11 10:11:36.086  2200  2200 I HoneySpace.DisplaySource: onConfigurationChanged
11-11 10:11:36.087  2200  2200 I HoneySpace.DisplaySource: DisplayInfo(rotation=2, displayId=0, displaySize=Point(1200, 2000), displayCutout=null, isNavCanMove=false, isTablet=true)
11-11 10:11:36.087  2200  2200 I HoneySpace.GestureInputHandler: onConfigurationChanged  windowBounds.update
11-11 10:11:36.088  2200  2200 I HoneySpace.GestureInputHandler: updateGestureStyleData
11-11 10:11:36.088  2200 27280 I HoneySpace.DeviceStateUseCase: changed: THREE_BUTTON, 72, true, false, DisplayInfo(rotation=2, displayId=0, displaySize=Point(1200, 2000), displayCutout=null, isNavCanMove=false, isTablet=true), ExtraDisplayInfo(rotation=-1, displayId=-1, displaySize=Point(0, 0), displayCutout=null, foldState=-1), false
11-11 10:11:36.089  2200  2200 I HoneySpace.WindowBounds: updateNavigationMode? BUTTON
11-11 10:11:36.089  2200  2200 I HoneySpace.WindowBounds: immersiveNavigation? false
11-11 10:11:36.089  2200  2200 I HoneySpace.WindowBounds: setInsetAndCutout, Bounds=Rect(0, 0 - 1200, 2000), AppBounds=Rect(0, 0 - 1200, 2000)
11-11 10:11:36.090  2200  2200 I HoneySpace.WindowBounds: update window bounds, name = android.window.WindowContext, context = android.window.WindowContext, call from {com.honeyspace.ui.common.recentstyler.RecentStyler.updateStyleData(Unknown Source:11)}
