11-11 10:11:40.495  1580  2428 D VRI[ScreenDecorOverlay]@ecc78de: reportNextDraw android.view.ViewRootImpl.performTraversals:4554 android.view.ViewRootImpl.doTraversal:3708 android.view.ViewRootImpl$TraversalRunnable.run:12542 android.view.Choreographer$CallbackRecord.run:1751 android.view.Choreographer$CallbackRecord.run:1760 
11-11 10:11:40.495   895   949 I SurfaceFlinger: id=1842 createSurf, flag=24004, Animation leash of screenshot rotation#1842
11-11 10:11:40.496   895   895 I SurfaceFlinger: [Transition Root: Display 0 name="Built-in Screen"#1841] attach to parent LayerHierarchy{RequestedLayerState{Display 0 name="Built-in Screen"#48} 8 children}
11-11 10:11:40.496  1580  2428 D VRI[ScreenDecorOverlay]@ecc78de: mThreadedRenderer.updateSurface() mSurface={isValid=true 0xb40000794e2d3000}
11-11 10:11:40.496   895   895 I SurfaceFlinger: [Animation leash of screenshot rotation#1842] attach to parent LayerHierarchy{RequestedLayerState{Transition Root: Display 0 name="Built-in Screen"#1841 parentId=48} 1 children}
11-11 10:11:40.497  1580  2428 D VRI[ScreenDecorOverlay]@ecc78de: reportNextDraw android.view.ViewRootImpl.performTraversals:5193 android.view.ViewRootImpl.doTraversal:3708 android.view.ViewRootImpl$TraversalRunnable.run:12542 android.view.Choreographer$CallbackRecord.run:1751 android.view.Choreographer$CallbackRecord.run:1760 
11-11 10:11:40.497  1580  2428 D VRI[ScreenDecorOverlay]@ecc78de: Canceling draw. cancelDueToPreDrawListener=true cancelDueToSync=false
11-11 10:11:40.497  1580  1803 I SurfaceControlRegistry: show, t=StartTransaction_SyncId<170> sc=Animation leash of screenshot rotation, caller=android.view.SurfaceControl$Transaction.show:3232 com.android.wm.shell.transition.ScreenRotationAnimation.<init>:334 com.android.wm.shell.transition.DefaultTransitionHandler.startRotationAnimation:29 com.android.wm.shell.transition.DefaultTransitionHandler.startAnimation:915 com.android.wm.shell.transition.Transitions.dispatchTransition:93 com.android.wm.shell.transition.Transitions.playTransition:700 
11-11 10:11:40.497   835   835 I SehLight: lcd : 67-
11-11 10:11:40.498   895   949 I SurfaceFlinger: id=1843 createSurf, flag=20404, BackColorSurface#1843
11-11 10:11:40.498   835   835 I SehLight: lcd : 66+
11-11 10:11:40.498  1580  1803 I SurfaceControlRegistry: show, t=StartTransaction_SyncId<170> sc=BackColorSurface, caller=android.view.SurfaceControl$Transaction.show:3232 com.android.wm.shell.transition.ScreenRotationAnimation.<init>:452 com.android.wm.shell.transition.DefaultTransitionHandler.startRotationAnimation:29 com.android.wm.shell.transition.DefaultTransitionHandler.startAnimation:915 com.android.wm.shell.transition.Transitions.dispatchTransition:93 com.android.wm.shell.transition.Transitions.playTransition:700 
11-11 10:11:40.499  1580  1580 W KeyguardSecurityViewFlipper: onMeasure: widthSpec MeasureSpec: EXACTLY 630 should be AT_MOST
11-11 10:11:40.499  1580  1580 W KeyguardSecurityViewFlipper: onMeasure: heightSpec MeasureSpec: EXACTLY 1928 should be AT_MOST
11-11 10:11:40.499  1580  1803 I SurfaceComposerClient: apply DisplayState::eDisplayProjectionChanged(index:0) orientation(0) layerStackSpaceRect(1200x2000) orientedDisplaySpaceRect(1200x2000)
11-11 10:11:40.500  2200  2200 I HoneySpace.DisplaySource: DisplayInfo(rotation=0, displayId=0, displaySize=Point(1200, 2000), displayCutout=null, isNavCanMove=false, isTablet=true)
11-11 10:11:40.500  1197  3425 V WindowManager: Relayout Window{1571584 u0 ScreenDecorOverlayBottom}: viewVisibility=0 req=1200x36 ty=2024 d0
11-11 10:11:40.500  1580  1580 D SystemUIService: SYSUI_RAM_OPTIMIZATION onTrimMemory=20
11-11 10:11:40.500  1580  1580 D CentralSurfaces: SYSUI_RAM_OPTIMIZATION onTrimMemory=20
11-11 10:11:40.500  2200  2200 I HoneySpace.GestureInputHandler: onConfigurationChanged  windowBounds.update
11-11 10:11:40.500  2200  2200 I HoneySpace.GestureInputHandler: updateGestureStyleData
11-11 10:11:40.501  2200 27280 I HoneySpace.DeviceStateUseCase: changed: THREE_BUTTON, 72, true, false, DisplayInfo(rotation=0, displayId=0, displaySize=Point(1200, 2000), displayCutout=null, isNavCanMove=false, isTablet=true), ExtraDisplayInfo(rotation=-1, displayId=-1, displaySize=Point(0, 0), displayCutout=null, foldState=-1), false
11-11 10:11:40.501  1580  1803 I SurfaceControlRegistry: apply, t=StartTransaction_SyncId<170>, caller=android.view.SurfaceControl$Transaction.apply:3135 android.view.SurfaceControl$Transaction.apply:3122 android.view.SurfaceControl$Transaction.apply:3078 com.android.wm.shell.transition.ScreenRotationAnimation.<init>:613 com.android.wm.shell.transition.DefaultTransitionHandler.startRotationAnimation:29 com.android.wm.shell.transition.DefaultTransitionHandler.startAnimation:915 
11-11 10:11:40.502  1197  3425 V WindowManager: performShowLocked: mDrawState=HAS_DRAWN in Window{5fef443 u0 StatusBar}
11-11 10:11:40.505  1197  3425 V WindowManager: Relayout hash=1571584, pid=1580, syncId=-1: mAttrs={(0,0)(fillxwrap) gr=TOP CENTER_VERTICAL sim={adjust=pan} layoutInDisplayCutoutMode=always ty=NAVIGATION_BAR_PANEL fmt=TRANSLUCENT
11-11 10:11:40.505  1197  3425 V WindowManager:   fl=20800138
11-11 10:11:40.505  1197  3425 V WindowManager:   pfl=31100050
11-11 10:11:40.505  1197  3425 V WindowManager:   vsysui=100
11-11 10:11:40.505  1197  3425 V WindowManager:   bhv=1
11-11 10:11:40.505  1197  3425 V WindowManager:   frameRateBoostOnTouch=true
11-11 10:11:40.505  1197  3425 V WindowManager:   dvrrWindowFrameRateHint=true naviIconColor=0}
11-11 10:11:40.506  1580  1879 D HWUI    : CacheManager::trimMemory(20)
11-11 10:11:40.506  2200  2200 I HoneySpace.WindowBounds: updateNavigationMode? BUTTON
11-11 10:11:40.506  2200  2200 I HoneySpace.WindowBounds: immersiveNavigation? false
11-11 10:11:40.507  2200  2200 I HoneySpace.WindowBounds: setInsetAndCutout, Bounds=Rect(0, 0 - 1200, 2000), AppBounds=Rect(0, 0 - 1200, 2000)
11-11 10:11:40.507  2200  2200 I HoneySpace.WindowBounds: update window bounds, name = android.window.WindowContext, context = android.window.WindowContext, call from {com.honeyspace.ui.common.recentstyler.RecentStyler.updateStyleData(Unknown Source:11)}
11-11 10:11:40.507  2200  2200 I HoneySpace.WindowBounds: WindowBounds width=1200 height=2000, bounds=Rect(0, 0 - 1200, 2000), insets=Insets{left=0, top=36, right=0, bottom=72}, systemInsets=Insets{left=0, top=36, right=0, bottom=72}, cutout=Rect(0, 0 - 0, 0), gestureActionInsets=Insets{left=0, top=36, right=0, bottom=72}, insetsIgnoreCutout=Insets{left=0, top=36, right=0, bottom=72}, baseScreenSize=Point(1200, 1928)screenSizeIncludeCutout: Point(1200, 1928)
11-11 10:11:40.507   855   871 I sysinput:aidl: onReportInformation:93, 1, cmd@set_grip_data,0,0,0,0:0
11-11 10:11:40.507  1580  2428 I BLASTBufferQueue_Java: update, w= 1200 h= 36 mName = VRI[ScreenDecorOverlayBottom]@cdc1e78 mNativeObject= 0xb40000794dc84000 sc.mNativeObject= 0xb40000794e05ecc0 format= -3 caller= android.view.ViewRootImpl.updateBlastSurfaceIfNeeded:3386 android.view.ViewRootImpl.relayoutWindow:11361 android.view.ViewRootImpl.performTraversals:4544 android.view.ViewRootImpl.doTraversal:3708 android.view.ViewRootImpl$TraversalRunnable.run:12542 android.view.Choreographer$CallbackRecord.run:1751 
11-11 10:11:40.508  1197  1472 D SysinputHAL_AIDL: setProperty(TSP(1)): CMD, set_grip_data,0,0,0,0 ret=0
11-11 10:11:40.508   855   871 I sysinput:Touch1: operator():233, OK
11-11 10:11:40.508  1197  1472 D SemInputDevice:TSP: SetPropertyTask: CMD,set_grip_data,0,2,425,667 [11-11 10:11:40.488]
11-11 10:11:40.508  1580  1803 V WindowManagerShell:  animated by com.android.wm.shell.transition.DefaultTransitionHandler@276338f
11-11 10:11:40.509  2200  2200 I HoneySpace.TabletIconStyleFactory: init densityDpi=240, LargeSizePx = 2000
11-11 10:11:40.509  1580  2428 I VRI[ScreenDecorOverlayBottom]@cdc1e78: Relayout returned: old=(0,0,1200,36) new=(0,0,1200,36) relayoutAsync=false req=(1200,36)0 dur=10 res=0x1 s={true 0xb40000794e2d5800} ch=false seqId=2
11-11 10:11:40.509  1580  2428 D VRI[ScreenDecorOverlayBottom]@cdc1e78: Relayout called with blastSync
11-11 10:11:40.509  1580  2428 D VRI[ScreenDecorOverlayBottom]@cdc1e78: reportNextDraw android.view.ViewRootImpl.performTraversals:4554 android.view.ViewRootImpl.doTraversal:3708 android.view.ViewRootImpl$TraversalRunnable.run:12542 android.view.Choreographer$CallbackRecord.run:1751 android.view.Choreographer$CallbackRecord.run:1760 
11-11 10:11:40.510  1580  2428 D VRI[ScreenDecorOverlayBottom]@cdc1e78: mThreadedRenderer.updateSurface() mSurface={isValid=true 0xb40000794e2d5800}
11-11 10:11:40.510  2200  2200 I HoneySpace.RecentStyler: context = android.window.WindowContext@e0e2fb6, styleData = RecentStyleData(bounds=RectF(0.0, 0.0, 1200.0, 2000.0), sceneInsets=Insets{left=0, top=36, right=0, bottom=72}, standardInsets=Insets{left=0, top=36, right=0, bottom=72}, iconSize=83, iconGravity=1, iconStarMargin=0, sceneScale=PointF(0.283, 0.283), sceneCoordinate=RectF(430.0, 269.0, 770.0, 804.0), sceneTopMargin=41, taskViewCoordinate=RectF(430.0, 228.0, 770.0, 804.0), sceneFullyScale=PointF(3.5294118, 3.7383177), rowGap=150.0, sceneRadius=22.5, deviceRadius=20.0, mwRadius=(15.0, 25.5), curveEffectScale=0.0, pageSpacing=72, pageSideMargin=225, sceneStartMargin=0, circularEffect=0.0, listSceneScale=PointF(0.63, 0.63), listSceneSize=RectF(0.0, 0.0, 756.0, 1191.96), listSceneRadius=22.5, tiltStackInterval=[600.0, 600.0, 600.0, 600.0, 600.0, 600.0], swipeThreshold=0.5, dwbStyleData=DWBStyleData(size=340x65, gravity=81), taskLockStyleData=TaskLockStyleData(size=84, gravity=8388693, margin=Insets{left=0, top=0, right=15, bottom=15}), fadingEdgeEffectData=FadingEdgeEffectData(horizontalEnable=false, verticalEnable=false, length=199, strength=RectF(0.0, 0.0, 0.75, 0.0)))
11-11 10:11:40.510  1580  2428 D VRI[ScreenDecorOverlayBottom]@cdc1e78: reportNextDraw android.view.ViewRootImpl.performTraversals:5193 android.view.ViewRootImpl.doTraversal:3708 android.view.ViewRootImpl$TraversalRunnable.run:12542 android.view.Choreographer$CallbackRecord.run:1751 android.view.Choreographer$CallbackRecord.run:1760 
11-11 10:11:40.511  1580  2428 D VRI[ScreenDecorOverlayBottom]@cdc1e78: Canceling draw. cancelDueToPreDrawListener=true cancelDueToSync=false
11-11 10:11:40.511  1197  4652 D WifiDisplayAdapter: isFitToActiveDisplayLocked : false
11-11 10:11:40.511  2200  2200 I InsetsController: onStateChanged: host=com.sec.android.app.launcher/com.samsung.app.honeyspace.edge.edgepanel.app.CocktailBarService, from=android.view.ViewRootImpl.handleResized:2789, state=InsetsState: {mDisplayFrame=Rect(0, 0 - 1200, 2000), mDisplayCutout=DisplayCutout{insets=Rect(0, 0 - 0, 0) waterfall=Insets{left=0, top=0, right=0, bottom=0} boundingRect={Bounds=[Rect(0, 0 - 0, 0), Rect(0, 0 - 0, 0), Rect(0, 0 - 0, 0), Rect(0, 0 - 0, 0)]} cutoutPathParserInfo={CutoutPathParserInfo{displayWidth=0 displayHeight=0 physicalDisplayWidth=0 physicalDisplayHeight=0 density={0.0} cutoutSpec={} rotation={0} scale={0.0} physicalPixelDisplaySizeRatio={0.0}}} sideOverrides=null}, mRoundedCorners=RoundedCorners{[RoundedCorner{position=TopLeft, radius=20, center=Point(20, 20)}, RoundedCorner{position=TopRight, radius=20, center=Point(1180, 20)}, RoundedCorner{position=BottomRight, radius=20, center=Point(1180, 1980)}, RoundedCorner{position=BottomLeft, radius=20, center=Point(20, 1980)}]}  mRoundedCornerFrame=Rect(0, 0 - 0, 0), mPrivacyIndicatorBounds=PrivacyIndicatorBounds {static bounds=Rect(1134, 0 - 1200, 36) rotation=0}, mDisplayShape=DisplayShape{ spec=-311912193 displayWidth=1200 displayHeight=2000 physicalPixelDisplaySizeRatio=1.0 rotation=0 offsetX=0 offsetY=0 scale=1.0}, mSources= { InsetsSource: {935b0001 mType=navigationBars mFrame=[0,1928][1200,2000] mVisible=true mFlags= mSideHint=BOTTOM mBoundingRects=null}, InsetsSource: {935b0004 mType=systemGestures mFrame=[0,0][0,0] mVisible=true mFlags= mSideHint=NONE mBoundingRects=null}, InsetsSource: {935b0005 mType=mandatorySystemGestures mFrame=[0,1928][1200,2000] mVisible=true mFlags= mSideHint=BOTTOM mBoundingRects=null}, InsetsSource: {935b0006 mType=tappableElement mFrame=[0,1928][1200,2000] mVisible=true mFlags= mSideHint=BOTTOM mBoundingRects=null}, InsetsSource: {935b0024 mType=systemGestures mFrame=[0,0][0,0] mVisible=true mFlags= mSideHint=NONE mBoundingRects=null}, InsetsSource: {216d0005 mType=mandatorySystemGestures mFrame=[0,0][1200,36] mVisible=true mFlags= mSideHint=TOP mBoundingRects=null} }
11-11 10:11:40.512  2200  2200 I VRI[CocktailBarService]@6281d53: handleResized, frames=ClientWindowFrames{frame=[1133,425][1200,667] display=[0,0][1200,2000] parentFrame=[0,0][0,0]} displayId=0 dragResizing=false compatScale=1.0 frameChanged=false attachedFrameChanged=false configChanged=true displayChanged=false compatScaleChanged=false dragResizingChanged=false
11-11 10:11:40.512  2200  2200 I VRI[CocktailBarService]@6281d53: handleResized mSyncSeqId = 8
11-11 10:11:40.512   835   835 I SehLight: lcd : 66-
11-11 10:11:40.512  2200  2200 I InsetsController: onStateChanged: host=TaskbarWindow, from=android.view.ViewRootImpl.handleResized:2789, state=InsetsState: {mDisplayFrame=Rect(0, 0 - 1200, 2000), mDisplayCutout=DisplayCutout{insets=Rect(0, 0 - 0, 0) waterfall=Insets{left=0, top=0, right=0, bottom=0} boundingRect={Bounds=[Rect(0, 0 - 0, 0), Rect(0, 0 - 0, 0), Rect(0, 0 - 0, 0), Rect(0, 0 - 0, 0)]} cutoutPathParserInfo={CutoutPathParserInfo{displayWidth=0 displayHeight=0 physicalDisplayWidth=0 physicalDisplayHeight=0 density={0.0} cutoutSpec={} rotation={0} scale={0.0} physicalPixelDisplaySizeRatio={0.0}}} sideOverrides=null}, mRoundedCorners=RoundedCorners{[RoundedCorner{position=TopLeft, radius=20, center=Point(20, 20)}, RoundedCorner{position=TopRight, radius=20, center=Point(1180, 20)}, RoundedCorner{position=BottomRight, radius=20, center=Point(1180, 1980)}, RoundedCorner{position=BottomLeft, radius=20, center=Point(20, 1980)}]}  mRoundedCornerFrame=Rect(0, 0 - 0, 0), mPrivacyIndicatorBounds=PrivacyIndicatorBounds {static bounds=Rect(1134, 0 - 1200, 36) rotation=0}, mDisplayShape=DisplayShape{ spec=-311912193 displayWidth=1200 displayHeight=2000 physicalPixelDisplaySizeRatio=1.0 rotation=0 offsetX=0 offsetY=0 scale=1.0}, mSources= { InsetsSource: {935b0004 mType=systemGestures mFrame=[0,0][0,0] mVisible=true mFlags= mSideHint=NONE mBoundingRects=null}, InsetsSource: {935b0005 mType=mandatorySystemGestures mFrame=[0,1928][1200,2000] mVisible=true mFlags= mSideHint=BOTTOM mBoundingRects=null}, InsetsSource: {935b0024 mType=systemGestures mFrame=[0,0][0,0] mVisible=true mFlags= mSideHint=NONE mBoundingRects=null}, InsetsSource: {216d0005 mType=mandatorySystemGestures mFrame=[0,0][1200,36] mVisible=true mFlags= mSideHint=TOP mBoundingRects=null} }
11-11 10:11:40.512  2200  2200 I VRI[TaskbarWindow]@80c13e8: handleResized, frames=ClientWindowFrames{frame=[0,1928][1200,2000] display=[0,0][1200,2000] parentFrame=[0,0][0,0]} displayId=0 dragResizing=false compatScale=1.0 frameChanged=false attachedFrameChanged=false configChanged=true displayChanged=false compatScaleChanged=false dragResizingChanged=false
11-11 10:11:40.513  2200  2200 I VRI[TaskbarWindow]@80c13e8: handleResized mSyncSeqId = 8
11-11 10:11:40.513   895   895 E SurfaceFlinger: alpha changed 1.000 -> 0.000 - Surface(name=WindowToken{da878ac type=2226 android.os.BinderProxy@301265f})/@0x218146e - animation-leash of token_transform#1837
11-11 10:11:40.513   895   895 E SurfaceFlinger: alpha changed 1.000 -> 0.000 - Surface(name=WindowToken{cdfec4d type=2024 android.os.BinderProxy@fdac033})/@0x477c650 - animation-leash of token_transform#1838
11-11 10:11:40.513   895   895 E SurfaceFlinger: alpha changed 1.000 -> 0.000 - Surface(name=WindowToken{5bda4fd type=2000 android.os.BinderProxy@1b5b4a7})/@0xd5d0a35 - animation-leash of token_transform#1839
11-11 10:11:40.513   895   895 I SurfaceFlinger: Layer [Transition Root: Display 0 name="Built-in Screen"#1841] hidden!! flag(0)
11-11 10:11:40.513   895   895 I SurfaceFlinger: Layer [BackColorSurface#1843] hidden!! flag(0)
11-11 10:11:40.513   895   895 I SurfaceFlinger: Layer [Animation leash of screenshot rotation#1842] hidden!! flag(0)
11-11 10:11:40.513   895   895 I SurfaceFlinger: [LayerHierarchy{RequestedLayerState{WindowedMagnification:0:31#2 parentId=1841 z=5} 7 children}] reparent to LayerHierarchy{RequestedLayerState{Transition Root: Display 0 name="Built-in Screen"#1841 parentId=48} 2 children}
11-11 10:11:40.513   895   895 I SurfaceFlinger: [LayerHierarchy{RequestedLayerState{ImeContainer#16 parentId=1803 relativeParentId=1813 z=1} 1 children}] RelativeParent to LayerHierarchy{RequestedLayerState{c315c8a com.frontieraudio.heartbeat/com.frontieraudio.heartbeat.MainActivity#1813 parentId=1803} 2 children}
11-11 10:11:40.513   895   895 I SurfaceFlinger: [LayerHierarchy{RequestedLayerState{RotationLayer_WmCore#1840 parentId=1842 z=2147483647} no children}] reparent to LayerHierarchy{RequestedLayerState{Animation leash of screenshot rotation#1842 parentId=1841 z=2010000} 1 children}
11-11 10:11:40.513   895   895 I SurfaceFlinger: [BackColorSurface#1843] attach to parent LayerHierarchy{RequestedLayerState{Transition Root: Display 0 name="Built-in Screen"#1841 parentId=48} 3 children}
11-11 10:11:40.514  1580  2428 D VRI[ScreenDecorOverlay]@ecc78de: cancelDraw returned false
11-11 10:11:40.514   835   835 I SehLight: lcd : 65+
11-11 10:11:40.516  1197  4652 V WindowManager: Relayout Window{705b777 u0 TaskbarWindow}: viewVisibility=0 req=1200x72 ty=2024 d0
11-11 10:11:40.516  2200  2200 I BLASTBufferQueue_Java: update, w= 1200 h= 72 mName = VRI[TaskbarWindow]@80c13e8 mNativeObject= 0xb4000079641bc000 sc.mNativeObject= 0xb400007963909f40 format= -3 caller= android.view.ViewRootImpl.updateBlastSurfaceIfNeeded:3386 android.view.ViewRootImpl.relayoutWindow:11361 android.view.ViewRootImpl.performTraversals:4544 android.view.ViewRootImpl.doTraversal:3708 android.view.ViewRootImpl$TraversalRunnable.run:12542 android.view.Choreographer$CallbackRecord.run:1751 
11-11 10:11:40.516  2200  2200 I VRI[TaskbarWindow]@80c13e8: Relayout returned: old=(0,1928,1200,2000) new=(0,1928,1200,2000) relayoutAsync=true req=(1200,72)0 dur=0 res=0x0 s={true 0xb400007a94ea1800} ch=false seqId=8
11-11 10:11:40.516  1580  2428 I BLASTBufferQueue_Java: update, w= 1200 h= 36 mName = VRI[ScreenDecorOverlayBottom]@cdc1e78 mNativeObject= 0xb40000794dc84000 sc.mNativeObject= 0xb40000794e05ecc0 format= -3 caller= android.view.ViewRootImpl.updateBlastSurfaceIfNeeded:3386 android.view.ViewRootImpl.relayoutWindow:11361 android.view.ViewRootImpl.performTraversals:4544 android.view.ViewRootImpl.doTraversal:3708 android.view.ViewRootImpl$TraversalRunnable.run:12542 android.view.Choreographer$CallbackRecord.run:1751 
11-11 10:11:40.516  2200  2200 I VRI[TaskbarWindow]@80c13e8: Creating new active sync group VRI[TaskbarWindow]@80c13e8#9
11-11 10:11:40.516  1580  2428 I VRI[ScreenDecorOverlayBottom]@cdc1e78: Relayout returned: old=(0,0,1200,36) new=(0,1964,1200,2000) relayoutAsync=true req=(1200,36)0 dur=1 res=0x0 s={true 0xb40000794e2d5800} ch=false seqId=2
11-11 10:11:40.518   821   821 I display : setColorTransform:: 0, 0
11-11 10:11:40.519  1197  2399 V WindowManager: Relayout Window{1571584 u0 ScreenDecorOverlayBottom}: viewVisibility=0 req=1200x36 ty=2024 d0
11-11 10:11:40.519   821   821 D android.hardware.graphics.composer@2.4-service: no set functions called prior to getDqeLut()
11-11 10:11:40.520  1197  2399 V WindowManager: Relayout hash=1571584, pid=0, syncId=-1: mAttrs={(0,0)(fillxwrap) gr=BOTTOM CENTER_VERTICAL sim={adjust=pan} layoutInDisplayCutoutMode=always ty=NAVIGATION_BAR_PANEL fmt=TRANSLUCENT
11-11 10:11:40.520  1197  2399 V WindowManager:   fl=20800138
11-11 10:11:40.520  1197  2399 V WindowManager:   pfl=31100050
11-11 10:11:40.520  1197  2399 V WindowManager:   vsysui=100
11-11 10:11:40.520  1197  2399 V WindowManager:   bhv=1
11-11 10:11:40.520  1197  2399 V WindowManager:   frameRateBoostOnTouch=true
11-11 10:11:40.520  1197  2399 V WindowManager:   dvrrWindowFrameRateHint=true naviIconColor=0}
11-11 10:11:40.520  1580  2428 D VRI[ScreenDecorOverlayBottom]@cdc1e78: cancelDraw returned false
11-11 10:11:40.521  1197  1239 D AsyncRotation_WindowManager: Start transaction is committed
11-11 10:11:40.521  1197  1239 D AsyncRotation_WindowManager: Continue pending completion Window{5fef443 u0 StatusBar}
11-11 10:11:40.521  1197  1239 D AsyncRotation_WindowManager: Complete directly Window{5fef443 u0 StatusBar}
11-11 10:11:40.521  1197  1239 D AsyncRotation_WindowManager: finishOp fade-in Window{5fef443 u0 StatusBar}
11-11 10:11:40.521  1197  4652 V WindowManager: Relayout hash=705b777, pid=0, syncId=-1: mAttrs={(0,0)(fillx72) gr=BOTTOM CENTER_VERTICAL sim={adjust=nothing} layoutInDisplayCutoutMode=always ty=NAVIGATION_BAR_PANEL fmt=TRANSLUCENT
11-11 10:11:40.521  1197  4652 V WindowManager:   fl=21840008
11-11 10:11:40.521  1197  4652 V WindowManager:   pfl=90001040
11-11 10:11:40.521  1197  4652 V WindowManager:   bhv=1
11-11 10:11:40.521  1197  4652 V WindowManager:   providedInsets:
11-11 10:11:40.521  1197  4652 V WindowManager:     InsetsFrameProvider: {id=#935b0001, index=0, type=navigationBars, source=FRAME, flags=[], insetsSize=Insets{left=0, top=0, right=0, bottom=72}, insetsSizeOverrides=[TypedInsetsSize: {windowType=INPUT_METHOD, insetsSize=Insets{left=0, top=0, right=0, bottom=72}}]}
11-11 10:11:40.521  1197  4652 V WindowManager:     InsetsFrameProvider: {id=#935b0006, index=0, type=tappableElement, source=FRAME, flags=[], insetsSize=Insets{left=0, top=0, right=0, bottom=72}, insetsSizeOverrides=[TypedInsetsSize: {windowType=INPUT_METHOD, insetsSize=Insets{left=0, top=0, right=0, bottom=72}}]}
11-11 10:11:40.521  1197  4652 V WindowManager:     InsetsFrameProvider: {id=#935b0005, index=0, type=mandatorySystemGestures, source=FRAME, flags=[], insetsSize=Insets{left=0, top=0, right=0, bottom=72}}
11-11 10:11:40.521  1197  4652 V WindowManager:     InsetsFrameProvider: {id=#935b0004, index=0, type=systemGestures, source=DISPLAY, flags=[], insetsSize=Insets{left=0, top=0, right=0, bottom=0}, mMinimalInsetsSizeInDisplayCutoutSafe=Insets{left=0, top=0, right=0, bottom=0}}
11-11 10:11:40.521  1197  4652 V WindowManager:     InsetsFrameProvider: {id=#935b0024, index=1, type=systemGestures, source=DISPLAY, flags=[], insetsSize=Insets{left=0, top=0, right=0, bottom=0}, mMinimalInsetsSizeInDisplayCutoutSafe=Insets{left=0, top=0, right=0, bottom=0}}
11-11 10:11:40.521  1197  4652 V WindowManager:   frameRateBoostOnTouch=true
11-11 10:11:40.521  1197  4652 V WindowManager:   dvrrWindowFrameRateHint=true naviIconColor=0}
11-11 10:11:40.521  1580  2428 D VRI[ScreenDecorOverlayBottom]@cdc1e78: Setup new sync=wmsSync-VRI[ScreenDecorOverlayBottom]@cdc1e78#65
11-11 10:11:40.522  1197  1239 D WindowManager: fadeWindowToken, show=true, animationType=token_transform, topWindow=Window{5fef443 u0 StatusBar}, token=WindowToken{5bda4fd type=2000 android.os.BinderProxy@1b5b4a7}, caller=com.android.server.wm.AsyncRotationController.finishOp:111 com.android.server.wm.DisplayContent.finishAsyncRotation:136 com.android.server.wm.AsyncRotationController$$ExternalSyntheticLambda4.onTransactionCommitted:165 android.view.SurfaceControl$Transaction$$ExternalSyntheticLambda4.run:0 android.os.Handler.handleCallback:959 
11-11 10:11:40.522  1197  1239 I WindowManager: Cancelling animation restarting=true, leash=Surface(name=Surface(name=WindowToken{5bda4fd type=2000 android.os.BinderProxy@1b5b4a7})/@0xd5d0a35 - animation-leash of token_transform)/@0x29a9ba
11-11 10:11:40.522  1197  1239 I WindowManager: Reparenting to original parent: Surface(name=Leaf:15:15)/@0x654652b, destroy=false, syncState=0, syncCommitDepth=1, surface=Surface(name=WindowToken{5bda4fd type=2000 android.os.BinderProxy@1b5b4a7})/@0xd5d0a35
11-11 10:11:40.522  1580  2428 I VRI[ScreenDecorOverlayBottom]@cdc1e78: Creating new active sync group VRI[ScreenDecorOverlayBottom]@cdc1e78#66
11-11 10:11:40.522  1197  1239 I WindowManager: Reparenting to leash, surface=Surface(name=WindowToken{5bda4fd type=2000 android.os.BinderProxy@1b5b4a7})/@0xd5d0a35, syncState=0, syncCommitDepth=1, leashParent=Surface(name=Leaf:15:15)/@0x654652b
11-11 10:11:40.522   895  2419 I SurfaceFlinger: id=1844 createSurf, flag=24004, Surface(name=WindowToken{5bda4fd type=2000 android.os.BinderProxy@1b5b4a7})/@0xd5d0a35 - animation-leash of token_transform#1844
11-11 10:11:40.523  1580  2428 D VRI[ScreenDecorOverlayBottom]@cdc1e78: Draw frame after cancel
11-11 10:11:40.523  2200  3848 I VRI[TaskbarWindow]@80c13e8: mWNT: t=0xb400007a9519ac80 mBlastBufferQueue=0xb4000079641bc000 fn= 3418 HdrRenderState mRenderHdrSdrRatio=1.0 caller= android.view.ViewRootImpl$11.onFrameDraw:15016 android.view.ThreadedRenderer$1.onFrameDraw:761 <bottom of call stack> 
11-11 10:11:40.523  1197  1239 D WindowManager: makeSurface duration=1 leash=Surface(name=Surface(name=WindowToken{5bda4fd type=2000 android.os.BinderProxy@1b5b4a7})/@0xd5d0a35 - animation-leash of token_transform)/@0x2f5c755
11-11 10:11:40.523  2200  3848 I VRI[TaskbarWindow]@80c13e8: Setting up sync and frameCommitCallback
11-11 10:11:40.523  1580  2428 D VRI[ScreenDecorOverlayBottom]@cdc1e78: registerCallbacksForSync syncBuffer=true
11-11 10:11:40.524  1580  2275 D VRI[ScreenDecorOverlayBottom]@cdc1e78: Received frameDrawingCallback syncResult=0 frameNum=24.
11-11 10:11:40.524  1580  2275 I VRI[ScreenDecorOverlayBottom]@cdc1e78: mWNT: t=0xb40000794fc2ce00 mBlastBufferQueue=0xb40000794dc84000 fn= 24 HdrRenderState mRenderHdrSdrRatio=1.0 caller= android.view.ViewRootImpl$11.onFrameDraw:15016 android.view.ThreadedRenderer$1.onFrameDraw:761 <bottom of call stack> 
11-11 10:11:40.525  1580  2275 I VRI[ScreenDecorOverlayBottom]@cdc1e78: Setting up sync and frameCommitCallback
11-11 10:11:40.525  1580  2275 I BLASTBufferQueue_Java: syncNextTransaction, mName= VRI[ScreenDecorOverlayBottom]@cdc1e78 acquireSingleBuffer= true mNativeObject= 0xb40000794dc84000 callback= android.view.ViewRootImpl$11$$ExternalSyntheticLambda2@284fe83 caller= android.graphics.BLASTBufferQueue.syncNextTransaction:151 android.view.ViewRootImpl$11.onFrameDraw:15042 android.view.ThreadedRenderer$1.onFrameDraw:761 <bottom of call stack> <bottom of call stack> <bottom of call stack> 
11-11 10:11:40.525  1580  2275 I BLASTBufferQueue: [VRI[ScreenDecorOverlayBottom]@cdc1e78#113](f:0,a:1,s:0) syncNextTransaction, callback: 1, acquireSingleBuffer: 1, mTransactionReadyCallback: 0
11-11 10:11:40.527   855   871 I sysinput:aidl: onReportInformation:91, 1, cmd@set_grip_data,0,2,425,667:
11-11 10:11:40.528  1580  1879 I BLASTBufferQueue: [VRI[ScreenDecorOverlayBottom]@cdc1e78#113](f:0,a:1,s:0) onFrameAvailable-start syncTransactionSet=true
11-11 10:11:40.528  1580  1879 I BLASTBufferQueue: [VRI[ScreenDecorOverlayBottom]@cdc1e78#113](f:0,a:1,s:0) onFrameAvailable framenumber=24 syncTransactionSet=true
11-11 10:11:40.528  1197  1472 D SysinputHAL_AIDL: setProperty(TSP(1)): CMD, set_grip_data,0,2,425,667 ret=0
11-11 10:11:40.528   855   871 I sysinput:Touch1: operator():233, OK
11-11 10:11:40.528  1580  1879 I BLASTBufferQueue: [VRI[ScreenDecorOverlayBottom]@cdc1e78#113](f:1,a:1,s:0) onFrameAvailable framenumber=24 syncTransactionSet=true
11-11 10:11:40.528  1580  1879 I BLASTBufferQueue: [VRI[ScreenDecorOverlayBottom]@cdc1e78#113](f:0,a:2,s:1) mergePendingTransactions t: 6786048352553, frameNumber: 24
11-11 10:11:40.528  1580  1879 I BLASTBufferQueue: [VRI[ScreenDecorOverlayBottom]@cdc1e78#113] transaction merge. this(id: 6786048352553, fn: 24). other(id: 6786048352552, fn: 24)
11-11 10:11:40.528  1580  1879 I BLASTBufferQueue: [VRI[ScreenDecorOverlayBottom]@cdc1e78#113](f:0,a:2,s:1) acquireNextBufferLocked t: 6786048352553, mLastAppliedFrameNumber: 23
11-11 10:11:40.528  1580  1879 I BLASTBufferQueue: [VRI[ScreenDecorOverlayBottom]@cdc1e78#113](f:0,a:2,s:1) acquireNextBufferLocked size=1200x36 mFrameNumber=24 applyTransaction=false mTimestamp=47028384986208(auto) mPendingTransactions.size=0 graphicBufferId=6786048328580 transform=0
11-11 10:11:40.529  1580  1879 I VRI[ScreenDecorOverlayBottom]@cdc1e78: Received ready transaction from native, debugName=syncBuffer_VRI[ScreenDecorOverlayBottom]@cdc1e78#66
11-11 10:11:40.529   835   835 I SehLight: lcd : 65-
11-11 10:11:40.529   895   895 I SurfaceFlinger: [Surface(name=WindowToken{5bda4fd type=2000 android.os.BinderProxy@1b5b4a7})/@0xd5d0a35 - animation-leash of token_transform#1844] attach to parent LayerHierarchy{RequestedLayerState{Leaf:15:15#19 parentId=18} 2 children}
11-11 10:11:40.530  1580  1879 I VRI[ScreenDecorOverlayBottom]@cdc1e78: Received frameCommittedCallback lastAttemptedDrawFrameNum=24 didProduceBuffer=true
11-11 10:11:40.531   835   835 I SehLight: lcd : 64+
11-11 10:11:40.531  1197  1241 D PowerManagerService: [api] setPowerBoost(L) boost:0, durationMs:0, caller (uid: 1000 pid: 1197) <- m() in com.android.server.display.DisplayManagerService$BinderService$$ExternalSyntheticOutline0:1
11-11 10:11:40.531  1580  2428 D VRI[ScreenDecorOverlayBottom]@cdc1e78: reportDrawFinished seqId=2
11-11 10:11:40.531  2200  2837 I VRI[TaskbarWindow]@80c13e8: Received frameCommittedCallback lastAttemptedDrawFrameNum=3418 didProduceBuffer=true
11-11 10:11:40.531  1580  2428 I SurfaceComposerClient: uncacheWithoutTransaction() cacheId: 6786048328580
11-11 10:11:40.533  1197  3425 D WindowManager: finishDrawingWindow: Window{705b777 u0 TaskbarWindow} mDrawState=DRAW_PENDING seqId=8
11-11 10:11:40.533  1580  2428 I BLASTBufferQueue_Java: update, w= 1200 h= 36 mName = VRI[ScreenDecorOverlay]@ecc78de mNativeObject= 0xb40000794dc52800 sc.mNativeObject= 0xb40000794df44c40 format= -3 caller= android.view.ViewRootImpl.updateBlastSurfaceIfNeeded:3386 android.view.ViewRootImpl.relayoutWindow:11361 android.view.ViewRootImpl.performTraversals:4544 android.view.ViewRootImpl.doTraversal:3708 android.view.ViewRootImpl$TraversalRunnable.run:12542 android.view.Choreographer$CallbackRecord.run:1751 
11-11 10:11:40.533  1197  3425 I WindowManager: finishDrawing of orientation change: Window{705b777 u0 TaskbarWindow} 106ms
11-11 10:11:40.533  1197  3425 D AsyncRotation_WindowManager: handleFinishDrawing Window{705b777 u0 TaskbarWindow}
11-11 10:11:40.533  1197  3425 D AsyncRotation_WindowManager: Complete directly Window{705b777 u0 TaskbarWindow}
11-11 10:11:40.534  1197  3425 D AsyncRotation_WindowManager: finishOp fade-in Window{705b777 u0 TaskbarWindow}
11-11 10:11:40.534  1580  2428 I VRI[ScreenDecorOverlay]@ecc78de: Relayout returned: old=(0,1964,1200,2000) new=(0,0,1200,36) relayoutAsync=true req=(1200,36)0 dur=0 res=0x0 s={true 0xb40000794e2d3000} ch=false seqId=2
11-11 10:11:40.534  2200  2200 I BLASTBufferQueue_Java: update, w= 67 h= 242 mName = VRI[CocktailBarService]@6281d53 mNativeObject= 0xb400007a6adc4100 sc.mNativeObject= 0xb400007950c37c80 format= -2 caller= android.view.ViewRootImpl.updateBlastSurfaceIfNeeded:3386 android.view.ViewRootImpl.relayoutWindow:11361 android.view.ViewRootImpl.performTraversals:4544 android.view.ViewRootImpl.doTraversal:3708 android.view.ViewRootImpl$TraversalRunnable.run:12542 android.view.Choreographer$CallbackRecord.run:1751 
11-11 10:11:40.534  2200  2200 I VRI[CocktailBarService]@6281d53: Relayout returned: old=(1133,425,1200,667) new=(1133,425,1200,667) relayoutAsync=true req=(67,242)0 dur=1 res=0x0 s={true 0xb40000793b186000} ch=false seqId=8
11-11 10:11:40.534  1197  3425 D WindowManager: fadeWindowToken, show=true, animationType=token_transform, topWindow=Window{705b777 u0 TaskbarWindow}, token=WindowToken{cdfec4d type=2024 android.os.BinderProxy@fdac033}, caller=com.android.server.wm.AsyncRotationController.finishOp:111 com.android.server.wm.DisplayContent.finishAsyncRotation:136 com.android.server.wm.WindowState.finishDrawing:571 com.android.server.wm.Session.finishDrawing:153 android.view.IWindowSession$Stub.onTransact:926 
11-11 10:11:40.534  1197  3425 I WindowManager: Cancelling animation restarting=true, leash=Surface(name=Surface(name=WindowToken{cdfec4d type=2024 android.os.BinderProxy@fdac033})/@0x477c650 - animation-leash of token_transform)/@0xf1f5ae5
11-11 10:11:40.534  1197  3425 I WindowManager: Reparenting to original parent: Surface(name=Leaf:24:25)/@0xac161a5, destroy=false, syncState=0, syncCommitDepth=0, surface=Surface(name=WindowToken{cdfec4d type=2024 android.os.BinderProxy@fdac033})/@0x477c650
11-11 10:11:40.534  1197  3425 I WindowManager: Reparenting to leash, surface=Surface(name=WindowToken{cdfec4d type=2024 android.os.BinderProxy@fdac033})/@0x477c650, syncState=0, syncCommitDepth=0, leashParent=Surface(name=Leaf:24:25)/@0xac161a5
11-11 10:11:40.535  2200  2200 I VRI[CocktailBarService]@6281d53: Creating new active sync group VRI[CocktailBarService]@6281d53#11
11-11 10:11:40.535  1580  2428 D VRI[ScreenDecorOverlay]@ecc78de: Setup new sync=wmsSync-VRI[ScreenDecorOverlay]@ecc78de#68
11-11 10:11:40.535  1580  2428 I VRI[ScreenDecorOverlay]@ecc78de: Creating new active sync group VRI[ScreenDecorOverlay]@ecc78de#69
11-11 10:11:40.535   895   947 I SurfaceFlinger: id=1845 createSurf, flag=24004, Surface(name=WindowToken{cdfec4d type=2024 android.os.BinderProxy@fdac033})/@0x477c650 - animation-leash of token_transform#1845
11-11 10:11:40.535  1580  2428 D VRI[ScreenDecorOverlay]@ecc78de: Draw frame after cancel
11-11 10:11:40.536  1580  2428 D VRI[ScreenDecorOverlay]@ecc78de: registerCallbacksForSync syncBuffer=true
11-11 10:11:40.536  1197  3425 D WindowManager: makeSurface duration=1 leash=Surface(name=Surface(name=WindowToken{cdfec4d type=2024 android.os.BinderProxy@fdac033})/@0x477c650 - animation-leash of token_transform)/@0x25dfa5b
11-11 10:11:40.537  1197  4467 D WindowManager: finishDrawingWindow: Window{1571584 u0 ScreenDecorOverlayBottom} mDrawState=DRAW_PENDING seqId=2
11-11 10:11:40.537  1580  2276 D VRI[ScreenDecorOverlay]@ecc78de: Received frameDrawingCallback syncResult=0 frameNum=15.
11-11 10:11:40.537  1197  4467 D WindowManager: finishDrawingWindow: syncBuffer=syncBuffer_VRI[ScreenDecorOverlayBottom]@cdc1e78#66_seqId<2>
11-11 10:11:40.537  1197  4467 I WindowManager: finishDrawing of orientation change: Window{1571584 u0 ScreenDecorOverlayBottom} 110ms
11-11 10:11:40.537  1197  4467 D WindowManager: executeDrawHandlers, seqId=2, h.mSeqId=2, hadHandlers=true, win=Window{1571584 u0 ScreenDecorOverlayBottom}
11-11 10:11:40.537  1197  4467 D AsyncRotation_WindowManager: handleFinishDrawing Window{1571584 u0 ScreenDecorOverlayBottom}
11-11 10:11:40.537  1580  2276 I VRI[ScreenDecorOverlay]@ecc78de: mWNT: t=0xb40000794fc2d580 mBlastBufferQueue=0xb40000794dc52800 fn= 15 HdrRenderState mRenderHdrSdrRatio=1.0 caller= android.view.ViewRootImpl$11.onFrameDraw:15016 android.view.ThreadedRenderer$1.onFrameDraw:761 <bottom of call stack> 
11-11 10:11:40.537  1580  2276 I VRI[ScreenDecorOverlay]@ecc78de: Setting up sync and frameCommitCallback
11-11 10:11:40.537  1197  4467 D AsyncRotation_WindowManager: handleFinishDrawing, merged drawTransaction=syncBuffer_VRI[ScreenDecorOverlayBottom]@cdc1e78#66_seqId<2>, w=Window{1571584 u0 ScreenDecorOverlayBottom}
11-11 10:11:40.537  1580  2276 I BLASTBufferQueue_Java: syncNextTransaction, mName= VRI[ScreenDecorOverlay]@ecc78de acquireSingleBuffer= true mNativeObject= 0xb40000794dc52800 callback= android.view.ViewRootImpl$11$$ExternalSyntheticLambda2@e0dbafb caller= android.graphics.BLASTBufferQueue.syncNextTransaction:151 android.view.ViewRootImpl$11.onFrameDraw:15042 android.view.ThreadedRenderer$1.onFrameDraw:761 <bottom of call stack> <bottom of call stack> <bottom of call stack> 
11-11 10:11:40.537  1197  4467 D AsyncRotation_WindowManager: Complete directly Window{1571584 u0 ScreenDecorOverlayBottom}
11-11 10:11:40.537  1580  2276 I BLASTBufferQueue: [VRI[ScreenDecorOverlay]@ecc78de#112](f:0,a:1,s:0) syncNextTransaction, callback: 1, acquireSingleBuffer: 1, mTransactionReadyCallback: 0
11-11 10:11:40.538  1197  4467 D AsyncRotation_WindowManager: finishOp merge transaction Window{1571584 u0 ScreenDecorOverlayBottom}
11-11 10:11:40.538  2200  3849 I VRI[CocktailBarService]@6281d53: mWNT: t=0xb400007a9519b100 mBlastBufferQueue=0xb400007a6adc4100 fn= 3 HdrRenderState mRenderHdrSdrRatio=1.0 caller= android.view.ViewRootImpl$11.onFrameDraw:15016 android.view.ThreadedRenderer$1.onFrameDraw:761 <bottom of call stack> 
11-11 10:11:40.538  1197  4467 D AsyncRotation_WindowManager: finishOp undo seamless Window{1571584 u0 ScreenDecorOverlayBottom}
11-11 10:11:40.538  2200  3849 I VRI[CocktailBarService]@6281d53: Setting up sync and frameCommitCallback
11-11 10:11:40.538  1197  4467 D WindowManager: finishDrawing, postDrawTransaction=null, syncTransaction=null, pendingTransaction=syncBuffer_VRI[ScreenDecorOverlayBottom]@cdc1e78#66_seqId<2>, w=Window{1571584 u0 ScreenDecorOverlayBottom}
11-11 10:11:40.540  1197  1240 V WindowManager: performShowLocked: mDrawState=HAS_DRAWN in Window{1571584 u0 ScreenDecorOverlayBottom}
11-11 10:11:40.540  1197  1240 V WindowManager: performShowLocked: mDrawState=HAS_DRAWN in Window{705b777 u0 TaskbarWindow}
11-11 10:11:40.540  1580  1879 I BLASTBufferQueue: [VRI[ScreenDecorOverlay]@ecc78de#112](f:0,a:1,s:0) onFrameAvailable-start syncTransactionSet=true
11-11 10:11:40.540  1580  1879 I BLASTBufferQueue: [VRI[ScreenDecorOverlay]@ecc78de#112](f:0,a:1,s:0) onFrameAvailable framenumber=15 syncTransactionSet=true
11-11 10:11:40.541  1580  1879 I BLASTBufferQueue: [VRI[ScreenDecorOverlay]@ecc78de#112](f:1,a:1,s:0) onFrameAvailable framenumber=15 syncTransactionSet=true
11-11 10:11:40.541  1580  1879 I BLASTBufferQueue: [VRI[ScreenDecorOverlay]@ecc78de#112](f:0,a:2,s:1) mergePendingTransactions t: 6786048352564, frameNumber: 15
11-11 10:11:40.541  1580  1879 I BLASTBufferQueue: [VRI[ScreenDecorOverlay]@ecc78de#112] transaction merge. this(id: 6786048352564, fn: 15). other(id: 6786048352563, fn: 15)
11-11 10:11:40.541  1580  1879 I BLASTBufferQueue: [VRI[ScreenDecorOverlay]@ecc78de#112](f:0,a:2,s:1) acquireNextBufferLocked t: 6786048352564, mLastAppliedFrameNumber: 14
11-11 10:11:40.541  1580  1879 I BLASTBufferQueue: [VRI[ScreenDecorOverlay]@ecc78de#112](f:0,a:2,s:1) acquireNextBufferLocked size=1200x36 mFrameNumber=15 applyTransaction=false mTimestamp=47028397570515(auto) mPendingTransactions.size=0 graphicBufferId=6786048328581 transform=0
11-11 10:11:40.541  1197  4467 V WindowManager: Relayout Window{28093d8 u0 ScreenDecorOverlay}: viewVisibility=0 req=1200x36 ty=2024 d0
11-11 10:11:40.542  1580  1879 I VRI[ScreenDecorOverlay]@ecc78de: Received ready transaction from native, debugName=syncBuffer_VRI[ScreenDecorOverlay]@ecc78de#69
11-11 10:11:40.542  2200  2837 I VRI[CocktailBarService]@6281d53: Received frameCommittedCallback lastAttemptedDrawFrameNum=3 didProduceBuffer=true
11-11 10:11:40.542  1580  1879 I VRI[ScreenDecorOverlay]@ecc78de: Received frameCommittedCallback lastAttemptedDrawFrameNum=15 didProduceBuffer=true
11-11 10:11:40.543  1580  2428 D VRI[ScreenDecorOverlay]@ecc78de: reportDrawFinished seqId=2
11-11 10:11:40.543  1580  2428 I SurfaceComposerClient: uncacheWithoutTransaction() cacheId: 6786048328581
11-11 10:11:40.544  2200  2200 I VRI[LauncherActivity]@6acf2be: onDisplayChanged oldDisplayState=2 newDisplayState=2
11-11 10:11:40.544  2200  2200 I VRI[RecentsTransitionOverlay]@35ff266: onDisplayChanged oldDisplayState=2 newDisplayState=2
11-11 10:11:40.544  2200 27280 I HoneySpace.Memory-Monitor: current state = 2, didTrim = false
11-11 10:11:40.544  2200  2200 I VRI[TaskbarWindow]@80c13e8: onDisplayChanged oldDisplayState=2 newDisplayState=2
11-11 10:11:40.544  2200  2200 I VRI[CocktailBarService]@6281d53: onDisplayChanged oldDisplayState=2 newDisplayState=2
11-11 10:11:40.544  1197  3425 V WindowManager: Relayout Window{b650d0a u0 com.sec.android.app.launcher/com.samsung.app.honeyspace.edge.edgepanel.app.CocktailBarService}: viewVisibility=0 req=67x242 ty=2226 d0
11-11 10:11:40.544  2200  2200 I VRI[RecentsActivity]@d7b2a38: onDisplayChanged oldDisplayState=2 newDisplayState=2
11-11 10:11:40.545  1197  4467 V WindowManager: Relayout hash=28093d8, pid=0, syncId=-1: mAttrs={(0,0)(fillxwrap) gr=TOP CENTER_VERTICAL sim={adjust=pan} layoutInDisplayCutoutMode=always ty=NAVIGATION_BAR_PANEL fmt=TRANSLUCENT
11-11 10:11:40.545  1197  4467 V WindowManager:   fl=20800138
11-11 10:11:40.545  1197  4467 V WindowManager:   pfl=31100050
11-11 10:11:40.545  1197  4467 V WindowManager:   vsysui=100
11-11 10:11:40.545  1197  4467 V WindowManager:   bhv=1
11-11 10:11:40.545  1197  4467 V WindowManager:   frameRateBoostOnTouch=true
11-11 10:11:40.545  1197  4467 V WindowManager:   dvrrWindowFrameRateHint=true naviIconColor=0}
11-11 10:11:40.546   835   835 I SehLight: lcd : 64-
11-11 10:11:40.546   895   895 E SurfaceFlinger: alpha changed 1.000 -> 0.000 - Surface(name=WindowToken{5bda4fd type=2000 android.os.BinderProxy@1b5b4a7})/@0xd5d0a35 - animation-leash of token_transform#1844
11-11 10:11:40.546   895   895 I SurfaceFlinger: Layer [Surface(name=WindowToken{5bda4fd typ[...]mation-leash of token_transform#1844] hidden!! flag(0)
11-11 10:11:40.546   895   895 E SurfaceFlinger: alpha changed 0.000 -> 0.000 - Surface(name=WindowToken{5bda4fd type=2000 android.os.BinderProxy@1b5b4a7})/@0xd5d0a35 - animation-leash of token_transform#1844
11-11 10:11:40.546   895   895 I SurfaceFlinger: [LayerHierarchy{RequestedLayerState{WindowToken{5bda4fd type=2000 android.os.BinderProxy@1b5b4a7}#86 parentId=1844} 1 children}] reparent to LayerHierarchy{RequestedLayerState{Surface(name=WindowToken{5bda4fd type=2000 android.os.BinderProxy@1b5b4a7})/@0xd5d0a35 - animation-leash of token_transform#1844 parentId=19} 1 children}
11-11 10:11:40.547   895   895 I SurfaceFlinger: [LayerHierarchy{RequestedLayerState{Surface(name=WindowToken{5bda4fd type=2000 android.os.BinderProxy@1b5b4a7})/@0xd5d0a35 - animation-leash of token_transform#1839} no children}] reparent to OffscreenRoot
11-11 10:11:40.547   895   895 I SurfaceFlinger: [LayerHierarchy{RequestedLayerState{Surface(name=WindowToken{5bda4fd type=2000 android.os.BinderProxy@1b5b4a7})/@0xd5d0a35 - animation-leash of token_transform#1839} no children}] RelativeParent to null
11-11 10:11:40.547   895   895 I SurfaceFlinger: [Surface(name=WindowToken{cdfec4d type=2024 android.os.BinderProxy@fdac033})/@0x477c650 - animation-leash of token_transform#1845] attach to parent LayerHierarchy{RequestedLayerState{Leaf:24:25#31 parentId=2 z=5} 2 children}
11-11 10:11:40.548  1197  1240 I SurfaceComposerClient: setTransactionState with buffer. layerId: 1825, bufferData(ID: 6786048328580, frameNumber: 24, barrierFrameNumber: 23)
11-11 10:11:40.548  1197  3425 V WindowManager: Relayout hash=b650d0a, pid=0, syncId=-1: mAttrs={(0,425)(67x242) gr=TOP RIGHT CENTER sim={adjust=nothing forwardNavigation} layoutInDisplayCutoutMode=shortEdges ty=2226 fmt=TRANSPARENT
11-11 10:11:40.548  1197  3425 V WindowManager:   fl=81800108
11-11 10:11:40.548  1197  3425 V WindowManager:   pfl=10000070
11-11 10:11:40.548  1197  3425 V WindowManager:   apr=10
11-11 10:11:40.548  1197  3425 V WindowManager:   bhv=1
11-11 10:11:40.548  1197  3425 V WindowManager:   frameRateBoostOnTouch=true
11-11 10:11:40.548  1197  3425 V WindowManager:   dvrrWindowFrameRateHint=true
11-11 10:11:40.548  1197  3425 V WindowManager:  dimAmount=0.0 dimDuration=0 naviIconColor=0
11-11 10:11:40.548  1197  3425 V WindowManager:   sfl=20000}
11-11 10:11:40.549   835   835 I SehLight: lcd : 63+
11-11 10:11:40.549   895   947 I SurfaceFlinger: [ScreenDecorOverlayBottom$_1580#1825] setTransactionState with buffer. bufferData(ID: 6786048328580, frameNumber: 24, barrierFrameNumber: 23
11-11 10:11:40.550  1197  1240 I SurfaceControlRegistry: apply, t=syncBuffer_VRI[ScreenDecorOverlayBottom]@cdc1e78#66_seqId<2>, caller=android.view.SurfaceControl$Transaction.apply:3135 android.view.SurfaceControl$Transaction.apply:3122 android.view.SurfaceControl$Transaction.apply:3078 com.android.server.wm.WindowAnimator.animate:380 com.android.server.wm.WindowAnimator$$ExternalSyntheticLambda1.doFrame:14 android.view.Choreographer$CallbackRecord.run:1749 
11-11 10:11:40.551  1197  4467 D WindowManager: finishDrawingWindow: Window{b650d0a u0 com.sec.android.app.launcher/com.samsung.app.honeyspace.edge.edgepanel.app.CocktailBarService} mDrawState=DRAW_PENDING seqId=8
11-11 10:11:40.551  1197  4467 I WindowManager: finishDrawing of orientation change: Window{b650d0a u0 com.sec.android.app.launcher/com.samsung.app.honeyspace.edge.edgepanel.app.CocktailBarService} 124ms
11-11 10:11:40.551  1197  4467 D AsyncRotation_WindowManager: handleFinishDrawing Window{b650d0a u0 com.sec.android.app.launcher/com.samsung.app.honeyspace.edge.edgepanel.app.CocktailBarService}
11-11 10:11:40.551  1197  4467 D AsyncRotation_WindowManager: Complete directly Window{b650d0a u0 com.sec.android.app.launcher/com.samsung.app.honeyspace.edge.edgepanel.app.CocktailBarService}
11-11 10:11:40.551  1197  4467 D AsyncRotation_WindowManager: finishOp fade-in Window{b650d0a u0 com.sec.android.app.launcher/com.samsung.app.honeyspace.edge.edgepanel.app.CocktailBarService}
11-11 10:11:40.551  1197  4467 D WindowManager: fadeWindowToken, show=true, animationType=token_transform, topWindow=Window{b650d0a u0 com.sec.android.app.launcher/com.samsung.app.honeyspace.edge.edgepanel.app.CocktailBarService}, token=WindowToken{da878ac type=2226 android.os.BinderProxy@301265f}, caller=com.android.server.wm.AsyncRotationController.finishOp:111 com.android.server.wm.DisplayContent.finishAsyncRotation:136 com.android.server.wm.WindowState.finishDrawing:571 com.android.server.wm.Session.finishDrawing:153 android.view.IWindowSession$Stub.onTransact:926 
11-11 10:11:40.552  1197  4467 I WindowManager: Cancelling animation restarting=true, leash=Surface(name=Surface(name=WindowToken{da878ac type=2226 android.os.BinderProxy@301265f})/@0x218146e - animation-leash of token_transform)/@0x1c3b9dc
11-11 10:11:40.552  1197  4467 I WindowManager: Reparenting to original parent: Surface(name=Leaf:18:23)/@0x58e670f, destroy=false, syncState=0, syncCommitDepth=0, surface=Surface(name=WindowToken{da878ac type=2226 android.os.BinderProxy@301265f})/@0x218146e
11-11 10:11:40.552  1197  4467 I WindowManager: Reparenting to leash, surface=Surface(name=WindowToken{da878ac type=2226 android.os.BinderProxy@301265f})/@0x218146e, syncState=0, syncCommitDepth=0, leashParent=Surface(name=Leaf:18:23)/@0x58e670f
11-11 10:11:40.553   895   947 I SurfaceFlinger: id=1846 createSurf, flag=24004, Surface(name=WindowToken{da878ac type=2226 android.os.BinderProxy@301265f})/@0x218146e - animation-leash of token_transform#1846
11-11 10:11:40.553  1197  4467 D WindowManager: makeSurface duration=1 leash=Surface(name=Surface(name=WindowToken{da878ac type=2226 android.os.BinderProxy@301265f})/@0x218146e - animation-leash of token_transform)/@0x89883d1
11-11 10:11:40.555  1197  1240 V WindowManager: performShowLocked: mDrawState=HAS_DRAWN in Window{b650d0a u0 com.sec.android.app.launcher/com.samsung.app.honeyspace.edge.edgepanel.app.CocktailBarService}
11-11 10:11:40.556  1197  4652 D WindowManager: finishDrawingWindow: Window{28093d8 u0 ScreenDecorOverlay} mDrawState=DRAW_PENDING seqId=2
11-11 10:11:40.556  1197  4652 D WindowManager: finishDrawingWindow: syncBuffer=syncBuffer_VRI[ScreenDecorOverlay]@ecc78de#69_seqId<2>
11-11 10:11:40.556  1197  4652 I WindowManager: finishDrawing of orientation change: Window{28093d8 u0 ScreenDecorOverlay} 129ms
11-11 10:11:40.556  1197  4652 D WindowManager: executeDrawHandlers, seqId=2, h.mSeqId=2, hadHandlers=true, win=Window{28093d8 u0 ScreenDecorOverlay}
11-11 10:11:40.556  1197  4652 D AsyncRotation_WindowManager: handleFinishDrawing Window{28093d8 u0 ScreenDecorOverlay}
11-11 10:11:40.556  1197  4652 D AsyncRotation_WindowManager: handleFinishDrawing, merged drawTransaction=syncBuffer_VRI[ScreenDecorOverlay]@ecc78de#69_seqId<2>, w=Window{28093d8 u0 ScreenDecorOverlay}
11-11 10:11:40.556  1197  4652 D AsyncRotation_WindowManager: Complete directly Window{28093d8 u0 ScreenDecorOverlay}
11-11 10:11:40.557  1197  4652 D AsyncRotation_WindowManager: finishOp merge transaction Window{28093d8 u0 ScreenDecorOverlay}
11-11 10:11:40.557  1197  4652 D AsyncRotation_WindowManager: finishOp undo seamless Window{28093d8 u0 ScreenDecorOverlay}
11-11 10:11:40.557  1197  4652 D AsyncRotation_WindowManager: onAllCompleted
11-11 10:11:40.557  1197  4652 D WindowManager: finishDrawing, postDrawTransaction=null, syncTransaction=null, pendingTransaction=syncBuffer_VRI[ScreenDecorOverlay]@ecc78de#69_seqId<2>, w=Window{28093d8 u0 ScreenDecorOverlay}
11-11 10:11:40.559   895   895 D SurfaceFlinger: Display 4633128672291735931 HWC layers:
11-11 10:11:40.559   895   895 D SurfaceFlinger:   SOLID_COLOR |                      | 0003 | Unknown      |    0.0    0.0    0.0    0.0 |    0    0 1200 2000 | BackColorSurface#1843
11-11 10:11:40.559   895   895 D SurfaceFlinger:        CLIENT |   0xb400007000bfc180 | 0001 | RGBA_8888    |    0.0    0.0 1200.0 2000.0 |    0    0 1200 2000 | com.frontieraudio.heartbeat/com.fron[...]o.heartbeat.MainActivity$_28209#1814 (3)
11-11 10:11:40.559   895   895 D SurfaceFlinger:        CLIENT |   0xb400007000bc5480 | 0003 | RGBA_8888    |    0.0    0.0 1200.0 2000.0 |    0    0 1200 2000 | RotationLayer_WmCore#1840 (100)
11-11 10:11:40.559   895   895 D SurfaceFlinger:        DEVICE |   0xb400007000bc7700 | 0041 | RGBA_8888    |    0.0    0.0 1200.0   36.0 |    0    0 1200   36 | ScreenDecorOverlay$_1580#1824 (14)
11-11 10:11:40.559   895   895 D SurfaceFlinger:        DEVICE |   0xb400007000bc7a00 | 0041 | RGBA_8888    |    0.0    0.0 1200.0   36.0 |    0 1964 1200 2000 | ScreenDecorOverlayBottom$_1580#1825 (23)
11-11 10:11:40.559   895   895 D SurfaceFlinger: 
11-11 10:11:40.561  1197  1427 V MdnieScenarioControlService: mAclOffEnabled : false
11-11 10:11:40.562   835   835 I SehLight: lcd : 63-
